Component: ARM Compiler 5.06 update 7 (build 960) Tool: armlink [4d3601]

==============================================================================

Section Cross References

    main.o(.text) refers to lv_label.o(.text) for lv_label_create
    main.o(.text) refers to lv_obj_pos.o(.text) for lv_obj_set_width
    main.o(.text) refers to delay_1.o(.text) for delay_init
    main.o(.text) refers to lv_obj.o(.text) for lv_init
    main.o(.text) refers to lv_port_disp_template.o(.text) for lv_port_disp_init
    main.o(.text) refers to lv_timer.o(.text) for lv_timer_handler
    main.o(.text) refers to lv_hal_disp.o(.text) for lv_disp_get_default
    main.o(.text) refers to lv_disp.o(.text) for lv_disp_get_scr_act
    system_stm32f4xx.o(.text) refers to system_stm32f4xx.o(.data) for SystemCoreClock
    led.o(.text) refers to stm32f4xx_rcc.o(.text) for RCC_AHB1PeriphClockCmd
    led.o(.text) refers to stm32f4xx_gpio.o(.text) for GPIO_Init
    lcd_init.o(.text) refers to stm32f4xx_rcc.o(.text) for RCC_AHB1PeriphClockCmd
    lcd_init.o(.text) refers to stm32f4xx_gpio.o(.text) for GPIO_Init
    lcd_init.o(.text) refers to delay_1.o(.text) for delay_ms
    lcd.o(.text) refers to lcd_init.o(.text) for LCD_Address_Set
    lcd.o(.text) refers to lcd.o(.constdata) for tfont32
    touch.o(.text) refers to delay_1.o(.text) for delay_us
    touch.o(.text) refers to lcd.o(.text) for LCD_DrawLine
    touch.o(.text) refers to touch.o(.data) for CMD_RDX
    touch.o(.text) refers to dflt_clz.o(x$fpl$dfltu) for __aeabi_ui2d
    touch.o(.text) refers to sqrt.o(i.__hardfp_sqrt) for __hardfp_sqrt
    touch.o(.text) refers to dfixu.o(x$fpl$dfixu) for __aeabi_d2uiz
    touch.o(.text) refers to f2d.o(x$fpl$f2d) for __aeabi_f2d
    touch.o(.text) refers to dleqf.o(x$fpl$dleqf) for __aeabi_cdcmple
    touch.o(.text) refers to drleqf.o(x$fpl$drleqf) for __aeabi_cdrcmple
    touch.o(.data) refers to touch.o(.text) for TP_Init
    timer.o(.text) refers to stm32f4xx_rcc.o(.text) for RCC_APB1PeriphClockCmd
    timer.o(.text) refers to stm32f4xx_tim.o(.text) for TIM_TimeBaseInit
    timer.o(.text) refers to misc.o(.text) for NVIC_PriorityGroupConfig
    timer.o(.text) refers to lv_hal_tick.o(.text) for lv_tick_inc
    delay_1.o(.text) refers to misc.o(.text) for SysTick_CLKSourceConfig
    delay_1.o(.text) refers to delay_1.o(.data) for fac_us
    usart.o(.rev16_text) refers (Special) to use_no_semi_2.o(.text) for __use_no_semihosting
    usart.o(.revsh_text) refers (Special) to use_no_semi_2.o(.text) for __use_no_semihosting
    usart.o(.text) refers (Special) to use_no_semi_2.o(.text) for __use_no_semihosting
    usart.o(.text) refers to stm32f4xx_rcc.o(.text) for RCC_AHB1PeriphClockCmd
    usart.o(.text) refers to stm32f4xx_gpio.o(.text) for GPIO_PinAFConfig
    usart.o(.text) refers to stm32f4xx_usart.o(.text) for USART_Init
    usart.o(.text) refers to misc.o(.text) for NVIC_Init
    usart.o(.text) refers to usart.o(.data) for USART_RX_STA
    usart.o(.text) refers to usart.o(.bss) for USART_RX_BUF
    usart.o(.bss) refers (Special) to use_no_semi_2.o(.text) for __use_no_semihosting
    usart.o(.data) refers (Special) to use_no_semi_2.o(.text) for __use_no_semihosting
    startup_stm32f40_41xxx.o(STACK) refers (Special) to heapauxi.o(.text) for __use_two_region_memory
    startup_stm32f40_41xxx.o(HEAP) refers (Special) to heapauxi.o(.text) for __use_two_region_memory
    startup_stm32f40_41xxx.o(RESET) refers (Special) to heapauxi.o(.text) for __use_two_region_memory
    startup_stm32f40_41xxx.o(RESET) refers to startup_stm32f40_41xxx.o(STACK) for __initial_sp
    startup_stm32f40_41xxx.o(RESET) refers to startup_stm32f40_41xxx.o(.text) for Reset_Handler
    startup_stm32f40_41xxx.o(RESET) refers to stm32f4xx_it.o(.text) for NMI_Handler
    startup_stm32f40_41xxx.o(RESET) refers to usart.o(.text) for USART1_IRQHandler
    startup_stm32f40_41xxx.o(RESET) refers to timer.o(.text) for TIM7_IRQHandler
    startup_stm32f40_41xxx.o(.text) refers (Special) to heapauxi.o(.text) for __use_two_region_memory
    startup_stm32f40_41xxx.o(.text) refers to system_stm32f4xx.o(.text) for SystemInit
    startup_stm32f40_41xxx.o(.text) refers to __main.o(!!!main) for __main
    startup_stm32f40_41xxx.o(.text) refers to startup_stm32f40_41xxx.o(HEAP) for Heap_Mem
    startup_stm32f40_41xxx.o(.text) refers to startup_stm32f40_41xxx.o(STACK) for Stack_Mem
    stm32f4xx_gpio.o(.text) refers to stm32f4xx_rcc.o(.text) for RCC_AHB1PeriphResetCmd
    stm32f4xx_rcc.o(.text) refers to stm32f4xx_rcc.o(.data) for APBAHBPrescTable
    stm32f4xx_usart.o(.text) refers to stm32f4xx_rcc.o(.text) for RCC_APB2PeriphResetCmd
    stm32f4xx_syscfg.o(.text) refers to stm32f4xx_rcc.o(.text) for RCC_APB2PeriphResetCmd
    stm32f4xx_tim.o(.text) refers to stm32f4xx_rcc.o(.text) for RCC_APB2PeriphResetCmd
    lv_port_disp_template.o(.text) refers to lcd.o(.text) for LCD_color_Fill
    lv_port_disp_template.o(.text) refers to lv_hal_disp.o(.text) for lv_disp_flush_ready
[...]
    lv_anim_path_ease_in                     0x080267f9   Thumb Code    64  lv_anim.o(.text)
    lv_anim_path_ease_out                    0x08026839   Thumb Code    68  lv_anim.o(.text)
    lv_anim_path_ease_in_out                 0x0802687d   Thumb Code    66  lv_anim.o(.text)
    lv_anim_path_overshoot                   0x080268bf   Thumb Code    68  lv_anim.o(.text)
    lv_anim_path_bounce                      0x08026903   Thumb Code   234  lv_anim.o(.text)
    lv_anim_path_step                        0x080269ed   Thumb Code    18  lv_anim.o(.text)
    lv_area_set                              0x080269ff   Thumb Code    14  lv_area.o(.text)
    lv_area_set_width                        0x08026a0d   Thumb Code    12  lv_area.o(.text)
    lv_area_set_height                       0x08026a19   Thumb Code    12  lv_area.o(.text)
    _lv_area_set_pos                         0x08026a25   Thumb Code    50  lv_area.o(.text)
    lv_area_get_size                         0x08026a57   Thumb Code    34  lv_area.o(.text)
    lv_area_increase                         0x08026a79   Thumb Code    34  lv_area.o(.text)
    lv_area_move                             0x08026a9b   Thumb Code    34  lv_area.o(.text)
    _lv_area_intersect                       0x08026abd   Thumb Code   130  lv_area.o(.text)
    _lv_area_join                            0x08026b3f   Thumb Code   100  lv_area.o(.text)
    _lv_area_is_point_on                     0x08026bf3   Thumb Code   402  lv_area.o(.text)
    _lv_area_is_on                           0x08026d85   Thumb Code    58  lv_area.o(.text)
    _lv_area_is_in                           0x08026dbf   Thumb Code   188  lv_area.o(.text)
    _lv_area_is_out                          0x08026e7b   Thumb Code   182  lv_area.o(.text)
    _lv_area_is_equal                        0x08026f31   Thumb Code    58  lv_area.o(.text)
    lv_area_align                            0x08026f6b   Thumb Code   852  lv_area.o(.text)
    lv_async_call                            0x080272f1   Thumb Code    64  lv_async.o(.text)
    lv_color_fill                            0x080273a5   Thumb Code    92  lv_color.o(.text)
    lv_color_lighten                         0x08027401   Thumb Code    48  lv_color.o(.text)
    lv_color_darken                          0x08027431   Thumb Code    32  lv_color.o(.text)
    lv_color_change_lightness                0x08027451   Thumb Code    70  lv_color.o(.text)
    lv_color_hsv_to_rgb                      0x08027497   Thumb Code   248  lv_color.o(.text)
    lv_color_rgb_to_hsv                      0x0802758f   Thumb Code   262  lv_color.o(.text)
    lv_color_to_hsv                          0x08027695   Thumb Code   116  lv_color.o(.text)
    lv_palette_main                          0x08027709   Thumb Code    50  lv_color.o(.text)
    lv_palette_lighten                       0x0802773b   Thumb Code    82  lv_color.o(.text)
    lv_palette_darken                        0x0802778d   Thumb Code    78  lv_color.o(.text)
    _lv_fs_init                              0x080277fd   Thumb Code    12  lv_fs.o(.text)
    lv_fs_get_drv                            0x08027809   Thumb Code    44  lv_fs.o(.text)
    lv_fs_is_ready                           0x08027835   Thumb Code    34  lv_fs.o(.text)
    lv_fs_open                               0x08027863   Thumb Code   150  lv_fs.o(.text)
    lv_fs_close                              0x080278f9   Thumb Code    74  lv_fs.o(.text)
    lv_fs_read                               0x08027a9d   Thumb Code    94  lv_fs.o(.text)
    lv_fs_write                              0x08027afb   Thumb Code    72  lv_fs.o(.text)
    lv_fs_seek                               0x08027b43   Thumb Code   220  lv_fs.o(.text)
    lv_fs_tell                               0x08027c1f   Thumb Code    64  lv_fs.o(.text)
    lv_fs_dir_open                           0x08027c5f   Thumb Code    94  lv_fs.o(.text)
    lv_fs_dir_read                           0x08027cbd   Thumb Code    52  lv_fs.o(.text)
    lv_fs_dir_close                          0x08027cf1   Thumb Code    46  lv_fs.o(.text)
    lv_fs_drv_init                           0x08027d1f   Thumb Code    14  lv_fs.o(.text)
    lv_fs_drv_register                       0x08027d2d   Thumb Code    36  lv_fs.o(.text)
    lv_fs_get_letters                        0x08027d51   Thumb Code    48  lv_fs.o(.text)
    lv_fs_get_ext                            0x08027d81   Thumb Code    52  lv_fs.o(.text)
    lv_fs_up                                 0x08027db5   Thumb Code    84  lv_fs.o(.text)
    lv_fs_get_last                           0x08027e09   Thumb Code    82  lv_fs.o(.text)
    _lv_gc_clear_roots                       0x08027e65   Thumb Code   140  lv_gc.o(.text)
    _lv_ll_init                              0x08027f35   Thumb Code    16  lv_ll.o(.text)
    _lv_ll_ins_head                          0x08027f7b   Thumb Code    64  lv_ll.o(.text)
    _lv_ll_get_prev                          0x08027fbb   Thumb Code    12  lv_ll.o(.text)
    _lv_ll_get_head                          0x08027fc7   Thumb Code    12  lv_ll.o(.text)
    _lv_ll_ins_prev                          0x08027fd3   Thumb Code   116  lv_ll.o(.text)
    _lv_ll_ins_tail                          0x08028047   Thumb Code    64  lv_ll.o(.text)
    _lv_ll_get_next                          0x08028087   Thumb Code    14  lv_ll.o(.text)
    _lv_ll_get_tail                          0x08028095   Thumb Code    12  lv_ll.o(.text)
    _lv_ll_remove                            0x080280a1   Thumb Code   144  lv_ll.o(.text)
    _lv_ll_clear                             0x08028131   Thumb Code    48  lv_ll.o(.text)
    _lv_ll_chg_list                          0x08028161   Thumb Code   112  lv_ll.o(.text)
    _lv_ll_get_len                           0x080281d1   Thumb Code    36  lv_ll.o(.text)
    _lv_ll_move_before                       0x080281f5   Thumb Code   106  lv_ll.o(.text)
    _lv_ll_is_empty                          0x0802825f   Thumb Code    24  lv_ll.o(.text)
    lv_trigo_sin                             0x08028279   Thumb Code   106  lv_math.o(.text)
    lv_bezier3                               0x080282e3   Thumb Code    94  lv_math.o(.text)
    lv_sqrt                                  0x08028341   Thumb Code    40  lv_math.o(.text)
    lv_atan2                                 0x08028369   Thumb Code   190  lv_math.o(.text)
    lv_pow                                   0x08028427   Thumb Code    58  lv_math.o(.text)
    lv_map                                   0x08028461   Thumb Code    38  lv_math.o(.text)
    lv_rand                                  0x08028487   Thumb Code    44  lv_math.o(.text)
    lv_mem_init                              0x080284bd   Thumb Code    18  lv_mem.o(.text)
    lv_mem_deinit                            0x080284cf   Thumb Code    16  lv_mem.o(.text)
    lv_memset                                0x08028505   Thumb Code   116  lv_mem.o(.text)
    lv_mem_monitor                           0x08028579   Thumb Code    90  lv_mem.o(.text)
    lv_mem_alloc                             0x080285d3   Thumb Code    48  lv_mem.o(.text)
    lv_mem_free                              0x08028603   Thumb Code    30  lv_mem.o(.text)
    lv_mem_realloc                           0x08028621   Thumb Code    60  lv_mem.o(.text)
    lv_mem_test                              0x0802865d   Thumb Code    66  lv_mem.o(.text)
    lv_mem_buf_get                           0x0802869f   Thumb Code   242  lv_mem.o(.text)
    lv_mem_buf_release                       0x08028791   Thumb Code    44  lv_mem.o(.text)
    lv_mem_buf_free_all                      0x080287bd   Thumb Code    56  lv_mem.o(.text)
    lv_memcpy                                0x080287f5   Thumb Code   658  lv_mem.o(.text)
    lv_memset_00                             0x08028a87   Thumb Code   110  lv_mem.o(.text)
    lv_memset_ff                             0x08028af5   Thumb Code   114  lv_mem.o(.text)
    lv_snprintf                              0x08029467   Thumb Code    42  lv_printf.o(.text)
    lv_vsnprintf                             0x08029491   Thumb Code    30  lv_printf.o(.text)
    lv_style_init                            0x08029501   Thumb Code    14  lv_style.o(.text)
    lv_style_reset                           0x0802950f   Thumb Code    44  lv_style.o(.text)
    lv_style_register_prop                   0x0802953b   Thumb Code    16  lv_style.o(.text)
    lv_style_remove_prop                     0x0802954b   Thumb Code   266  lv_style.o(.text)
    _lv_style_get_prop_group                 0x08029655   Thumb Code    16  lv_style.o(.text)
    lv_style_set_prop                        0x08029665   Thumb Code   308  lv_style.o(.text)
    lv_style_get_prop                        0x08029799   Thumb Code    20  lv_style.o(.text)
    lv_style_transition_dsc_init             0x080297ad   Thumb Code    50  lv_style.o(.text)
    lv_style_prop_get_default                0x080297df   Thumb Code   330  lv_style.o(.text)
    lv_style_is_empty                        0x08029929   Thumb Code    18  lv_style.o(.text)
    lv_style_set_width                       0x080299b1   Thumb Code    22  lv_style_gen.o(.text)
    lv_style_set_min_width                   0x080299c7   Thumb Code    22  lv_style_gen.o(.text)
    lv_style_set_max_width                   0x080299dd   Thumb Code    22  lv_style_gen.o(.text)
    lv_style_set_height                      0x080299f3   Thumb Code    22  lv_style_gen.o(.text)
    lv_style_set_min_height                  0x08029a09   Thumb Code    22  lv_style_gen.o(.text)
    lv_style_set_max_height                  0x08029a1f   Thumb Code    22  lv_style_gen.o(.text)
    lv_style_set_x                           0x08029a35   Thumb Code    22  lv_style_gen.o(.text)
    lv_style_set_y                           0x08029a4b   Thumb Code    22  lv_style_gen.o(.text)
    lv_style_set_align                       0x08029a61   Thumb Code    22  lv_style_gen.o(.text)
    lv_style_set_transform_width             0x08029a77   Thumb Code    22  lv_style_gen.o(.text)
    lv_style_set_transform_height            0x08029a8d   Thumb Code    22  lv_style_gen.o(.text)
    lv_style_set_translate_x                 0x08029aa3   Thumb Code    22  lv_style_gen.o(.text)
    lv_style_set_translate_y                 0x08029ab9   Thumb Code    22  lv_style_gen.o(.text)
    lv_style_set_transform_zoom              0x08029acf   Thumb Code    22  lv_style_gen.o(.text)
    lv_style_set_transform_angle             0x08029ae5   Thumb Code    22  lv_style_gen.o(.text)
    lv_style_set_pad_top                     0x08029afb   Thumb Code    22  lv_style_gen.o(.text)
    lv_style_set_pad_bottom                  0x08029b11   Thumb Code    22  lv_style_gen.o(.text)
    lv_style_set_pad_left                    0x08029b27   Thumb Code    22  lv_style_gen.o(.text)
    lv_style_set_pad_right                   0x08029b3d   Thumb Code    22  lv_style_gen.o(.text)
    lv_style_set_pad_row                     0x08029b53   Thumb Code    22  lv_style_gen.o(.text)
    lv_style_set_pad_column                  0x08029b69   Thumb Code    22  lv_style_gen.o(.text)
    lv_style_set_bg_color                    0x08029b7f   Thumb Code    26  lv_style_gen.o(.text)
    lv_style_set_bg_color_filtered           0x08029b99   Thumb Code    28  lv_style_gen.o(.text)
    lv_style_set_bg_opa                      0x08029bb5   Thumb Code    20  lv_style_gen.o(.text)
    lv_style_set_bg_grad_color               0x08029bc9   Thumb Code    26  lv_style_gen.o(.text)
    lv_style_set_bg_grad_color_filtered      0x08029be3   Thumb Code    28  lv_style_gen.o(.text)
    lv_style_set_bg_grad_dir                 0x08029bff   Thumb Code    20  lv_style_gen.o(.text)
    lv_style_set_bg_main_stop                0x08029c13   Thumb Code    20  lv_style_gen.o(.text)
    lv_style_set_bg_grad_stop                0x08029c27   Thumb Code    20  lv_style_gen.o(.text)
    lv_style_set_bg_grad                     0x08029c3b   Thumb Code    20  lv_style_gen.o(.text)
    lv_style_set_bg_dither_mode              0x08029c4f   Thumb Code    20  lv_style_gen.o(.text)
    lv_style_set_bg_img_src                  0x08029c63   Thumb Code    22  lv_style_gen.o(.text)
    lv_style_set_bg_img_opa                  0x08029c79   Thumb Code    20  lv_style_gen.o(.text)
    lv_style_set_bg_img_recolor              0x08029c8d   Thumb Code    26  lv_style_gen.o(.text)
    lv_style_set_bg_img_recolor_filtered     0x08029ca7   Thumb Code    28  lv_style_gen.o(.text)
    lv_style_set_bg_img_recolor_opa          0x08029cc3   Thumb Code    20  lv_style_gen.o(.text)
    lv_style_set_bg_img_tiled                0x08029cd7   Thumb Code    20  lv_style_gen.o(.text)
    lv_style_set_border_color                0x08029ceb   Thumb Code    26  lv_style_gen.o(.text)
    lv_style_set_border_color_filtered       0x08029d05   Thumb Code    28  lv_style_gen.o(.text)
    lv_style_set_border_opa                  0x08029d21   Thumb Code    20  lv_style_gen.o(.text)
    lv_style_set_border_width                0x08029d35   Thumb Code    22  lv_style_gen.o(.text)
    lv_style_set_border_side                 0x08029d4b   Thumb Code    20  lv_style_gen.o(.text)
    lv_style_set_border_post                 0x08029d5f   Thumb Code    20  lv_style_gen.o(.text)
    lv_style_set_outline_width               0x08029d73   Thumb Code    22  lv_style_gen.o(.text)
    lv_style_set_outline_color               0x08029d89   Thumb Code    26  lv_style_gen.o(.text)
    lv_style_set_outline_color_filtered      0x08029da3   Thumb Code    28  lv_style_gen.o(.text)
    lv_style_set_outline_opa                 0x08029dbf   Thumb Code    22  lv_style_gen.o(.text)
    lv_style_set_outline_pad                 0x08029dd5   Thumb Code    22  lv_style_gen.o(.text)
    lv_style_set_shadow_width                0x08029deb   Thumb Code    22  lv_style_gen.o(.text)
    lv_style_set_shadow_ofs_x                0x08029e01   Thumb Code    22  lv_style_gen.o(.text)
    lv_style_set_shadow_ofs_y                0x08029e17   Thumb Code    22  lv_style_gen.o(.text)
    lv_style_set_shadow_spread               0x08029e2d   Thumb Code    22  lv_style_gen.o(.text)
    lv_style_set_shadow_color                0x08029e43   Thumb Code    26  lv_style_gen.o(.text)
    lv_style_set_shadow_color_filtered       0x08029e5d   Thumb Code    28  lv_style_gen.o(.text)
    lv_style_set_shadow_opa                  0x08029e79   Thumb Code    22  lv_style_gen.o(.text)
    lv_style_set_img_opa                     0x08029e8f   Thumb Code    20  lv_style_gen.o(.text)
    lv_style_set_img_recolor                 0x08029ea3   Thumb Code    26  lv_style_gen.o(.text)
    lv_style_set_img_recolor_filtered        0x08029ebd   Thumb Code    28  lv_style_gen.o(.text)
    lv_style_set_img_recolor_opa             0x08029ed9   Thumb Code    20  lv_style_gen.o(.text)
    lv_style_set_line_width                  0x08029eed   Thumb Code    22  lv_style_gen.o(.text)
    lv_style_set_line_dash_width             0x08029f03   Thumb Code    20  lv_style_gen.o(.text)
    lv_style_set_line_dash_gap               0x08029f17   Thumb Code    20  lv_style_gen.o(.text)
    lv_style_set_line_rounded                0x08029f2b   Thumb Code    20  lv_style_gen.o(.text)
    lv_style_set_line_color                  0x08029f3f   Thumb Code    26  lv_style_gen.o(.text)
    lv_style_set_line_color_filtered         0x08029f59   Thumb Code    28  lv_style_gen.o(.text)
    lv_style_set_line_opa                    0x08029f75   Thumb Code    20  lv_style_gen.o(.text)
    lv_style_set_arc_width                   0x08029f89   Thumb Code    22  lv_style_gen.o(.text)
    lv_style_set_arc_rounded                 0x08029f9f   Thumb Code    20  lv_style_gen.o(.text)
    lv_style_set_arc_color                   0x08029fb3   Thumb Code    26  lv_style_gen.o(.text)
    lv_style_set_arc_color_filtered          0x08029fcd   Thumb Code    28  lv_style_gen.o(.text)
    lv_style_set_arc_opa                     0x08029fe9   Thumb Code    20  lv_style_gen.o(.text)
    lv_style_set_arc_img_src                 0x08029ffd   Thumb Code    20  lv_style_gen.o(.text)
    lv_style_set_text_color                  0x0802a011   Thumb Code    28  lv_style_gen.o(.text)
    lv_style_set_text_color_filtered         0x0802a02d   Thumb Code    28  lv_style_gen.o(.text)
    lv_style_set_text_opa                    0x0802a049   Thumb Code    22  lv_style_gen.o(.text)
    lv_style_set_text_font                   0x0802a05f   Thumb Code    22  lv_style_gen.o(.text)
    lv_style_set_text_letter_space           0x0802a075   Thumb Code    22  lv_style_gen.o(.text)
    lv_style_set_text_line_space             0x0802a08b   Thumb Code    22  lv_style_gen.o(.text)
    lv_style_set_text_decor                  0x0802a0a1   Thumb Code    22  lv_style_gen.o(.text)
    lv_style_set_text_align                  0x0802a0b7   Thumb Code    22  lv_style_gen.o(.text)
    lv_style_set_radius                      0x0802a0cd   Thumb Code    20  lv_style_gen.o(.text)
    lv_style_set_clip_corner                 0x0802a0e1   Thumb Code    20  lv_style_gen.o(.text)
    lv_style_set_opa                         0x0802a0f5   Thumb Code    22  lv_style_gen.o(.text)
    lv_style_set_color_filter_dsc            0x0802a10b   Thumb Code    20  lv_style_gen.o(.text)
    lv_style_set_color_filter_opa            0x0802a11f   Thumb Code    20  lv_style_gen.o(.text)
    lv_style_set_anim_time                   0x0802a133   Thumb Code    20  lv_style_gen.o(.text)
    lv_style_set_anim_speed                  0x0802a147   Thumb Code    20  lv_style_gen.o(.text)
    lv_style_set_transition                  0x0802a15b   Thumb Code    20  lv_style_gen.o(.text)
    lv_style_set_blend_mode                  0x0802a16f   Thumb Code    20  lv_style_gen.o(.text)
    lv_style_set_layout                      0x0802a183   Thumb Code    22  lv_style_gen.o(.text)
    lv_style_set_base_dir                    0x0802a199   Thumb Code    22  lv_style_gen.o(.text)
    lv_timer_enable                          0x0802a1b1   Thumb Code     6  lv_timer.o(.text)
    _lv_timer_core_init                      0x0802a1b7   Thumb Code    18  lv_timer.o(.text)
    lv_timer_del                             0x0802a1e5   Thumb Code    26  lv_timer.o(.text)
    lv_timer_handler                         0x0802a251   Thumb Code   298  lv_timer.o(.text)
    lv_timer_create                          0x0802a37b   Thumb Code    74  lv_timer.o(.text)
    lv_timer_create_basic                    0x0802a3c5   Thumb Code    16  lv_timer.o(.text)
    lv_timer_set_cb                          0x0802a3d5   Thumb Code     4  lv_timer.o(.text)
    lv_timer_pause                           0x0802a3d9   Thumb Code     6  lv_timer.o(.text)
    lv_timer_resume                          0x0802a3df   Thumb Code     6  lv_timer.o(.text)
    lv_timer_set_period                      0x0802a3e5   Thumb Code     4  lv_timer.o(.text)
    lv_timer_ready                           0x0802a3e9   Thumb Code    18  lv_timer.o(.text)
    lv_timer_set_repeat_count                0x0802a3fb   Thumb Code     4  lv_timer.o(.text)
    lv_timer_reset                           0x0802a3ff   Thumb Code    12  lv_timer.o(.text)
    lv_timer_get_idle                        0x0802a40b   Thumb Code     6  lv_timer.o(.text)
    lv_timer_get_next                        0x0802a411   Thumb Code    24  lv_timer.o(.text)
    lv_tlsf_check                            0x0802abf5   Thumb Code   440  lv_tlsf.o(.text)
    lv_tlsf_walk_pool                        0x0802adb3   Thumb Code    98  lv_tlsf.o(.text)
    lv_tlsf_block_size                       0x0802ae15   Thumb Code    30  lv_tlsf.o(.text)
    lv_tlsf_check_pool                       0x0802ae33   Thumb Code    24  lv_tlsf.o(.text)
    lv_tlsf_size                             0x0802ae4b   Thumb Code     6  lv_tlsf.o(.text)
    lv_tlsf_align_size                       0x0802ae51   Thumb Code     4  lv_tlsf.o(.text)
    lv_tlsf_block_size_min                   0x0802ae55   Thumb Code     4  lv_tlsf.o(.text)
    lv_tlsf_block_size_max                   0x0802ae59   Thumb Code     6  lv_tlsf.o(.text)
    lv_tlsf_pool_overhead                    0x0802ae5f   Thumb Code     4  lv_tlsf.o(.text)
    lv_tlsf_alloc_overhead                   0x0802ae63   Thumb Code     4  lv_tlsf.o(.text)
    lv_tlsf_add_pool                         0x0802ae67   Thumb Code   142  lv_tlsf.o(.text)
    lv_tlsf_remove_pool                      0x0802aef5   Thumb Code   132  lv_tlsf.o(.text)
    lv_tlsf_create                           0x0802af79   Thumb Code    36  lv_tlsf.o(.text)
    lv_tlsf_create_with_pool                 0x0802af9d   Thumb Code    46  lv_tlsf.o(.text)
    lv_tlsf_destroy                          0x0802afcb   Thumb Code     2  lv_tlsf.o(.text)
    lv_tlsf_get_pool                         0x0802afcd   Thumb Code    12  lv_tlsf.o(.text)
    lv_tlsf_malloc                           0x0802afd9   Thumb Code    44  lv_tlsf.o(.text)
    lv_tlsf_memalign                         0x0802b005   Thumb Code   190  lv_tlsf.o(.text)
    lv_tlsf_free                             0x0802b0c3   Thumb Code    80  lv_tlsf.o(.text)
    lv_tlsf_realloc                          0x0802b113   Thumb Code   224  lv_tlsf.o(.text)
    _lv_txt_is_cmd                           0x0802b20d   Thumb Code    66  lv_txt.o(.text)
    _lv_txt_encoded_letter_next_2            0x0802b24f   Thumb Code    50  lv_txt.o(.text)
    lv_txt_get_width                         0x0802b281   Thumb Code   136  lv_txt.o(.text)
    _lv_txt_get_next_line                    0x0802b469   Thumb Code   294  lv_txt.o(.text)
    lv_txt_get_size                          0x0802b58f   Thumb Code   246  lv_txt.o(.text)
    _lv_txt_ins                              0x0802b685   Thumb Code    90  lv_txt.o(.text)
    _lv_txt_cut                              0x0802b6df   Thumb Code    72  lv_txt.o(.text)
    _lv_txt_set_text_vfmt                    0x0802b727   Thumb Code    80  lv_txt.o(.text)
    _lv_utils_bsearch                        0x0802bad1   Thumb Code    84  lv_utils.o(.text)
    lv_arc_create                            0x0802bb25   Thumb Code    28  lv_arc.o(.text)
    lv_arc_set_start_angle                   0x0802bdf7   Thumb Code   140  lv_arc.o(.text)
    lv_arc_set_end_angle                     0x0802be83   Thumb Code   146  lv_arc.o(.text)
    lv_arc_set_angles                        0x0802bf15   Thumb Code    26  lv_arc.o(.text)
    lv_arc_set_bg_start_angle                0x0802c039   Thumb Code   130  lv_arc.o(.text)
    lv_arc_set_bg_end_angle                  0x0802c0bb   Thumb Code   130  lv_arc.o(.text)
    lv_arc_set_bg_angles                     0x0802c13d   Thumb Code    26  lv_arc.o(.text)
    lv_arc_set_rotation                      0x0802c157   Thumb Code    22  lv_arc.o(.text)
    lv_arc_set_value                         0x0802c16d   Thumb Code    84  lv_arc.o(.text)
    lv_arc_set_mode                          0x0802c1c1   Thumb Code   140  lv_arc.o(.text)
    lv_arc_set_range                         0x0802c24d   Thumb Code    70  lv_arc.o(.text)
    lv_arc_set_change_rate                   0x0802c293   Thumb Code    10  lv_arc.o(.text)
    lv_arc_get_angle_start                   0x0802c29d   Thumb Code    10  lv_arc.o(.text)
    lv_arc_get_angle_end                     0x0802c2a7   Thumb Code    10  lv_arc.o(.text)
    lv_arc_get_bg_angle_start                0x0802c2b1   Thumb Code    10  lv_arc.o(.text)
    lv_arc_get_bg_angle_end                  0x0802c2bb   Thumb Code    10  lv_arc.o(.text)
    lv_arc_get_value                         0x0802c2c5   Thumb Code    12  lv_arc.o(.text)
    lv_arc_get_min_value                     0x0802c2d1   Thumb Code    12  lv_arc.o(.text)
    lv_arc_get_max_value                     0x0802c2dd   Thumb Code    12  lv_arc.o(.text)
    lv_arc_get_mode                          0x0802c2e9   Thumb Code    16  lv_arc.o(.text)
    lv_bar_create                            0x0802cad7   Thumb Code    28  lv_bar.o(.text)
    lv_bar_set_value                         0x0802cbcb   Thumb Code   102  lv_bar.o(.text)
    lv_bar_set_start_value                   0x0802cc31   Thumb Code   108  lv_bar.o(.text)
    lv_bar_get_mode                          0x0802cc9d   Thumb Code    18  lv_bar.o(.text)
    lv_bar_set_range                         0x0802ccaf   Thumb Code    94  lv_bar.o(.text)
    lv_bar_set_mode                          0x0802cd0d   Thumb Code    40  lv_bar.o(.text)
    lv_bar_get_value                         0x0802cd35   Thumb Code    22  lv_bar.o(.text)
    lv_bar_get_start_value                   0x0802cd4b   Thumb Code    38  lv_bar.o(.text)
    lv_bar_get_min_value                     0x0802cd71   Thumb Code    12  lv_bar.o(.text)
    lv_bar_get_max_value                     0x0802cd7d   Thumb Code    12  lv_bar.o(.text)
    lv_btn_create                            0x0802d5b1   Thumb Code    28  lv_btn.o(.text)
    lv_btnmatrix_create                      0x0802d5ff   Thumb Code    28  lv_btnmatrix.o(.text)
    lv_btnmatrix_set_map                     0x0802d6d9   Thumb Code   490  lv_btnmatrix.o(.text)
    lv_btnmatrix_set_ctrl_map                0x0802d8c3   Thumb Code    34  lv_btnmatrix.o(.text)
    lv_btnmatrix_set_selected_btn            0x0802d9e1   Thumb Code    58  lv_btnmatrix.o(.text)
    lv_btnmatrix_clear_btn_ctrl              0x0802da1b   Thumb Code    64  lv_btnmatrix.o(.text)
    lv_btnmatrix_clear_btn_ctrl_all          0x0802da5b   Thumb Code    42  lv_btnmatrix.o(.text)
    lv_btnmatrix_set_btn_ctrl                0x0802da85   Thumb Code    88  lv_btnmatrix.o(.text)
    lv_btnmatrix_set_btn_ctrl_all            0x0802dadd   Thumb Code    42  lv_btnmatrix.o(.text)
    lv_btnmatrix_set_btn_width               0x0802db07   Thumb Code    72  lv_btnmatrix.o(.text)
    lv_btnmatrix_has_btn_ctrl                0x0802db4f   Thumb Code    40  lv_btnmatrix.o(.text)
    lv_btnmatrix_set_one_checked             0x0802db9f   Thumb Code    26  lv_btnmatrix.o(.text)
    lv_btnmatrix_get_map                     0x0802dbb9   Thumb Code    12  lv_btnmatrix.o(.text)
    lv_btnmatrix_get_selected_btn            0x0802dbc5   Thumb Code    12  lv_btnmatrix.o(.text)
    lv_btnmatrix_get_btn_text                0x0802dbd1   Thumb Code    94  lv_btnmatrix.o(.text)
    lv_btnmatrix_get_one_checked             0x0802dc2f   Thumb Code    18  lv_btnmatrix.o(.text)
    lv_checkbox_create                       0x0802eab9   Thumb Code    28  lv_checkbox.o(.text)
    lv_checkbox_set_text                     0x0802ead5   Thumb Code    76  lv_checkbox.o(.text)
    lv_checkbox_set_text_static              0x0802eb21   Thumb Code    44  lv_checkbox.o(.text)
    lv_checkbox_get_text                     0x0802eb4d   Thumb Code     8  lv_checkbox.o(.text)
    lv_dropdown_create                       0x0802f01d   Thumb Code    28  lv_dropdown.o(.text)
    lv_dropdown_set_text                     0x0802f039   Thumb Code    32  lv_dropdown.o(.text)
    lv_dropdown_set_options                  0x0802f059   Thumb Code   174  lv_dropdown.o(.text)
    lv_dropdown_set_options_static           0x0802f107   Thumb Code   128  lv_dropdown.o(.text)
    lv_dropdown_add_option                   0x0802f187   Thumb Code   370  lv_dropdown.o(.text)
    lv_dropdown_clear_options                0x0802f2f9   Thumb Code    72  lv_dropdown.o(.text)
    lv_dropdown_set_selected                 0x0802f341   Thumb Code    50  lv_dropdown.o(.text)
    lv_dropdown_set_dir                      0x0802f373   Thumb Code    48  lv_dropdown.o(.text)
    lv_dropdown_set_symbol                   0x0802f3a3   Thumb Code    22  lv_dropdown.o(.text)
    lv_dropdown_set_selected_highlight       0x0802f3b9   Thumb Code    36  lv_dropdown.o(.text)
    lv_dropdown_get_list                     0x0802f3dd   Thumb Code    12  lv_dropdown.o(.text)
    lv_dropdown_get_text                     0x0802f3e9   Thumb Code    12  lv_dropdown.o(.text)
    lv_dropdown_get_options                  0x0802f3f5   Thumb Code    36  lv_dropdown.o(.text)
    lv_dropdown_get_selected                 0x0802f419   Thumb Code    12  lv_dropdown.o(.text)
    lv_dropdown_get_option_cnt               0x0802f425   Thumb Code    12  lv_dropdown.o(.text)
    lv_dropdown_get_selected_str             0x0802f431   Thumb Code   126  lv_dropdown.o(.text)
    lv_dropdown_get_symbol                   0x0802f4af   Thumb Code    12  lv_dropdown.o(.text)
    lv_dropdown_get_selected_highlight       0x0802f4bb   Thumb Code    18  lv_dropdown.o(.text)
    lv_dropdown_get_dir                      0x0802f4cd   Thumb Code    18  lv_dropdown.o(.text)
    lv_dropdown_open                         0x0802f563   Thumb Code   676  lv_dropdown.o(.text)
    lv_dropdown_close                        0x0802f807   Thumb Code    44  lv_dropdown.o(.text)
    lv_dropdown_is_open                      0x0802f833   Thumb Code    24  lv_dropdown.o(.text)
    lv_img_create                            0x08030353   Thumb Code    28  lv_img.o(.text)
    lv_img_set_src                           0x0803036f   Thumb Code   458  lv_img.o(.text)
    lv_img_set_offset_x                      0x08030539   Thumb Code    34  lv_img.o(.text)
    lv_img_set_offset_y                      0x0803055b   Thumb Code    36  lv_img.o(.text)
    lv_img_set_angle                         0x0803057f   Thumb Code   286  lv_img.o(.text)
    lv_img_set_pivot                         0x0803069d   Thumb Code   290  lv_img.o(.text)
    lv_img_set_zoom                          0x080307bf   Thumb Code   286  lv_img.o(.text)
    lv_img_set_antialias                     0x080308dd   Thumb Code    42  lv_img.o(.text)
    lv_img_set_size_mode                     0x08030907   Thumb Code    40  lv_img.o(.text)
    lv_img_get_src                           0x0803092f   Thumb Code    12  lv_img.o(.text)
    lv_img_get_offset_x                      0x0803093b   Thumb Code    14  lv_img.o(.text)
    lv_img_get_offset_y                      0x08030949   Thumb Code    14  lv_img.o(.text)
    lv_img_get_angle                         0x08030957   Thumb Code    12  lv_img.o(.text)
    lv_img_get_pivot                         0x08030963   Thumb Code    14  lv_img.o(.text)
    lv_img_get_zoom                          0x08030971   Thumb Code    12  lv_img.o(.text)
    lv_img_get_antialias                     0x0803097d   Thumb Code    16  lv_img.o(.text)
    lv_img_get_size_mode                     0x0803098d   Thumb Code    18  lv_img.o(.text)
    lv_label_create                          0x08031321   Thumb Code    28  lv_label.o(.text)
    lv_label_get_text                        0x080313d1   Thumb Code    12  lv_label.o(.text)
    lv_label_get_letter_on                   0x080313dd   Thumb Code   608  lv_label.o(.text)
    lv_label_set_text                        0x08031c1d   Thumb Code   176  lv_label.o(.text)
    lv_label_set_text_fmt                    0x08031ccd   Thumb Code   114  lv_label.o(.text)
    lv_label_set_text_static                 0x08031d3f   Thumb Code    62  lv_label.o(.text)
    lv_label_set_long_mode                   0x08031e01   Thumb Code   124  lv_label.o(.text)
    lv_label_set_recolor                     0x08031e7d   Thumb Code    48  lv_label.o(.text)
    lv_label_set_text_sel_start              0x08031ead   Thumb Code    22  lv_label.o(.text)
    lv_label_set_text_sel_end                0x08031ec3   Thumb Code    22  lv_label.o(.text)
    lv_label_get_long_mode                   0x08031ed9   Thumb Code    18  lv_label.o(.text)
    lv_label_get_recolor                     0x08031eeb   Thumb Code    18  lv_label.o(.text)
    lv_label_get_letter_pos                  0x08031efd   Thumb Code   538  lv_label.o(.text)
    lv_label_is_char_under_pos               0x08032117   Thumb Code   522  lv_label.o(.text)
    lv_label_get_text_selection_start        0x08032321   Thumb Code    12  lv_label.o(.text)
    lv_label_get_text_selection_end          0x0803232d   Thumb Code    12  lv_label.o(.text)
    lv_label_ins_text                        0x08032339   Thumb Code   144  lv_label.o(.text)
    lv_label_cut_text                        0x080323c9   Thumb Code    72  lv_label.o(.text)
    lv_line_create                           0x08032959   Thumb Code    28  lv_line.o(.text)
    lv_line_set_points                       0x08032975   Thumb Code    36  lv_line.o(.text)
    lv_line_set_y_invert                     0x08032999   Thumb Code    40  lv_line.o(.text)
    lv_line_get_y_invert                     0x080329c1   Thumb Code    18  lv_line.o(.text)
    lv_roller_create                         0x08032bdd   Thumb Code    28  lv_roller.o(.text)
    lv_roller_set_options                    0x08032cb5   Thumb Code   250  lv_roller.o(.text)
    lv_roller_set_selected                   0x08032f37   Thumb Code    88  lv_roller.o(.text)
    lv_roller_set_visible_row_count          0x08032f8f   Thumb Code    90  lv_roller.o(.text)
    lv_roller_get_selected                   0x08032fe9   Thumb Code    48  lv_roller.o(.text)
    lv_roller_get_selected_str               0x08033019   Thumb Code   136  lv_roller.o(.text)
    lv_roller_get_options                    0x080330a1   Thumb Code    22  lv_roller.o(.text)
    lv_roller_get_option_cnt                 0x080330b7   Thumb Code    34  lv_roller.o(.text)
    lv_slider_create                         0x0803399d   Thumb Code    28  lv_slider.o(.text)
    lv_slider_is_dragged                     0x080339b9   Thumb Code    18  lv_slider.o(.text)
    lv_switch_create                         0x08034561   Thumb Code    28  lv_switch.o(.text)
    lv_table_create                          0x080349d5   Thumb Code    28  lv_table.o(.text)
    lv_table_set_row_cnt                     0x08034c2d   Thumb Code   184  lv_table.o(.text)
    lv_table_set_col_cnt                     0x08034ce5   Thumb Code   302  lv_table.o(.text)
    lv_table_set_cell_value                  0x08034e13   Thumb Code   186  lv_table.o(.text)
    lv_table_set_cell_value_fmt              0x08034ecd   Thumb Code   408  lv_table.o(.text)
    lv_table_set_col_width                   0x08035065   Thumb Code    50  lv_table.o(.text)
    lv_table_add_cell_ctrl                   0x08035097   Thumb Code   150  lv_table.o(.text)
    lv_table_clear_cell_ctrl                 0x0803512d   Thumb Code   150  lv_table.o(.text)
    lv_table_get_cell_value                  0x080351c3   Thumb Code    60  lv_table.o(.text)
    lv_table_get_row_cnt                     0x080351ff   Thumb Code    12  lv_table.o(.text)
    lv_table_get_col_cnt                     0x0803520b   Thumb Code    12  lv_table.o(.text)
    lv_table_get_col_width                   0x08035217   Thumb Code    30  lv_table.o(.text)
    lv_table_has_cell_ctrl                   0x08035235   Thumb Code    72  lv_table.o(.text)
    lv_table_get_selected_cell               0x0803527d   Thumb Code    14  lv_table.o(.text)
    lv_textarea_create                       0x08035d3f   Thumb Code    28  lv_textarea.o(.text)
    lv_textarea_get_cursor_pos               0x08035d5b   Thumb Code    12  lv_textarea.o(.text)
    lv_textarea_set_cursor_pos               0x080360dd   Thumb Code   292  lv_textarea.o(.text)
    lv_textarea_clear_selection              0x080362bb   Thumb Code    60  lv_textarea.o(.text)
    lv_textarea_get_text                     0x080362f7   Thumb Code    36  lv_textarea.o(.text)
    lv_textarea_get_max_length               0x08036381   Thumb Code    12  lv_textarea.o(.text)
    lv_textarea_get_accepted_chars           0x0803638d   Thumb Code    12  lv_textarea.o(.text)
    lv_textarea_add_text                     0x08036399   Thumb Code   364  lv_textarea.o(.text)
    lv_textarea_add_char                     0x0803654b   Thumb Code   378  lv_textarea.o(.text)
    lv_textarea_del_char                     0x080366c5   Thumb Code   190  lv_textarea.o(.text)
    lv_textarea_del_char_forward             0x08036783   Thumb Code    42  lv_textarea.o(.text)
    lv_textarea_set_text                     0x080367ad   Thumb Code   330  lv_textarea.o(.text)
    lv_textarea_set_placeholder_text         0x080368f7   Thumb Code   124  lv_textarea.o(.text)
    lv_textarea_set_cursor_click_pos         0x08036973   Thumb Code    22  lv_textarea.o(.text)
    lv_textarea_set_password_mode            0x08036989   Thumb Code   146  lv_textarea.o(.text)
    lv_textarea_set_one_line                 0x08036a1b   Thumb Code   196  lv_textarea.o(.text)
    lv_textarea_set_accepted_chars           0x08036adf   Thumb Code    10  lv_textarea.o(.text)
    lv_textarea_set_max_length               0x08036ae9   Thumb Code    10  lv_textarea.o(.text)
    lv_textarea_set_insert_replace           0x08036af3   Thumb Code    10  lv_textarea.o(.text)
    lv_textarea_set_text_selection           0x08036afd   Thumb Code    34  lv_textarea.o(.text)
    lv_textarea_set_password_show_time       0x08036b1f   Thumb Code    10  lv_textarea.o(.text)
    lv_textarea_get_label                    0x08036b29   Thumb Code    12  lv_textarea.o(.text)
    lv_textarea_set_align                    0x08036b35   Thumb Code    98  lv_textarea.o(.text)
    lv_textarea_get_placeholder_text         0x08036b97   Thumb Code    22  lv_textarea.o(.text)
    lv_textarea_get_cursor_click_pos         0x08036bad   Thumb Code    18  lv_textarea.o(.text)
    lv_textarea_get_password_mode            0x08036bbf   Thumb Code    18  lv_textarea.o(.text)
    lv_textarea_get_one_line                 0x08036bd1   Thumb Code    18  lv_textarea.o(.text)
    lv_textarea_text_is_selected             0x08036be3   Thumb Code    46  lv_textarea.o(.text)
    lv_textarea_get_text_selection           0x08036c11   Thumb Code    18  lv_textarea.o(.text)
    lv_textarea_get_password_show_time       0x08036c23   Thumb Code    12  lv_textarea.o(.text)
    lv_textarea_cursor_right                 0x08036c2f   Thumb Code    28  lv_textarea.o(.text)
    lv_textarea_cursor_left                  0x08036c4b   Thumb Code    30  lv_textarea.o(.text)
    lv_textarea_cursor_down                  0x08036c69   Thumb Code   126  lv_textarea.o(.text)
    lv_textarea_cursor_up                    0x08036ce7   Thumb Code   112  lv_textarea.o(.text)
    __use_no_semihosting                     0x08037421   Thumb Code     2  use_no_semi_2.o(.text)
    __aeabi_uldivmod                         0x08037423   Thumb Code     0  lludivv7m.o(.text)
    _ll_udiv                                 0x08037423   Thumb Code   238  lludivv7m.o(.text)
    strcpy                                   0x08037511   Thumb Code    72  strcpy.o(.text)
    strlen                                   0x08037559   Thumb Code    62  strlen.o(.text)
    strcat                                   0x08037597   Thumb Code    24  strcat.o(.text)
    __aeabi_memcpy                           0x080375af   Thumb Code     0  rt_memcpy_v6.o(.text)
    __rt_memcpy                              0x080375af   Thumb Code   138  rt_memcpy_v6.o(.text)
    _memcpy_lastbytes                        0x08037615   Thumb Code     0  rt_memcpy_v6.o(.text)
    __aeabi_memcpy4                          0x08037639   Thumb Code     0  rt_memcpy_w.o(.text)
    __aeabi_memcpy8                          0x08037639   Thumb Code     0  rt_memcpy_w.o(.text)
    __rt_memcpy_w                            0x08037639   Thumb Code   100  rt_memcpy_w.o(.text)
    _memcpy_lastbytes_aligned                0x08037681   Thumb Code     0  rt_memcpy_w.o(.text)
    __aeabi_memclr4                          0x0803769d   Thumb Code     0  rt_memclr_w.o(.text)
    __aeabi_memclr8                          0x0803769d   Thumb Code     0  rt_memclr_w.o(.text)
    __rt_memclr_w                            0x0803769d   Thumb Code    78  rt_memclr_w.o(.text)
    _memset_w                                0x080376a1   Thumb Code     0  rt_memclr_w.o(.text)
    strcmp                                   0x080376ed   Thumb Code   128  strcmpv7m.o(.text)
    __use_two_region_memory                  0x0803776d   Thumb Code     2  heapauxi.o(.text)
    __rt_heap_escrow$2region                 0x0803776f   Thumb Code     2  heapauxi.o(.text)
    __rt_heap_expand$2region                 0x08037771   Thumb Code     2  heapauxi.o(.text)
    __I$use$semihosting                      0x08037773   Thumb Code     0  use_no_semi.o(.text)
    __use_no_semihosting_swi                 0x08037773   Thumb Code     2  use_no_semi.o(.text)
    __user_libspace                          0x08037775   Thumb Code     8  libspace.o(.text)
    __user_perproc_libspace                  0x08037775   Thumb Code     0  libspace.o(.text)
    __user_perthread_libspace                0x08037775   Thumb Code     0  libspace.o(.text)
    __user_setup_stackheap                   0x0803777d   Thumb Code    74  sys_stackheap_outer.o(.text)
    exit                                     0x080377c7   Thumb Code    18  exit.o(.text)
    _fp_init                                 0x080377d9   Thumb Code    10  fpinit.o(x$fpl$fpinit)
    __fplib_config_fpu_vfp                   0x080377e1   Thumb Code     0  fpinit.o(x$fpl$fpinit)
    __fplib_config_pureend_doubles           0x080377e1   Thumb Code     0  fpinit.o(x$fpl$fpinit)
    ascii_1608                               0x080377e2   Data        1520  lcd.o(.constdata)
    ascii_3216                               0x08037dd2   Data        6080  lcd.o(.constdata)
    tfont16                                  0x08039592   Data         170  lcd.o(.constdata)
    tfont24                                  0x0803963c   Data         370  lcd.o(.constdata)
    tfont32                                  0x080397ae   Data         650  lcd.o(.constdata)
    lv_obj_class                             0x08039a38   Data          28  lv_obj.o(.constdata)
    _lv_bpp1_opa_table                       0x08039a5c   Data           2  lv_draw_sw_letter.o(.constdata)
    _lv_bpp2_opa_table                       0x08039a5e   Data           4  lv_draw_sw_letter.o(.constdata)
    _lv_bpp3_opa_table                       0x08039a62   Data           8  lv_draw_sw_letter.o(.constdata)
    _lv_bpp4_opa_table                       0x08039a6a   Data          16  lv_draw_sw_letter.o(.constdata)
    _lv_bpp8_opa_table                       0x08039a7a   Data         256  lv_draw_sw_letter.o(.constdata)
    lv_calendar_class                        0x08039bbc   Data          28  lv_calendar.o(.constdata)
    lv_calendar_header_arrow_class           0x08039bd8   Data          28  lv_calendar_header_arrow.o(.constdata)
    lv_calendar_header_dropdown_class        0x08039bf4   Data          28  lv_calendar_header_dropdown.o(.constdata)
    lv_chart_class                           0x08039c10   Data          28  lv_chart.o(.constdata)
    lv_colorwheel_class                      0x08039c2c   Data          28  lv_colorwheel.o(.constdata)
    lv_keyboard_class                        0x08039c48   Data          28  lv_keyboard.o(.constdata)
    lv_led_class                             0x08039fdc   Data          28  lv_led.o(.constdata)
    lv_list_class                            0x08039ff8   Data          28  lv_list.o(.constdata)
    lv_list_btn_class                        0x0803a014   Data          28  lv_list.o(.constdata)
    lv_list_text_class                       0x0803a030   Data          28  lv_list.o(.constdata)
    lv_menu_class                            0x0803a04c   Data          28  lv_menu.o(.constdata)
    lv_menu_page_class                       0x0803a068   Data          28  lv_menu.o(.constdata)
    lv_menu_cont_class                       0x0803a084   Data          28  lv_menu.o(.constdata)
    lv_menu_section_class                    0x0803a0a0   Data          28  lv_menu.o(.constdata)
    lv_menu_separator_class                  0x0803a0bc   Data          28  lv_menu.o(.constdata)
    lv_menu_sidebar_cont_class               0x0803a0d8   Data          28  lv_menu.o(.constdata)
    lv_menu_main_cont_class                  0x0803a0f4   Data          28  lv_menu.o(.constdata)
    lv_menu_main_header_cont_class           0x0803a110   Data          28  lv_menu.o(.constdata)
    lv_menu_sidebar_header_cont_class        0x0803a12c   Data          28  lv_menu.o(.constdata)
    lv_meter_class                           0x0803a148   Data          28  lv_meter.o(.constdata)
    lv_msgbox_class                          0x0803a164   Data          28  lv_msgbox.o(.constdata)
    lv_msgbox_content_class                  0x0803a180   Data          28  lv_msgbox.o(.constdata)
    lv_msgbox_backdrop_class                 0x0803a19c   Data          28  lv_msgbox.o(.constdata)
    lv_spinbox_class                         0x0803a1b8   Data          28  lv_spinbox.o(.constdata)
    lv_spinner_class                         0x0803a1d4   Data          28  lv_spinner.o(.constdata)
    lv_tabview_class                         0x0803a1f0   Data          28  lv_tabview.o(.constdata)
    lv_tileview_class                        0x0803a20c   Data          28  lv_tileview.o(.constdata)
    lv_tileview_tile_class                   0x0803a228   Data          28  lv_tileview.o(.constdata)
    lv_win_class                             0x0803a244   Data          28  lv_win.o(.constdata)
    lv_font_montserrat_14                    0x0803d788   Data          28  lv_font_montserrat_14.o(.constdata)
    lv_arc_class                             0x0803d9d8   Data          28  lv_arc.o(.constdata)
    lv_bar_class                             0x0803d9f4   Data          28  lv_bar.o(.constdata)
    lv_btn_class                             0x0803da10   Data          28  lv_btn.o(.constdata)
    lv_btnmatrix_class                       0x0803da2c   Data          28  lv_btnmatrix.o(.constdata)
    lv_checkbox_class                        0x0803da48   Data          28  lv_checkbox.o(.constdata)
    lv_dropdown_class                        0x0803da64   Data          28  lv_dropdown.o(.constdata)
    lv_dropdownlist_class                    0x0803da80   Data          28  lv_dropdown.o(.constdata)
    lv_img_class                             0x0803da9c   Data          28  lv_img.o(.constdata)
    lv_label_class                           0x0803dab8   Data          28  lv_label.o(.constdata)
    lv_line_class                            0x0803dad4   Data          28  lv_line.o(.constdata)
    lv_roller_class                          0x0803daf0   Data          28  lv_roller.o(.constdata)
    lv_roller_label_class                    0x0803db0c   Data          28  lv_roller.o(.constdata)
    lv_slider_class                          0x0803db28   Data          28  lv_slider.o(.constdata)
    lv_switch_class                          0x0803db44   Data          28  lv_switch.o(.constdata)
    lv_table_class                           0x0803db60   Data          28  lv_table.o(.constdata)
    lv_textarea_class                        0x0803db7c   Data          28  lv_textarea.o(.constdata)
    Region$$Table$$Base                      0x0803e064   Number         0  anon$$obj.o(Region$$Table)
    Region$$Table$$Limit                     0x0803e084   Number         0  anon$$obj.o(Region$$Table)
    SystemCoreClock                          0x20000000   Data           4  system_stm32f4xx.o(.data)
    AHBPrescTable                            0x20000004   Data          16  system_stm32f4xx.o(.data)
    __stdout                                 0x20000018   Data           4  usart.o(.data)
    USART_RX_STA                             0x2000001c   Data           2  usart.o(.data)
    LV_LAYOUT_FLEX                           0x20000074   Data           4  lv_flex.o(.data)
    LV_STYLE_FLEX_FLOW                       0x20000078   Data           2  lv_flex.o(.data)
    LV_STYLE_FLEX_MAIN_PLACE                 0x2000007a   Data           2  lv_flex.o(.data)
    LV_STYLE_FLEX_CROSS_PLACE                0x2000007c   Data           2  lv_flex.o(.data)
    LV_STYLE_FLEX_TRACK_PLACE                0x2000007e   Data           2  lv_flex.o(.data)
    LV_STYLE_FLEX_GROW                       0x20000080   Data           2  lv_flex.o(.data)
    LV_LAYOUT_GRID                           0x20000084   Data           4  lv_grid.o(.data)
    LV_STYLE_GRID_COLUMN_DSC_ARRAY           0x20000088   Data           2  lv_grid.o(.data)
    LV_STYLE_GRID_COLUMN_ALIGN               0x2000008a   Data           2  lv_grid.o(.data)
    LV_STYLE_GRID_ROW_DSC_ARRAY              0x2000008c   Data           2  lv_grid.o(.data)
    LV_STYLE_GRID_ROW_ALIGN                  0x2000008e   Data           2  lv_grid.o(.data)
    LV_STYLE_GRID_CELL_COLUMN_POS            0x20000090   Data           2  lv_grid.o(.data)
    LV_STYLE_GRID_CELL_COLUMN_SPAN           0x20000092   Data           2  lv_grid.o(.data)
    LV_STYLE_GRID_CELL_X_ALIGN               0x20000094   Data           2  lv_grid.o(.data)
    LV_STYLE_GRID_CELL_ROW_POS               0x20000096   Data           2  lv_grid.o(.data)
    LV_STYLE_GRID_CELL_ROW_SPAN              0x20000098   Data           2  lv_grid.o(.data)
    LV_STYLE_GRID_CELL_Y_ALIGN               0x2000009a   Data           2  lv_grid.o(.data)
    _lv_layout_list                          0x200001a8   Data           4  lv_gc.o(.data)
    _lv_timer_act                            0x200001ac   Data           4  lv_gc.o(.data)
    _lv_theme_default_styles                 0x200001b0   Data           4  lv_gc.o(.data)
    _lv_theme_basic_styles                   0x200001b4   Data           4  lv_gc.o(.data)
    _lv_grad_cache_mem                       0x200001b8   Data           4  lv_gc.o(.data)
    _lv_txt_encoded_size                     0x200001e0   Data           4  lv_txt.o(.data)
    _lv_txt_unicode_to_encoded               0x200001e4   Data           4  lv_txt.o(.data)
    _lv_txt_encoded_conv_wc                  0x200001e8   Data           4  lv_txt.o(.data)
    _lv_txt_encoded_next                     0x200001ec   Data           4  lv_txt.o(.data)
    _lv_txt_encoded_prev                     0x200001f0   Data           4  lv_txt.o(.data)
    _lv_txt_encoded_get_byte_id              0x200001f4   Data           4  lv_txt.o(.data)
    _lv_txt_encoded_get_char_id              0x200001f8   Data           4  lv_txt.o(.data)
    _lv_txt_get_encoded_length               0x200001fc   Data           4  lv_txt.o(.data)
    USART_RX_BUF                             0x20000220   Data         200  usart.o(.bss)
    _lv_timer_ll                             0x20002a1c   Data          12  lv_gc.o(.bss)
    _lv_disp_ll                              0x20002a28   Data          12  lv_gc.o(.bss)
    _lv_indev_ll                             0x20002a34   Data          12  lv_gc.o(.bss)
    _lv_fsdrv_ll                             0x20002a40   Data          12  lv_gc.o(.bss)
    _lv_anim_ll                              0x20002a4c   Data          12  lv_gc.o(.bss)
    _lv_group_ll                             0x20002a58   Data          12  lv_gc.o(.bss)
    _lv_img_decoder_ll                       0x20002a64   Data          12  lv_gc.o(.bss)
    _lv_obj_style_trans_ll                   0x20002a70   Data          12  lv_gc.o(.bss)
    _lv_img_cache_single                     0x20002a7c   Data          44  lv_gc.o(.bss)
    lv_mem_buf                               0x20002aa8   Data         128  lv_gc.o(.bss)
    _lv_circle_cache                         0x20002b28   Data         112  lv_gc.o(.bss)
    _lv_draw_mask_list                       0x20002b98   Data         128  lv_gc.o(.bss)
    __libspace_start                         0x2000ec18   Data          96  libspace.o(.bss)
    __temporary_stack_top$libspace           0x2000ec78   Data           0  libspace.o(.bss)



==============================================================================

Memory Map of the image

  Image Entry point : 0x08000189

  Load Region LR_IROM1 (Base: 0x08000000, Size: 0x0003e2a4, Max: 0x00100000, ABSOLUTE, COMPRESSED[0x0003e148])

    Execution Region ER_IROM1 (Exec base: 0x08000000, Load base: 0x08000000, Size: 0x0003e084, Max: 0x00100000, ABSOLUTE)

    Exec Addr    Load Addr    Size         Type   Attr      Idx    E Section Name        Object

    0x08000000   0x08000000   0x00000188   Data   RO         1109    RESET               startup_stm32f40_41xxx.o
    0x08000188   0x08000188   0x00000008   Code   RO        21144  * !!!main             c_w.l(__main.o)
    0x08000190   0x08000190   0x00000034   Code   RO        21369    !!!scatter          c_w.l(__scatter.o)
    0x080001c4   0x080001c4   0x0000005a   Code   RO        21367    !!dczerorl2         c_w.l(__dczerorl2.o)
    0x0800021e   0x0800021e   0x00000002   PAD
    0x08000220   0x08000220   0x0000001c   Code   RO        21371    !!handler_zi        c_w.l(__scatter_zi.o)
    0x0800023c   0x0800023c   0x00000002   Code   RO        21251    .ARM.Collect$$libinit$$00000000  c_w.l(libinit.o)
    0x0800023e   0x0800023e   0x00000004   Code   RO        21260    .ARM.Collect$$libinit$$00000001  c_w.l(libinit2.o)
    0x08000242   0x08000242   0x00000000   Code   RO        21263    .ARM.Collect$$libinit$$00000004  c_w.l(libinit2.o)
    0x08000242   0x08000242   0x00000000   Code   RO        21266    .ARM.Collect$$libinit$$0000000A  c_w.l(libinit2.o)
    0x08000242   0x08000242   0x00000000   Code   RO        21268    .ARM.Collect$$libinit$$0000000C  c_w.l(libinit2.o)
    0x08000242   0x08000242   0x00000000   Code   RO        21270    .ARM.Collect$$libinit$$0000000E  c_w.l(libinit2.o)
    0x08000242   0x08000242   0x00000000   Code   RO        21273    .ARM.Collect$$libinit$$00000011  c_w.l(libinit2.o)
    0x08000242   0x08000242   0x00000000   Code   RO        21275    .ARM.Collect$$libinit$$00000013  c_w.l(libinit2.o)
    0x08000242   0x08000242   0x00000000   Code   RO        21277    .ARM.Collect$$libinit$$00000015  c_w.l(libinit2.o)
    0x08000242   0x08000242   0x00000000   Code   RO        21279    .ARM.Collect$$libinit$$00000017  c_w.l(libinit2.o)
    0x08000242   0x08000242   0x00000000   Code   RO        21281    .ARM.Collect$$libinit$$00000019  c_w.l(libinit2.o)
    0x08000242   0x08000242   0x00000000   Code   RO        21283    .ARM.Collect$$libinit$$0000001B  c_w.l(libinit2.o)
    0x08000242   0x08000242   0x00000000   Code   RO        21285    .ARM.Collect$$libinit$$0000001D  c_w.l(libinit2.o)
    0x08000242   0x08000242   0x00000000   Code   RO        21287    .ARM.Collect$$libinit$$0000001F  c_w.l(libinit2.o)
    0x08000242   0x08000242   0x00000000   Code   RO        21289    .ARM.Collect$$libinit$$00000021  c_w.l(libinit2.o)
    0x08000242   0x08000242   0x00000000   Code   RO        21291    .ARM.Collect$$libinit$$00000023  c_w.l(libinit2.o)
    0x08000242   0x08000242   0x00000000   Code   RO        21293    .ARM.Collect$$libinit$$00000025  c_w.l(libinit2.o)
    0x08000242   0x08000242   0x00000000   Code   RO        21297    .ARM.Collect$$libinit$$0000002C  c_w.l(libinit2.o)
    0x08000242   0x08000242   0x00000000   Code   RO        21299    .ARM.Collect$$libinit$$0000002E  c_w.l(libinit2.o)
    0x08000242   0x08000242   0x00000000   Code   RO        21301    .ARM.Collect$$libinit$$00000030  c_w.l(libinit2.o)
    0x08000242   0x08000242   0x00000000   Code   RO        21303    .ARM.Collect$$libinit$$00000032  c_w.l(libinit2.o)
    0x08000242   0x08000242   0x00000002   Code   RO        21304    .ARM.Collect$$libinit$$00000033  c_w.l(libinit2.o)
    0x08000244   0x08000244   0x00000002   Code   RO        21338    .ARM.Collect$$libshutdown$$00000000  c_w.l(libshutdown.o)
    0x08000246   0x08000246   0x00000000   Code   RO        21348    .ARM.Collect$$libshutdown$$00000002  c_w.l(libshutdown2.o)
    0x08000246   0x08000246   0x00000000   Code   RO        21350    .ARM.Collect$$libshutdown$$00000004  c_w.l(libshutdown2.o)
    0x08000246   0x08000246   0x00000000   Code   RO        21352    .ARM.Collect$$libshutdown$$00000006  c_w.l(libshutdown2.o)
    0x08000246   0x08000246   0x00000000   Code   RO        21355    .ARM.Collect$$libshutdown$$00000009  c_w.l(libshutdown2.o)
    0x08000246   0x08000246   0x00000000   Code   RO        21358    .ARM.Collect$$libshutdown$$0000000C  c_w.l(libshutdown2.o)
    0x08000246   0x08000246   0x00000000   Code   RO        21360    .ARM.Collect$$libshutdown$$0000000E  c_w.l(libshutdown2.o)
    0x08000246   0x08000246   0x00000000   Code   RO        21363    .ARM.Collect$$libshutdown$$00000011  c_w.l(libshutdown2.o)
    0x08000246   0x08000246   0x00000002   Code   RO        21364    .ARM.Collect$$libshutdown$$00000012  c_w.l(libshutdown2.o)
    0x08000248   0x08000248   0x00000000   Code   RO        21176    .ARM.Collect$$rtentry$$00000000  c_w.l(__rtentry.o)
    0x08000248   0x08000248   0x00000000   Code   RO        21203    .ARM.Collect$$rtentry$$00000002  c_w.l(__rtentry2.o)
    0x08000248   0x08000248   0x00000006   Code   RO        21215    .ARM.Collect$$rtentry$$00000004  c_w.l(__rtentry4.o)
    0x0800024e   0x0800024e   0x00000000   Code   RO        21205    .ARM.Collect$$rtentry$$00000009  c_w.l(__rtentry2.o)
    0x0800024e   0x0800024e   0x00000004   Code   RO        21206    .ARM.Collect$$rtentry$$0000000A  c_w.l(__rtentry2.o)
    0x08000252   0x08000252   0x00000000   Code   RO        21208    .ARM.Collect$$rtentry$$0000000C  c_w.l(__rtentry2.o)
    0x08000252   0x08000252   0x00000008   Code   RO        21209    .ARM.Collect$$rtentry$$0000000D  c_w.l(__rtentry2.o)
    0x0800025a   0x0800025a   0x00000002   Code   RO        21252    .ARM.Collect$$rtexit$$00000000  c_w.l(rtexit.o)
    0x0800025c   0x0800025c   0x00000000   Code   RO        21306    .ARM.Collect$$rtexit$$00000002  c_w.l(rtexit2.o)
    0x0800025c   0x0800025c   0x00000004   Code   RO        21307    .ARM.Collect$$rtexit$$00000003  c_w.l(rtexit2.o)
    0x08000260   0x08000260   0x00000006   Code   RO        21308    .ARM.Collect$$rtexit$$00000004  c_w.l(rtexit2.o)
    0x08000266   0x08000266   0x00000002   PAD
    0x08000268   0x08000268   0x00000108   Code   RO            3    .text               main.o
    0x08000370   0x08000370   0x0000001a   Code   RO          556    .text               stm32f4xx_it.o
    0x0800038a   0x0800038a   0x00000002   PAD
    0x0800038c   0x0800038c   0x00000210   Code   RO          605    .text               system_stm32f4xx.o
    0x0800059c   0x0800059c   0x00000324   Code   RO          651    .text               lcd_init.o
    0x080008c0   0x080008c0   0x000008d4   Code   RO          671    .text               lcd.o
    0x08001194   0x08001194   0x00000088   Code   RO         1018    .text               timer.o
    0x0800121c   0x0800121c   0x00000104   Code   RO         1038    .text               delay_1.o
    0x08001320   0x08001320   0x00000148   Code   RO         1078    .text               usart.o
    0x08001468   0x08001468   0x00000040   Code   RO         1110    .text               startup_stm32f40_41xxx.o
    0x080014a8   0x080014a8   0x000000e0   Code   RO         1116    .text               misc.o
    0x08001588   0x08001588   0x00000294   Code   RO         1136    .text               stm32f4xx_gpio.o
    0x0800181c   0x0800181c   0x0000065c   Code   RO         1156    .text               stm32f4xx_rcc.o
    0x08001e78   0x08001e78   0x00000454   Code   RO         1178    .text               stm32f4xx_usart.o
    0x080022cc   0x080022cc   0x00000ca2   Code   RO         1218    .text               stm32f4xx_tim.o
    0x08002f6e   0x08002f6e   0x00000002   PAD
    0x08002f70   0x08002f70   0x00000078   Code   RO         1238    .text               lv_port_disp_template.o
    0x08002fe8   0x08002fe8   0x00000624   Code   RO         1648    .text               lv_disp.o
    0x0800360c   0x0800360c   0x000007a4   Code   RO         1812    .text               lv_event.o
    0x08003db0   0x08003db0   0x000006aa   Code   RO         1954    .text               lv_group.o
    0x0800445a   0x0800445a   0x00000002   PAD
    0x0800445c   0x0800445c   0x0000124c   Code   RO         2109    .text               lv_indev.o
    0x080056a8   0x080056a8   0x00000d4e   Code   RO         2168    .text               lv_indev_scroll.o
    0x080063f6   0x080063f6   0x00000002   PAD
    0x080063f8   0x080063f8   0x000011b8   Code   RO         2256    .text               lv_obj.o
    0x080075b0   0x080075b0   0x00000224   Code   RO         2363    .text               lv_obj_class.o
    0x080077d4   0x080077d4   0x000009ae   Code   RO         2375    .text               lv_obj_draw.o
    0x08008182   0x08008182   0x00000002   PAD
    0x08008184   0x08008184   0x00001b00   Code   RO         2521    .text               lv_obj_pos.o
    0x08009c84   0x08009c84   0x00001598   Code   RO         2622    .text               lv_obj_scroll.o
    0x0800b21c   0x0800b21c   0x00001274   Code   RO         2725    .text               lv_obj_style.o
    0x0800c490   0x0800c490   0x00000992   Code   RO         2827    .text               lv_obj_style_gen.o
    0x0800ce22   0x0800ce22   0x00000002   PAD
    0x0800ce24   0x0800ce24   0x00000672   Code   RO         2872    .text               lv_obj_tree.o
    0x0800d496   0x0800d496   0x00000002   PAD
    0x0800d498   0x0800d498   0x00000f44   Code   RO         2957    .text               lv_refr.o
    0x0800e3dc   0x0800e3dc   0x00000100   Code   RO         3060    .text               lv_theme.o
    0x0800e4dc   0x0800e4dc   0x00000002   Code   RO         3455    .text               lv_draw.o
    0x0800e4de   0x0800e4de   0x000004d2   Code   RO         3589    .text               lv_draw_arc.o
    0x0800e9b0   0x0800e9b0   0x00000488   Code   RO         3640    .text               lv_draw_img.o
    0x0800ee38   0x0800ee38   0x0000087c   Code   RO         3755    .text               lv_draw_label.o
    0x0800f6b4   0x0800f6b4   0x00000086   Code   RO         3852    .text               lv_draw_line.o
    0x0800f73a   0x0800f73a   0x00000002   PAD
    0x0800f73c   0x0800f73c   0x00001db0   Code   RO         4007    .text               lv_draw_mask.o
    0x080114ec   0x080114ec   0x00000110   Code   RO         4072    .text               lv_draw_rect.o
    0x080115fc   0x080115fc   0x0000116a   Code   RO         4142    .text               lv_img_buf.o
    0x08012766   0x08012766   0x00000002   PAD
    0x08012768   0x08012768   0x00000064   Code   RO         4185    .text               lv_img_cache.o
    0x080127cc   0x080127cc   0x00000a7c   Code   RO         4228    .text               lv_img_decoder.o
    0x08013248   0x08013248   0x0000006c   Code   RO         4291    .text               lv_draw_sw.o
    0x080132b4   0x080132b4   0x00000d9a   Code   RO         4425    .text               lv_draw_sw_arc.o
    0x0801404e   0x0801404e   0x00000002   PAD
    0x08014050   0x08014050   0x00000f30   Code   RO         4529    .text               lv_draw_sw_blend.o
    0x08014f80   0x08014f80   0x00000544   Code   RO         4666    .text               lv_draw_sw_gradient.o
    0x080154c4   0x080154c4   0x000005ba   Code   RO         4718    .text               lv_draw_sw_img.o
    0x08015a7e   0x08015a7e   0x00000002   PAD
    0x08015a80   0x08015a80   0x000004b2   Code   RO         4808    .text               lv_draw_sw_letter.o
    0x08015f32   0x08015f32   0x00000002   PAD
    0x08015f34   0x08015f34   0x000009f8   Code   RO         4907    .text               lv_draw_sw_line.o
    0x0801692c   0x0801692c   0x00000394   Code   RO         5002    .text               lv_draw_sw_polygon.o
    0x08016cc0   0x08016cc0   0x0000203a   Code   RO         5070    .text               lv_draw_sw_rect.o
    0x08018cfa   0x08018cfa   0x00000002   PAD
    0x08018cfc   0x08018cfc   0x00000f08   Code   RO         5167    .text               lv_flex.o
    0x08019c04   0x08019c04   0x00000f54   Code   RO         5335    .text               lv_grid.o
    0x0801ab58   0x0801ab58   0x00003254   Code   RO        10397    .text               lv_theme_default.o
    0x0801ddac   0x0801ddac   0x0000061c   Code   RO        11599    .text               lv_calendar.o
    0x0801e3c8   0x0801e3c8   0x00000220   Code   RO        11998    .text               lv_calendar_header_arrow.o
    0x0801e5e8   0x0801e5e8   0x00000198   Code   RO        12181    .text               lv_calendar_header_dropdown.o
    0x0801e780   0x0801e780   0x0000299e   Code   RO        12297    .text               lv_chart.o
    0x0802111e   0x0802111e   0x00000002   PAD
    0x08021120   0x08021120   0x00000e58   Code   RO        12694    .text               lv_colorwheel.o
    0x08021f78   0x08021f78   0x00000430   Code   RO        13489    .text               lv_keyboard.o
    0x080223a8   0x080223a8   0x00000400   Code   RO        13664    .text               lv_led.o
    0x080227a8   0x080227a8   0x00000964   Code   RO        14244    .text               lv_menu.o
    0x0802310c   0x0802310c   0x000010ac   Code   RO        14421    .text               lv_meter.o
    0x080241b8   0x080241b8   0x000006b0   Code   RO        15613    .text               lv_spinbox.o
    0x08024868   0x08024868   0x000000f4   Code   RO        16010    .text               lv_spinner.o
    0x0802495c   0x0802495c   0x0000056c   Code   RO        16408    .text               lv_tabview.o
    0x08024ec8   0x08024ec8   0x000002a4   Code   RO        16806    .text               lv_tileview.o
    0x0802516c   0x0802516c   0x00000140   Code   RO        16968    .text               lv_win.o
    0x080252ac   0x080252ac   0x0000000c   Code   RO        17366    .text               lv_extra.o
    0x080252b8   0x080252b8   0x000000b2   Code   RO        17761    .text               lv_font.o
    0x0802536a   0x0802536a   0x00000002   PAD
    0x0802536c   0x0802536c   0x000003d8   Code   RO        18193    .text               lv_font_fmt_txt.o
    0x08025744   0x08025744   0x00000a70   Code   RO        18863    .text               lv_hal_disp.o
    0x080261b4   0x080261b4   0x000001cc   Code   RO        19045    .text               lv_hal_indev.o
    0x08026380   0x08026380   0x0000004c   Code   RO        19204    .text               lv_hal_tick.o
    0x080263cc   0x080263cc   0x00000632   Code   RO        19224    .text               lv_anim.o
    0x080269fe   0x080269fe   0x000008dc   Code   RO        19317    .text               lv_area.o
    0x080272da   0x080272da   0x00000002   PAD
    0x080272dc   0x080272dc   0x00000058   Code   RO        19332    .text               lv_async.o
    0x08027334   0x08027334   0x000004c8   Code   RO        19376    .text               lv_color.o
    0x080277fc   0x080277fc   0x00000668   Code   RO        19392    .text               lv_fs.o
    0x08027e64   0x08027e64   0x000000d0   Code   RO        19432    .text               lv_gc.o
    0x08027f34   0x08027f34   0x00000342   Code   RO        19457    .text               lv_ll.o
    0x08028276   0x08028276   0x00000002   PAD
    0x08028278   0x08028278   0x00000244   Code   RO        19490    .text               lv_math.o
    0x080284bc   0x080284bc   0x000006aa   Code   RO        19505    .text               lv_mem.o
    0x08028b66   0x08028b66   0x00000002   PAD
    0x08028b68   0x08028b68   0x00000968   Code   RO        19523    .text               lv_printf.o
    0x080294d0   0x080294d0   0x000004e0   Code   RO        19535    .text               lv_style.o
    0x080299b0   0x080299b0   0x000007fe   Code   RO        19570    .text               lv_style_gen.o
    0x0802a1ae   0x0802a1ae   0x00000002   PAD
    0x0802a1b0   0x0802a1b0   0x000002a0   Code   RO        19593    .text               lv_timer.o
    0x0802a450   0x0802a450   0x00000da2   Code   RO        19607    .text               lv_tlsf.o
    0x0802b1f2   0x0802b1f2   0x00000002   PAD
    0x0802b1f4   0x0802b1f4   0x000008dc   Code   RO        19619    .text               lv_txt.o
    0x0802bad0   0x0802bad0   0x00000054   Code   RO        19719    .text               lv_utils.o
    0x0802bb24   0x0802bb24   0x00000f9e   Code   RO        19734    .text               lv_arc.o
    0x0802cac2   0x0802cac2   0x00000002   PAD
    0x0802cac4   0x0802cac4   0x00000aec   Code   RO        19898    .text               lv_bar.o
    0x0802d5b0   0x0802d5b0   0x0000003c   Code   RO        20003    .text               lv_btn.o
    0x0802d5ec   0x0802d5ec   0x000014cc   Code   RO        20027    .text               lv_btnmatrix.o
    0x0802eab8   0x0802eab8   0x00000562   Code   RO        20214    .text               lv_checkbox.o
    0x0802f01a   0x0802f01a   0x00000002   PAD
    0x0802f01c   0x0802f01c   0x00001324   Code   RO        20308    .text               lv_dropdown.o
    0x08030340   0x08030340   0x00000fde   Code   RO        20406    .text               lv_img.o
    0x0803131e   0x0803131e   0x00000002   PAD
    0x08031320   0x08031320   0x00001636   Code   RO        20500    .text               lv_label.o
    0x08032956   0x08032956   0x00000002   PAD
    0x08032958   0x08032958   0x00000284   Code   RO        20600    .text               lv_line.o
    0x08032bdc   0x08032bdc   0x00000d90   Code   RO        20625    .text               lv_roller.o
    0x0803396c   0x0803396c   0x00000bf4   Code   RO        20707    .text               lv_slider.o
    0x08034560   0x08034560   0x00000472   Code   RO        20823    .text               lv_switch.o
    0x080349d2   0x080349d2   0x00000002   PAD
    0x080349d4   0x080349d4   0x00001358   Code   RO        20927    .text               lv_table.o
    0x08035d2c   0x08035d2c   0x000016f4   Code   RO        21010    .text               lv_textarea.o
    0x08037420   0x08037420   0x00000002   Code   RO        21114    .text               c_w.l(use_no_semi_2.o)
    0x08037422   0x08037422   0x000000ee   Code   RO        21116    .text               c_w.l(lludivv7m.o)
    0x08037510   0x08037510   0x00000048   Code   RO        21124    .text               c_w.l(strcpy.o)
    0x08037558   0x08037558   0x0000003e   Code   RO        21126    .text               c_w.l(strlen.o)
    0x08037596   0x08037596   0x00000018   Code   RO        21128    .text               c_w.l(strcat.o)
    0x080375ae   0x080375ae   0x0000008a   Code   RO        21130    .text               c_w.l(rt_memcpy_v6.o)
    0x08037638   0x08037638   0x00000064   Code   RO        21134    .text               c_w.l(rt_memcpy_w.o)
    0x0803769c   0x0803769c   0x0000004e   Code   RO        21138    .text               c_w.l(rt_memclr_w.o)
    0x080376ea   0x080376ea   0x00000002   PAD
    0x080376ec   0x080376ec   0x00000080   Code   RO        21140    .text               c_w.l(strcmpv7m.o)
    0x0803776c   0x0803776c   0x00000006   Code   RO        21142    .text               c_w.l(heapauxi.o)
    0x08037772   0x08037772   0x00000002   Code   RO        21174    .text               c_w.l(use_no_semi.o)
    0x08037774   0x08037774   0x00000008   Code   RO        21228    .text               c_w.l(libspace.o)
    0x0803777c   0x0803777c   0x0000004a   Code   RO        21232    .text               c_w.l(sys_stackheap_outer.o)
    0x080377c6   0x080377c6   0x00000012   Code   RO        21236    .text               c_w.l(exit.o)
    0x080377d8   0x080377d8   0x0000000a   Code   RO        21316    x$fpl$fpinit        fz_wm.l(fpinit.o)
    0x080377e2   0x080377e2   0x00002256   Data   RO          672    .constdata          lcd.o
    0x08039a38   0x08039a38   0x0000001c   Data   RO         2257    .constdata          lv_obj.o
    0x08039a54   0x08039a54   0x00000008   Data   RO         2522    .constdata          lv_obj_pos.o
    0x08039a5c   0x08039a5c   0x0000011e   Data   RO         4810    .constdata          lv_draw_sw_letter.o
    0x08039b7a   0x08039b7a   0x00000021   Data   RO         4908    .constdata          lv_draw_sw_line.o
    0x08039b9b   0x08039b9b   0x00000001   PAD
    0x08039b9c   0x08039b9c   0x00000008   Data   RO         5003    .constdata          lv_draw_sw_polygon.o
    0x08039ba4   0x08039ba4   0x00000016   Data   RO        10399    .constdata          lv_theme_default.o
    0x08039bba   0x08039bba   0x00000002   PAD
    0x08039bbc   0x08039bbc   0x0000001c   Data   RO        11600    .constdata          lv_calendar.o
    0x08039bd8   0x08039bd8   0x0000001c   Data   RO        11999    .constdata          lv_calendar_header_arrow.o
    0x08039bf4   0x08039bf4   0x0000001c   Data   RO        12182    .constdata          lv_calendar_header_dropdown.o
    0x08039c10   0x08039c10   0x0000001c   Data   RO        12298    .constdata          lv_chart.o
    0x08039c2c   0x08039c2c   0x0000001c   Data   RO        12695    .constdata          lv_colorwheel.o
    0x08039c48   0x08039c48   0x00000392   Data   RO        13490    .constdata          lv_keyboard.o
    0x08039fda   0x08039fda   0x00000002   PAD
    0x08039fdc   0x08039fdc   0x0000001c   Data   RO        13665    .constdata          lv_led.o
    0x08039ff8   0x08039ff8   0x00000054   Data   RO        14062    .constdata          lv_list.o
    0x0803a04c   0x0803a04c   0x000000fc   Data   RO        14245    .constdata          lv_menu.o
    0x0803a148   0x0803a148   0x0000001c   Data   RO        14422    .constdata          lv_meter.o
    0x0803a164   0x0803a164   0x00000054   Data   RO        14819    .constdata          lv_msgbox.o
    0x0803a1b8   0x0803a1b8   0x0000001c   Data   RO        15614    .constdata          lv_spinbox.o
    0x0803a1d4   0x0803a1d4   0x0000001c   Data   RO        16011    .constdata          lv_spinner.o
    0x0803a1f0   0x0803a1f0   0x0000001c   Data   RO        16409    .constdata          lv_tabview.o
    0x0803a20c   0x0803a20c   0x00000038   Data   RO        16807    .constdata          lv_tileview.o
    0x0803a244   0x0803a244   0x0000001c   Data   RO        16969    .constdata          lv_win.o
    0x0803a260   0x0803a260   0x00003544   Data   RO        18284    .constdata          lv_font_montserrat_14.o
    0x0803d7a4   0x0803d7a4   0x0000017c   Data   RO        19377    .constdata          lv_color.o
    0x0803d920   0x0803d920   0x000000b6   Data   RO        19491    .constdata          lv_math.o
    0x0803d9d6   0x0803d9d6   0x00000002   PAD
    0x0803d9d8   0x0803d9d8   0x0000001c   Data   RO        19735    .constdata          lv_arc.o
    0x0803d9f4   0x0803d9f4   0x0000001c   Data   RO        19899    .constdata          lv_bar.o
    0x0803da10   0x0803da10   0x0000001c   Data   RO        20004    .constdata          lv_btn.o
    0x0803da2c   0x0803da2c   0x0000001c   Data   RO        20028    .constdata          lv_btnmatrix.o
    0x0803da48   0x0803da48   0x0000001c   Data   RO        20215    .constdata          lv_checkbox.o
    0x0803da64   0x0803da64   0x00000038   Data   RO        20309    .constdata          lv_dropdown.o
    0x0803da9c   0x0803da9c   0x0000001c   Data   RO        20407    .constdata          lv_img.o
    0x0803dab8   0x0803dab8   0x0000001c   Data   RO        20501    .constdata          lv_label.o
    0x0803dad4   0x0803dad4   0x0000001c   Data   RO        20601    .constdata          lv_line.o
    0x0803daf0   0x0803daf0   0x00000038   Data   RO        20626    .constdata          lv_roller.o
    0x0803db28   0x0803db28   0x0000001c   Data   RO        20708    .constdata          lv_slider.o
    0x0803db44   0x0803db44   0x0000001c   Data   RO        20824    .constdata          lv_switch.o
    0x0803db60   0x0803db60   0x0000001c   Data   RO        20928    .constdata          lv_table.o
    0x0803db7c   0x0803db7c   0x0000001c   Data   RO        21011    .constdata          lv_textarea.o
    0x0803db98   0x0803db98   0x0000001b   Data   RO        11601    .conststring        lv_calendar.o
    0x0803dbb3   0x0803dbb3   0x00000001   PAD
    0x0803dbb4   0x0803dbb4   0x00000069   Data   RO        12000    .conststring        lv_calendar_header_arrow.o
    0x0803dc1d   0x0803dc1d   0x00000003   PAD
    0x0803dc20   0x0803dc20   0x0000028c   Data   RO        12183    .conststring        lv_calendar_header_dropdown.o
    0x0803deac   0x0803deac   0x0000018d   Data   RO        13491    .conststring        lv_keyboard.o
    0x0803e039   0x0803e039   0x00000003   PAD
    0x0803e03c   0x0803e03c   0x00000025   Data   RO        20029    .conststring        lv_btnmatrix.o
    0x0803e061   0x0803e061   0x00000003   PAD
    0x0803e064   0x0803e064   0x00000020   Data   RO        21365    Region$$Table       anon$$obj.o


    Execution Region RW_IRAM1 (Exec base: 0x20000000, Load base: 0x0803e084, Size: 0x0000f678, Max: 0x00020000, ABSOLUTE, COMPRESSED[0x000000c4])

    Exec Addr    Load Addr    Size         Type   Attr      Idx    E Section Name        Object

    0x20000000   COMPRESSED   0x00000014   Data   RW          606    .data               system_stm32f4xx.o
    0x20000014   COMPRESSED   0x00000004   Data   RW         1039    .data               delay_1.o
    0x20000018   COMPRESSED   0x00000006   Data   RW         1080    .data               usart.o
    0x2000001e   COMPRESSED   0x00000010   Data   RW         1157    .data               stm32f4xx_rcc.o
    0x2000002e   COMPRESSED   0x00000002   PAD
    0x20000030   COMPRESSED   0x00000008   Data   RW         1813    .data               lv_event.o
    0x20000038   COMPRESSED   0x00000004   Data   RW         1955    .data               lv_group.o
    0x2000003c   COMPRESSED   0x00000009   Data   RW         2110    .data               lv_indev.o
    0x20000045   COMPRESSED   0x00000003   PAD
    0x20000048   COMPRESSED   0x00000008   Data   RW         2258    .data               lv_obj.o
    0x20000050   COMPRESSED   0x00000005   Data   RW         2523    .data               lv_obj_pos.o
    0x20000055   COMPRESSED   0x00000001   Data   RW         2726    .data               lv_obj_style.o
    0x20000056   COMPRESSED   0x00000002   PAD
    0x20000058   COMPRESSED   0x00000008   Data   RW         2958    .data               lv_refr.o
    0x20000060   COMPRESSED   0x00000009   Data   RW         4667    .data               lv_draw_sw_gradient.o
    0x20000069   COMPRESSED   0x00000003   PAD
    0x2000006c   COMPRESSED   0x00000008   Data   RW         4811    .data               lv_draw_sw_letter.o
    0x20000074   COMPRESSED   0x0000000e   Data   RW         5168    .data               lv_flex.o
    0x20000082   COMPRESSED   0x00000002   PAD
    0x20000084   COMPRESSED   0x00000018   Data   RW         5336    .data               lv_grid.o
    0x2000009c   COMPRESSED   0x00000020   Data   RW        10400    .data               lv_theme_default.o
    0x200000bc   COMPRESSED   0x0000001c   Data   RW        11602    .data               lv_calendar.o
    0x200000d8   COMPRESSED   0x00000030   Data   RW        12001    .data               lv_calendar_header_arrow.o
    0x20000108   COMPRESSED   0x00000008   Data   RW        12184    .data               lv_calendar_header_dropdown.o
    0x20000110   COMPRESSED   0x00000007   Data   RW        12696    .data               lv_colorwheel.o
    0x20000117   COMPRESSED   0x00000001   PAD
    0x20000118   COMPRESSED   0x00000048   Data   RW        13492    .data               lv_keyboard.o
    0x20000160   COMPRESSED   0x00000008   Data   RW        16012    .data               lv_spinner.o
    0x20000168   COMPRESSED   0x00000004   Data   RW        16410    .data               lv_tabview.o
    0x2000016c   COMPRESSED   0x0000000c   Data   RW        16808    .data               lv_tileview.o
    0x20000178   COMPRESSED   0x00000002   Data   RW        16970    .data               lv_win.o
    0x2000017a   COMPRESSED   0x00000002   PAD
    0x2000017c   COMPRESSED   0x00000008   Data   RW        18285    .data               lv_font_montserrat_14.o
    0x20000184   COMPRESSED   0x0000000d   Data   RW        18864    .data               lv_hal_disp.o
    0x20000191   COMPRESSED   0x00000003   PAD
    0x20000194   COMPRESSED   0x00000005   Data   RW        19205    .data               lv_hal_tick.o
    0x20000199   COMPRESSED   0x00000003   PAD
    0x2000019c   COMPRESSED   0x0000000c   Data   RW        19225    .data               lv_anim.o
    0x200001a8   COMPRESSED   0x00000014   Data   RW        19434    .data               lv_gc.o
    0x200001bc   COMPRESSED   0x00000004   Data   RW        19492    .data               lv_math.o
    0x200001c0   COMPRESSED   0x00000008   Data   RW        19507    .data               lv_mem.o
    0x200001c8   COMPRESSED   0x00000002   Data   RW        19536    .data               lv_style.o
    0x200001ca   COMPRESSED   0x00000002   PAD
    0x200001cc   COMPRESSED   0x00000014   Data   RW        19594    .data               lv_timer.o
    0x200001e0   COMPRESSED   0x00000020   Data   RW        19620    .data               lv_txt.o
    0x20000200   COMPRESSED   0x0000001c   Data   RW        20030    .data               lv_btnmatrix.o
    0x2000021c   COMPRESSED   0x00000004   Data   RW        21012    .data               lv_textarea.o
    0x20000220        -       0x000000c8   Zero   RW         1079    .bss                usart.o
    0x200002e8        -       0x000025e8   Zero   RW         1239    .bss                lv_port_disp_template.o
    0x200028d0        -       0x00000100   Zero   RW         4809    .bss                lv_draw_sw_letter.o
    0x200029d0        -       0x0000004c   Zero   RW        10398    .bss                lv_theme_default.o
    0x20002a1c        -       0x000001fc   Zero   RW        19433    .bss                lv_gc.o
    0x20002c18        -       0x0000c000   Zero   RW        19506    .bss                lv_mem.o
    0x2000ec18        -       0x00000060   Zero   RW        21229    .bss                c_w.l(libspace.o)
    0x2000ec78        -       0x00000200   Zero   RW         1108    HEAP                startup_stm32f40_41xxx.o
    0x2000ee78        -       0x00000800   Zero   RW         1107    STACK               startup_stm32f40_41xxx.o


==============================================================================

Image component sizes


      Code (inc. data)   RO Data    RW Data    ZI Data      Debug   Object Name

       260          8          0          4          0       1485   delay_1.o
      2260         24       8790          0          0      15957   lcd.o
       804         12          0          0          0       2078   lcd_init.o
      1586         26          0         12          0      29247   lv_anim.o
      3998         10         28          0          0      69764   lv_arc.o
      2268         22          0          0          0       9635   lv_area.o
        88          4          0          0          0       1836   lv_async.o
      2796         30         28          0          0      57929   lv_bar.o
         0          0          0          0          0       5227   lv_bidi.o
        60          6         28          0          0       1519   lv_btn.o
      5324         24         65         28          0      52235   lv_btnmatrix.o
      1564         28         55         28          0      58576   lv_calendar.o
       544         32        133         48          0      50157   lv_calendar_header_arrow.o
       408         26        680          8          0      36376   lv_calendar_header_dropdown.o
     10654         32         28          0          0      90216   lv_chart.o
      1378         16         28          0          0      47766   lv_checkbox.o
      1224         24        380          0          0      11208   lv_color.o
      3672         28         28          7          0      75579   lv_colorwheel.o
      1572         32          0          0          0      53733   lv_disp.o
         2          0          0          0          0      17222   lv_draw.o
      1234          0          0          0          0      21548   lv_draw_arc.o
      1160         40          0          0          0      30207   lv_draw_img.o
      2172         22          0          0          0      29786   lv_draw_label.o
       134          0          0          0          0      30208   lv_draw_line.o
      7600         38          0          0          0      25949   lv_draw_mask.o
       272          6          0          0          0      24661   lv_draw_rect.o
       108         32          0          0          0      37702   lv_draw_sw.o
      3482          0          0          0          0      37200   lv_draw_sw_arc.o
      3888         32          0          0          0      52629   lv_draw_sw_blend.o
      1348         30          0          9          0      18166   lv_draw_sw_gradient.o
      1466          0          0          0          0      26497   lv_draw_sw_img.o
      1202         28        286          8        256      24897   lv_draw_sw_letter.o
      2552          4         33          0          0      26474   lv_draw_sw_line.o
       916          6          8          0          0      22225   lv_draw_sw_polygon.o
      8250          0          0          0          0      37200   lv_draw_sw_rect.o
      4900         62         56          0          0      55662   lv_dropdown.o
      1956         38          0          8          0      52529   lv_event.o
        12          0          0          0          0        540   lv_extra.o
      3848         86          0         14          0      70931   lv_flex.o
       178          0          0          0          0       6445   lv_font.o
         0          0          0          0          0       4580   lv_font_dejavu_16_persian_hebrew.o
       984         12          0          0          0       7249   lv_font_fmt_txt.o
         0          0      13636          8          0       2532   lv_font_montserrat_14.o
      1640         14          0          0          0       9771   lv_fs.o
       208         68          0         20        508       2134   lv_gc.o
      3924        110          0         24          0      77559   lv_grid.o
      1706         24          0          4          0      53064   lv_group.o
      2672         86          0         13          0      57831   lv_hal_disp.o
       460         10          0          0          0      45905   lv_hal_indev.o
        76         10          0          5          0       1688   lv_hal_tick.o
      4062          8         28          0          0      54900   lv_img.o
      4458         38          0          0          0      23157   lv_img_buf.o
       100          6          0          0          0       6415   lv_img_cache.o
      2684         32          0          0          0      20869   lv_img_decoder.o
      4684         46          0          9          0      26020   lv_indev.o
      3406          8          0          0          0      49569   lv_indev_scroll.o
      1072         66       1311         72          0      55480   lv_keyboard.o
      5686         74         28          0          0      63979   lv_label.o
      1024          8         28          0          0      54437   lv_led.o
       644          4         28          0          0      12758   lv_line.o
         0          0         84          0          0      47891   lv_list.o
       834          0          0          0          0       5795   lv_ll.o
       580         10        182          4          0       3621   lv_math.o
      1706         24          0          8      49152       6747   lv_mem.o
      2404         68        252          0          0      58858   lv_menu.o
      4268         22         28          0          0      77477   lv_meter.o
         0          0         84          0          0      51241   lv_msgbox.o
      4536         40         28          8          0      60370   lv_obj.o
       548          0          0          0          0       3040   lv_obj_class.o
      2478          0          0          0          0      63876   lv_obj_draw.o
      6912         66          8          5          0      62997   lv_obj_pos.o
      5528         46          0          0          0      60736   lv_obj_scroll.o
      4724         50          0          1          0      61614   lv_obj_style.o
      2450          0          0          0          0      43468   lv_obj_style_gen.o
      1650          8          0          0          0      36353   lv_obj_tree.o
       120         18          0          0       9704      48046   lv_port_disp_template.o
      2408         10          0          0          0       8187   lv_printf.o
      3908         26          0          8          0      43702   lv_refr.o
      3472         84         56          0          0      50504   lv_roller.o
      3060          4         28          0          0      52196   lv_slider.o
      1712         18         28          0          0      59299   lv_spinbox.o
       244         24         28          8          0      52837   lv_spinner.o
      1248         12          0          2          0      20569   lv_style.o
      2046          0          0          0          0      34529   lv_style_gen.o
      1138         12         28          0          0      47480   lv_switch.o
      4952         18         28          0          0      53902   lv_table.o
      1388         38         28          4          0      65649   lv_tabview.o
      5876        108         28          4          0      66962   lv_textarea.o
       256          8          0          0          0      51240   lv_theme.o
     12884        516         22         32         76      62830   lv_theme_default.o
       676         26         56         12          0      51755   lv_tileview.o
       672         40          0         20          0       5381   lv_timer.o
      3490         10          0          0          0      19682   lv_tlsf.o
      2268         34          0         32          0      14427   lv_txt.o
        84          0          0          0          0        972   lv_utils.o
       320          8         28          2          0      52394   lv_win.o
       264         90          0          0          0     331973   main.o
       224         20          0          0          0       1821   misc.o
        64         26        392          0       2560        832   startup_stm32f40_41xxx.o
       660         44          0          0          0       4161   stm32f4xx_gpio.o
        26          0          0          0          0       1226   stm32f4xx_it.o
      1628         52          0         16          0      13040   stm32f4xx_rcc.o
      3234         60          0          0          0      23020   stm32f4xx_tim.o
      1108         34          0          0          0       7888   stm32f4xx_usart.o
       528         46          0         20          0       1783   system_stm32f4xx.o
       136          4          0          0          0        726   timer.o
       328         16          0          6        200       3306   usart.o

    ----------------------------------------------------------------------
    225720       3172      27178        544      62456    3845501   Object Totals
         0          0         32          0          0          0   (incl. Generated)
        50          0         17         23          0          0   (incl. Padding)

    ----------------------------------------------------------------------

      Code (inc. data)   RO Data    RW Data    ZI Data      Debug   Library Member Name

        90          0          0          0          0          0   __dczerorl2.o
         8          0          0          0          0         68   __main.o
         0          0          0          0          0          0   __rtentry.o
        12          0          0          0          0          0   __rtentry2.o
         6          0          0          0          0          0   __rtentry4.o
        52          8          0          0          0          0   __scatter.o
        28          0          0          0          0          0   __scatter_zi.o
        18          0          0          0          0         80   exit.o
         6          0          0          0          0        152   heapauxi.o
         2          0          0          0          0          0   libinit.o
         6          0          0          0          0          0   libinit2.o
         2          0          0          0          0          0   libshutdown.o
         2          0          0          0          0          0   libshutdown2.o
         8          4          0          0         96         68   libspace.o
       238          0          0          0          0        100   lludivv7m.o
        78          0          0          0          0         80   rt_memclr_w.o
       138          0          0          0          0         68   rt_memcpy_v6.o
       100          0          0          0          0         80   rt_memcpy_w.o
         2          0          0          0          0          0   rtexit.o
        10          0          0          0          0          0   rtexit2.o
        24          0          0          0          0         68   strcat.o
       128          0          0          0          0         68   strcmpv7m.o
        72          0          0          0          0         80   strcpy.o
        62          0          0          0          0         76   strlen.o
        74          0          0          0          0         80   sys_stackheap_outer.o
         2          0          0          0          0         68   use_no_semi.o
         2          0          0          0          0         68   use_no_semi_2.o
        10          0          0          0          0        116   fpinit.o

    ----------------------------------------------------------------------
      1186         12          0          0         96       1320   Library Totals
         6          0          0          0          0          0   (incl. Padding)

    ----------------------------------------------------------------------

      Code (inc. data)   RO Data    RW Data    ZI Data      Debug   Library Name

      1170         12          0          0         96       1204   c_w.l
        10          0          0          0          0        116   fz_wm.l

    ----------------------------------------------------------------------
      1186         12          0          0         96       1320   Library Totals

    ----------------------------------------------------------------------

==============================================================================


      Code (inc. data)   RO Data    RW Data    ZI Data      Debug   

    226906       3184      27178        544      62552    3826349   Grand Totals
    226906       3184      27178        196      62552    3826349   ELF Image Totals (compressed)
    226906       3184      27178        196          0          0   ROM Totals

==============================================================================

    Total RO  Size (Code + RO Data)               254084 ( 248.13kB)
    Total RW  Size (RW Data + ZI Data)             63096 (  61.62kB)
    Total ROM Size (Code + RO Data + RW Data)     254280 ( 248.32kB)

==============================================================================

