Component: ARM Compiler 5.06 update 7 (build 960) Tool: armlink [4d3601]

==============================================================================

Section Cross References

    main.o(.text) refers to timer.o(.text) for Timer7_Init
    main.o(.text) refers to delay_1.o(.text) for delay_init
    main.o(.text) refers to lv_obj.o(.text) for lv_init
    main.o(.text) refers to lv_port_disp_template.o(.text) for lv_port_disp_init
    main.o(.text) refers to lv_port_indev_template.o(.text) for lv_port_indev_init
    main.o(.text) refers to lv_label.o(.text) for lv_label_create
    main.o(.text) refers to lv_style.o(.text) for lv_style_init
    main.o(.text) refers to lv_style_gen.o(.text) for lv_style_set_text_font
    main.o(.text) refers to lv_obj_style.o(.text) for lv_obj_add_style
    main.o(.text) refers to lv_img.o(.text) for lv_img_create
    main.o(.text) refers to lv_obj_pos.o(.text) for lv_obj_align
    main.o(.text) refers to lv_timer.o(.text) for lv_timer_handler
    main.o(.text) refers to lv_hal_disp.o(.text) for lv_disp_get_default
    main.o(.text) refers to lv_disp.o(.text) for lv_disp_get_scr_act
    main.o(.text) refers to main.o(.data) for style
    main.o(.text) refers to main.o(.constdata) for chinese
    main.o(.constdata) refers to main.o(.data) for cache
    main.o(.constdata) refers to lv_font_fmt_txt.o(.text) for lv_font_get_glyph_dsc_fmt_txt
    system_stm32f4xx.o(.text) refers to system_stm32f4xx.o(.data) for SystemCoreClock
    led.o(.text) refers to stm32f4xx_rcc.o(.text) for RCC_AHB1PeriphClockCmd
    led.o(.text) refers to stm32f4xx_gpio.o(.text) for GPIO_Init
    lcd_init.o(.text) refers to stm32f4xx_rcc.o(.text) for RCC_AHB1PeriphClockCmd
    lcd_init.o(.text) refers to stm32f4xx_gpio.o(.text) for GPIO_Init
    lcd_init.o(.text) refers to delay_1.o(.text) for delay_ms
    lcd.o(.text) refers to lcd_init.o(.text) for LCD_Address_Set
    lcd.o(.text) refers to lcd.o(.constdata) for tfont32
    touch.o(.text) refers to delay_1.o(.text) for delay_us
    touch.o(.text) refers to lcd.o(.text) for LCD_DrawLine
    touch.o(.text) refers to touch.o(.data) for CMD_RDX
    touch.o(.text) refers to dflt_clz.o(x$fpl$dfltu) for __aeabi_ui2d
    touch.o(.text) refers to sqrt.o(i.__hardfp_sqrt) for __hardfp_sqrt
    touch.o(.text) refers to dfixu.o(x$fpl$dfixu) for __aeabi_d2uiz
    touch.o(.text) refers to f2d.o(x$fpl$f2d) for __aeabi_f2d
    touch.o(.text) refers to dleqf.o(x$fpl$dleqf) for __aeabi_cdcmple
    touch.o(.text) refers to drleqf.o(x$fpl$drleqf) for __aeabi_cdrcmple
    touch.o(.data) refers to touch.o(.text) for TP_Init
    timer.o(.text) refers to stm32f4xx_rcc.o(.text) for RCC_APB1PeriphClockCmd
    timer.o(.text) refers to stm32f4xx_tim.o(.text) for TIM_TimeBaseInit
    timer.o(.text) refers to misc.o(.text) for NVIC_PriorityGroupConfig
    timer.o(.text) refers to lv_hal_tick.o(.text) for lv_tick_inc
    delay_1.o(.text) refers to misc.o(.text) for SysTick_CLKSourceConfig
    delay_1.o(.text) refers to delay_1.o(.data) for fac_us
    usart.o(.rev16_text) refers (Special) to use_no_semi_2.o(.text) for __use_no_semihosting
    usart.o(.revsh_text) refers (Special) to use_no_semi_2.o(.text) for __use_no_semihosting
    usart.o(.text) refers (Special) to use_no_semi_2.o(.text) for __use_no_semihosting
    usart.o(.text) refers to stm32f4xx_rcc.o(.text) for RCC_AHB1PeriphClockCmd
    usart.o(.text) refers to stm32f4xx_gpio.o(.text) for GPIO_PinAFConfig
    usart.o(.text) refers to stm32f4xx_usart.o(.text) for USART_Init
    usart.o(.text) refers to misc.o(.text) for NVIC_Init
    usart.o(.text) refers to usart.o(.data) for USART_RX_STA
    usart.o(.text) refers to usart.o(.bss) for USART_RX_BUF
    usart.o(.bss) refers (Special) to use_no_semi_2.o(.text) for __use_no_semihosting
    usart.o(.data) refers (Special) to use_no_semi_2.o(.text) for __use_no_semihosting
    startup_stm32f40_41xxx.o(STACK) refers (Special) to heapauxi.o(.text) for __use_two_region_memory
    startup_stm32f40_41xxx.o(HEAP) refers (Special) to heapauxi.o(.text) for __use_two_region_memory
    startup_stm32f40_41xxx.o(RESET) refers (Special) to heapauxi.o(.text) for __use_two_region_memory
    startup_stm32f40_41xxx.o(RESET) refers to startup_stm32f40_41xxx.o(STACK) for __initial_sp
    startup_stm32f40_41xxx.o(RESET) refers to startup_stm32f40_41xxx.o(.text) for Reset_Handler
    startup_stm32f40_41xxx.o(RESET) refers to stm32f4xx_it.o(.text) for NMI_Handler
    startup_stm32f40_41xxx.o(RESET) refers to usart.o(.text) for USART1_IRQHandler
    startup_stm32f40_41xxx.o(RESET) refers to timer.o(.text) for TIM7_IRQHandler
    startup_stm32f40_41xxx.o(.text) refers (Special) to heapauxi.o(.text) for __use_two_region_memory
    startup_stm32f40_41xxx.o(.text) refers to system_stm32f4xx.o(.text) for SystemInit
    startup_stm32f40_41xxx.o(.text) refers to __main.o(!!!main) for __main
    startup_stm32f40_41xxx.o(.text) refers to startup_stm32f40_41xxx.o(HEAP) for Heap_Mem
[...]
    lv_mem_monitor                           0x080291a5   Thumb Code    90  lv_mem.o(.text)
    lv_mem_alloc                             0x080291ff   Thumb Code    48  lv_mem.o(.text)
    lv_mem_free                              0x0802922f   Thumb Code    30  lv_mem.o(.text)
    lv_mem_realloc                           0x0802924d   Thumb Code    60  lv_mem.o(.text)
    lv_mem_test                              0x08029289   Thumb Code    66  lv_mem.o(.text)
    lv_mem_buf_get                           0x080292cb   Thumb Code   242  lv_mem.o(.text)
    lv_mem_buf_release                       0x080293bd   Thumb Code    44  lv_mem.o(.text)
    lv_mem_buf_free_all                      0x080293e9   Thumb Code    56  lv_mem.o(.text)
    lv_memcpy                                0x08029421   Thumb Code   658  lv_mem.o(.text)
    lv_memset_00                             0x080296b3   Thumb Code   110  lv_mem.o(.text)
    lv_memset_ff                             0x08029721   Thumb Code   114  lv_mem.o(.text)
    lv_snprintf                              0x0802a093   Thumb Code    42  lv_printf.o(.text)
    lv_vsnprintf                             0x0802a0bd   Thumb Code    30  lv_printf.o(.text)
    lv_style_init                            0x0802a12d   Thumb Code    14  lv_style.o(.text)
    lv_style_reset                           0x0802a13b   Thumb Code    44  lv_style.o(.text)
    lv_style_register_prop                   0x0802a167   Thumb Code    16  lv_style.o(.text)
    lv_style_remove_prop                     0x0802a177   Thumb Code   266  lv_style.o(.text)
    _lv_style_get_prop_group                 0x0802a281   Thumb Code    16  lv_style.o(.text)
    lv_style_set_prop                        0x0802a291   Thumb Code   308  lv_style.o(.text)
    lv_style_get_prop                        0x0802a3c5   Thumb Code    20  lv_style.o(.text)
    lv_style_transition_dsc_init             0x0802a3d9   Thumb Code    50  lv_style.o(.text)
    lv_style_prop_get_default                0x0802a40b   Thumb Code   330  lv_style.o(.text)
    lv_style_is_empty                        0x0802a555   Thumb Code    18  lv_style.o(.text)
    lv_style_set_width                       0x0802a5dd   Thumb Code    22  lv_style_gen.o(.text)
    lv_style_set_min_width                   0x0802a5f3   Thumb Code    22  lv_style_gen.o(.text)
    lv_style_set_max_width                   0x0802a609   Thumb Code    22  lv_style_gen.o(.text)
    lv_style_set_height                      0x0802a61f   Thumb Code    22  lv_style_gen.o(.text)
    lv_style_set_min_height                  0x0802a635   Thumb Code    22  lv_style_gen.o(.text)
    lv_style_set_max_height                  0x0802a64b   Thumb Code    22  lv_style_gen.o(.text)
    lv_style_set_x                           0x0802a661   Thumb Code    22  lv_style_gen.o(.text)
    lv_style_set_y                           0x0802a677   Thumb Code    22  lv_style_gen.o(.text)
    lv_style_set_align                       0x0802a68d   Thumb Code    22  lv_style_gen.o(.text)
    lv_style_set_transform_width             0x0802a6a3   Thumb Code    22  lv_style_gen.o(.text)
    lv_style_set_transform_height            0x0802a6b9   Thumb Code    22  lv_style_gen.o(.text)
    lv_style_set_translate_x                 0x0802a6cf   Thumb Code    22  lv_style_gen.o(.text)
    lv_style_set_translate_y                 0x0802a6e5   Thumb Code    22  lv_style_gen.o(.text)
    lv_style_set_transform_zoom              0x0802a6fb   Thumb Code    22  lv_style_gen.o(.text)
    lv_style_set_transform_angle             0x0802a711   Thumb Code    22  lv_style_gen.o(.text)
    lv_style_set_pad_top                     0x0802a727   Thumb Code    22  lv_style_gen.o(.text)
    lv_style_set_pad_bottom                  0x0802a73d   Thumb Code    22  lv_style_gen.o(.text)
    lv_style_set_pad_left                    0x0802a753   Thumb Code    22  lv_style_gen.o(.text)
    lv_style_set_pad_right                   0x0802a769   Thumb Code    22  lv_style_gen.o(.text)
    lv_style_set_pad_row                     0x0802a77f   Thumb Code    22  lv_style_gen.o(.text)
    lv_style_set_pad_column                  0x0802a795   Thumb Code    22  lv_style_gen.o(.text)
    lv_style_set_bg_color                    0x0802a7ab   Thumb Code    26  lv_style_gen.o(.text)
    lv_style_set_bg_color_filtered           0x0802a7c5   Thumb Code    28  lv_style_gen.o(.text)
    lv_style_set_bg_opa                      0x0802a7e1   Thumb Code    20  lv_style_gen.o(.text)
    lv_style_set_bg_grad_color               0x0802a7f5   Thumb Code    26  lv_style_gen.o(.text)
    lv_style_set_bg_grad_color_filtered      0x0802a80f   Thumb Code    28  lv_style_gen.o(.text)
    lv_style_set_bg_grad_dir                 0x0802a82b   Thumb Code    20  lv_style_gen.o(.text)
    lv_style_set_bg_main_stop                0x0802a83f   Thumb Code    20  lv_style_gen.o(.text)
    lv_style_set_bg_grad_stop                0x0802a853   Thumb Code    20  lv_style_gen.o(.text)
    lv_style_set_bg_grad                     0x0802a867   Thumb Code    20  lv_style_gen.o(.text)
    lv_style_set_bg_dither_mode              0x0802a87b   Thumb Code    20  lv_style_gen.o(.text)
    lv_style_set_bg_img_src                  0x0802a88f   Thumb Code    22  lv_style_gen.o(.text)
    lv_style_set_bg_img_opa                  0x0802a8a5   Thumb Code    20  lv_style_gen.o(.text)
    lv_style_set_bg_img_recolor              0x0802a8b9   Thumb Code    26  lv_style_gen.o(.text)
    lv_style_set_bg_img_recolor_filtered     0x0802a8d3   Thumb Code    28  lv_style_gen.o(.text)
    lv_style_set_bg_img_recolor_opa          0x0802a8ef   Thumb Code    20  lv_style_gen.o(.text)
    lv_style_set_bg_img_tiled                0x0802a903   Thumb Code    20  lv_style_gen.o(.text)
    lv_style_set_border_color                0x0802a917   Thumb Code    26  lv_style_gen.o(.text)
    lv_style_set_border_color_filtered       0x0802a931   Thumb Code    28  lv_style_gen.o(.text)
    lv_style_set_border_opa                  0x0802a94d   Thumb Code    20  lv_style_gen.o(.text)
    lv_style_set_border_width                0x0802a961   Thumb Code    22  lv_style_gen.o(.text)
    lv_style_set_border_side                 0x0802a977   Thumb Code    20  lv_style_gen.o(.text)
    lv_style_set_border_post                 0x0802a98b   Thumb Code    20  lv_style_gen.o(.text)
    lv_style_set_outline_width               0x0802a99f   Thumb Code    22  lv_style_gen.o(.text)
    lv_style_set_outline_color               0x0802a9b5   Thumb Code    26  lv_style_gen.o(.text)
    lv_style_set_outline_color_filtered      0x0802a9cf   Thumb Code    28  lv_style_gen.o(.text)
    lv_style_set_outline_opa                 0x0802a9eb   Thumb Code    22  lv_style_gen.o(.text)
    lv_style_set_outline_pad                 0x0802aa01   Thumb Code    22  lv_style_gen.o(.text)
    lv_style_set_shadow_width                0x0802aa17   Thumb Code    22  lv_style_gen.o(.text)
    lv_style_set_shadow_ofs_x                0x0802aa2d   Thumb Code    22  lv_style_gen.o(.text)
    lv_style_set_shadow_ofs_y                0x0802aa43   Thumb Code    22  lv_style_gen.o(.text)
    lv_style_set_shadow_spread               0x0802aa59   Thumb Code    22  lv_style_gen.o(.text)
    lv_style_set_shadow_color                0x0802aa6f   Thumb Code    26  lv_style_gen.o(.text)
    lv_style_set_shadow_color_filtered       0x0802aa89   Thumb Code    28  lv_style_gen.o(.text)
    lv_style_set_shadow_opa                  0x0802aaa5   Thumb Code    22  lv_style_gen.o(.text)
    lv_style_set_img_opa                     0x0802aabb   Thumb Code    20  lv_style_gen.o(.text)
    lv_style_set_img_recolor                 0x0802aacf   Thumb Code    26  lv_style_gen.o(.text)
    lv_style_set_img_recolor_filtered        0x0802aae9   Thumb Code    28  lv_style_gen.o(.text)
    lv_style_set_img_recolor_opa             0x0802ab05   Thumb Code    20  lv_style_gen.o(.text)
    lv_style_set_line_width                  0x0802ab19   Thumb Code    22  lv_style_gen.o(.text)
    lv_style_set_line_dash_width             0x0802ab2f   Thumb Code    20  lv_style_gen.o(.text)
    lv_style_set_line_dash_gap               0x0802ab43   Thumb Code    20  lv_style_gen.o(.text)
    lv_style_set_line_rounded                0x0802ab57   Thumb Code    20  lv_style_gen.o(.text)
    lv_style_set_line_color                  0x0802ab6b   Thumb Code    26  lv_style_gen.o(.text)
    lv_style_set_line_color_filtered         0x0802ab85   Thumb Code    28  lv_style_gen.o(.text)
    lv_style_set_line_opa                    0x0802aba1   Thumb Code    20  lv_style_gen.o(.text)
    lv_style_set_arc_width                   0x0802abb5   Thumb Code    22  lv_style_gen.o(.text)
    lv_style_set_arc_rounded                 0x0802abcb   Thumb Code    20  lv_style_gen.o(.text)
    lv_style_set_arc_color                   0x0802abdf   Thumb Code    26  lv_style_gen.o(.text)
    lv_style_set_arc_color_filtered          0x0802abf9   Thumb Code    28  lv_style_gen.o(.text)
    lv_style_set_arc_opa                     0x0802ac15   Thumb Code    20  lv_style_gen.o(.text)
    lv_style_set_arc_img_src                 0x0802ac29   Thumb Code    20  lv_style_gen.o(.text)
    lv_style_set_text_color                  0x0802ac3d   Thumb Code    28  lv_style_gen.o(.text)
    lv_style_set_text_color_filtered         0x0802ac59   Thumb Code    28  lv_style_gen.o(.text)
    lv_style_set_text_opa                    0x0802ac75   Thumb Code    22  lv_style_gen.o(.text)
    lv_style_set_text_font                   0x0802ac8b   Thumb Code    22  lv_style_gen.o(.text)
    lv_style_set_text_letter_space           0x0802aca1   Thumb Code    22  lv_style_gen.o(.text)
    lv_style_set_text_line_space             0x0802acb7   Thumb Code    22  lv_style_gen.o(.text)
    lv_style_set_text_decor                  0x0802accd   Thumb Code    22  lv_style_gen.o(.text)
    lv_style_set_text_align                  0x0802ace3   Thumb Code    22  lv_style_gen.o(.text)
    lv_style_set_radius                      0x0802acf9   Thumb Code    20  lv_style_gen.o(.text)
    lv_style_set_clip_corner                 0x0802ad0d   Thumb Code    20  lv_style_gen.o(.text)
    lv_style_set_opa                         0x0802ad21   Thumb Code    22  lv_style_gen.o(.text)
    lv_style_set_color_filter_dsc            0x0802ad37   Thumb Code    20  lv_style_gen.o(.text)
    lv_style_set_color_filter_opa            0x0802ad4b   Thumb Code    20  lv_style_gen.o(.text)
    lv_style_set_anim_time                   0x0802ad5f   Thumb Code    20  lv_style_gen.o(.text)
    lv_style_set_anim_speed                  0x0802ad73   Thumb Code    20  lv_style_gen.o(.text)
    lv_style_set_transition                  0x0802ad87   Thumb Code    20  lv_style_gen.o(.text)
    lv_style_set_blend_mode                  0x0802ad9b   Thumb Code    20  lv_style_gen.o(.text)
    lv_style_set_layout                      0x0802adaf   Thumb Code    22  lv_style_gen.o(.text)
    lv_style_set_base_dir                    0x0802adc5   Thumb Code    22  lv_style_gen.o(.text)
    lv_timer_enable                          0x0802addd   Thumb Code     6  lv_timer.o(.text)
    _lv_timer_core_init                      0x0802ade3   Thumb Code    18  lv_timer.o(.text)
    lv_timer_del                             0x0802ae11   Thumb Code    26  lv_timer.o(.text)
    lv_timer_handler                         0x0802ae7d   Thumb Code   298  lv_timer.o(.text)
    lv_timer_create                          0x0802afa7   Thumb Code    74  lv_timer.o(.text)
    lv_timer_create_basic                    0x0802aff1   Thumb Code    16  lv_timer.o(.text)
    lv_timer_set_cb                          0x0802b001   Thumb Code     4  lv_timer.o(.text)
    lv_timer_pause                           0x0802b005   Thumb Code     6  lv_timer.o(.text)
    lv_timer_resume                          0x0802b00b   Thumb Code     6  lv_timer.o(.text)
    lv_timer_set_period                      0x0802b011   Thumb Code     4  lv_timer.o(.text)
    lv_timer_ready                           0x0802b015   Thumb Code    18  lv_timer.o(.text)
    lv_timer_set_repeat_count                0x0802b027   Thumb Code     4  lv_timer.o(.text)
    lv_timer_reset                           0x0802b02b   Thumb Code    12  lv_timer.o(.text)
    lv_timer_get_idle                        0x0802b037   Thumb Code     6  lv_timer.o(.text)
    lv_timer_get_next                        0x0802b03d   Thumb Code    24  lv_timer.o(.text)
    lv_tlsf_check                            0x0802b821   Thumb Code   440  lv_tlsf.o(.text)
    lv_tlsf_walk_pool                        0x0802b9df   Thumb Code    98  lv_tlsf.o(.text)
    lv_tlsf_block_size                       0x0802ba41   Thumb Code    30  lv_tlsf.o(.text)
    lv_tlsf_check_pool                       0x0802ba5f   Thumb Code    24  lv_tlsf.o(.text)
    lv_tlsf_size                             0x0802ba77   Thumb Code     6  lv_tlsf.o(.text)
    lv_tlsf_align_size                       0x0802ba7d   Thumb Code     4  lv_tlsf.o(.text)
    lv_tlsf_block_size_min                   0x0802ba81   Thumb Code     4  lv_tlsf.o(.text)
    lv_tlsf_block_size_max                   0x0802ba85   Thumb Code     6  lv_tlsf.o(.text)
    lv_tlsf_pool_overhead                    0x0802ba8b   Thumb Code     4  lv_tlsf.o(.text)
    lv_tlsf_alloc_overhead                   0x0802ba8f   Thumb Code     4  lv_tlsf.o(.text)
    lv_tlsf_add_pool                         0x0802ba93   Thumb Code   142  lv_tlsf.o(.text)
    lv_tlsf_remove_pool                      0x0802bb21   Thumb Code   132  lv_tlsf.o(.text)
    lv_tlsf_create                           0x0802bba5   Thumb Code    36  lv_tlsf.o(.text)
    lv_tlsf_create_with_pool                 0x0802bbc9   Thumb Code    46  lv_tlsf.o(.text)
    lv_tlsf_destroy                          0x0802bbf7   Thumb Code     2  lv_tlsf.o(.text)
    lv_tlsf_get_pool                         0x0802bbf9   Thumb Code    12  lv_tlsf.o(.text)
    lv_tlsf_malloc                           0x0802bc05   Thumb Code    44  lv_tlsf.o(.text)
    lv_tlsf_memalign                         0x0802bc31   Thumb Code   190  lv_tlsf.o(.text)
    lv_tlsf_free                             0x0802bcef   Thumb Code    80  lv_tlsf.o(.text)
    lv_tlsf_realloc                          0x0802bd3f   Thumb Code   224  lv_tlsf.o(.text)
    _lv_txt_is_cmd                           0x0802be39   Thumb Code    66  lv_txt.o(.text)
    _lv_txt_encoded_letter_next_2            0x0802be7b   Thumb Code    50  lv_txt.o(.text)
    lv_txt_get_width                         0x0802bead   Thumb Code   136  lv_txt.o(.text)
    _lv_txt_get_next_line                    0x0802c095   Thumb Code   294  lv_txt.o(.text)
    lv_txt_get_size                          0x0802c1bb   Thumb Code   246  lv_txt.o(.text)
    _lv_txt_ins                              0x0802c2b1   Thumb Code    90  lv_txt.o(.text)
    _lv_txt_cut                              0x0802c30b   Thumb Code    72  lv_txt.o(.text)
    _lv_txt_set_text_vfmt                    0x0802c353   Thumb Code    80  lv_txt.o(.text)
    _lv_utils_bsearch                        0x0802c6fd   Thumb Code    84  lv_utils.o(.text)
    lv_arc_create                            0x0802c751   Thumb Code    28  lv_arc.o(.text)
    lv_arc_set_start_angle                   0x0802ca23   Thumb Code   140  lv_arc.o(.text)
    lv_arc_set_end_angle                     0x0802caaf   Thumb Code   146  lv_arc.o(.text)
    lv_arc_set_angles                        0x0802cb41   Thumb Code    26  lv_arc.o(.text)
    lv_arc_set_bg_start_angle                0x0802cc65   Thumb Code   130  lv_arc.o(.text)
    lv_arc_set_bg_end_angle                  0x0802cce7   Thumb Code   130  lv_arc.o(.text)
    lv_arc_set_bg_angles                     0x0802cd69   Thumb Code    26  lv_arc.o(.text)
    lv_arc_set_rotation                      0x0802cd83   Thumb Code    22  lv_arc.o(.text)
    lv_arc_set_value                         0x0802cd99   Thumb Code    84  lv_arc.o(.text)
    lv_arc_set_mode                          0x0802cded   Thumb Code   140  lv_arc.o(.text)
    lv_arc_set_range                         0x0802ce79   Thumb Code    70  lv_arc.o(.text)
    lv_arc_set_change_rate                   0x0802cebf   Thumb Code    10  lv_arc.o(.text)
    lv_arc_get_angle_start                   0x0802cec9   Thumb Code    10  lv_arc.o(.text)
    lv_arc_get_angle_end                     0x0802ced3   Thumb Code    10  lv_arc.o(.text)
    lv_arc_get_bg_angle_start                0x0802cedd   Thumb Code    10  lv_arc.o(.text)
    lv_arc_get_bg_angle_end                  0x0802cee7   Thumb Code    10  lv_arc.o(.text)
    lv_arc_get_value                         0x0802cef1   Thumb Code    12  lv_arc.o(.text)
    lv_arc_get_min_value                     0x0802cefd   Thumb Code    12  lv_arc.o(.text)
    lv_arc_get_max_value                     0x0802cf09   Thumb Code    12  lv_arc.o(.text)
    lv_arc_get_mode                          0x0802cf15   Thumb Code    16  lv_arc.o(.text)
    lv_bar_create                            0x0802d703   Thumb Code    28  lv_bar.o(.text)
    lv_bar_set_value                         0x0802d7f7   Thumb Code   102  lv_bar.o(.text)
    lv_bar_set_start_value                   0x0802d85d   Thumb Code   108  lv_bar.o(.text)
    lv_bar_get_mode                          0x0802d8c9   Thumb Code    18  lv_bar.o(.text)
    lv_bar_set_range                         0x0802d8db   Thumb Code    94  lv_bar.o(.text)
    lv_bar_set_mode                          0x0802d939   Thumb Code    40  lv_bar.o(.text)
    lv_bar_get_value                         0x0802d961   Thumb Code    22  lv_bar.o(.text)
    lv_bar_get_start_value                   0x0802d977   Thumb Code    38  lv_bar.o(.text)
    lv_bar_get_min_value                     0x0802d99d   Thumb Code    12  lv_bar.o(.text)
    lv_bar_get_max_value                     0x0802d9a9   Thumb Code    12  lv_bar.o(.text)
    lv_btn_create                            0x0802e1dd   Thumb Code    28  lv_btn.o(.text)
    lv_btnmatrix_create                      0x0802e22b   Thumb Code    28  lv_btnmatrix.o(.text)
    lv_btnmatrix_set_map                     0x0802e305   Thumb Code   490  lv_btnmatrix.o(.text)
    lv_btnmatrix_set_ctrl_map                0x0802e4ef   Thumb Code    34  lv_btnmatrix.o(.text)
    lv_btnmatrix_set_selected_btn            0x0802e60d   Thumb Code    58  lv_btnmatrix.o(.text)
    lv_btnmatrix_clear_btn_ctrl              0x0802e647   Thumb Code    64  lv_btnmatrix.o(.text)
    lv_btnmatrix_clear_btn_ctrl_all          0x0802e687   Thumb Code    42  lv_btnmatrix.o(.text)
    lv_btnmatrix_set_btn_ctrl                0x0802e6b1   Thumb Code    88  lv_btnmatrix.o(.text)
    lv_btnmatrix_set_btn_ctrl_all            0x0802e709   Thumb Code    42  lv_btnmatrix.o(.text)
    lv_btnmatrix_set_btn_width               0x0802e733   Thumb Code    72  lv_btnmatrix.o(.text)
    lv_btnmatrix_has_btn_ctrl                0x0802e77b   Thumb Code    40  lv_btnmatrix.o(.text)
    lv_btnmatrix_set_one_checked             0x0802e7cb   Thumb Code    26  lv_btnmatrix.o(.text)
    lv_btnmatrix_get_map                     0x0802e7e5   Thumb Code    12  lv_btnmatrix.o(.text)
    lv_btnmatrix_get_selected_btn            0x0802e7f1   Thumb Code    12  lv_btnmatrix.o(.text)
    lv_btnmatrix_get_btn_text                0x0802e7fd   Thumb Code    94  lv_btnmatrix.o(.text)
    lv_btnmatrix_get_one_checked             0x0802e85b   Thumb Code    18  lv_btnmatrix.o(.text)
    lv_checkbox_create                       0x0802f6e5   Thumb Code    28  lv_checkbox.o(.text)
    lv_checkbox_set_text                     0x0802f701   Thumb Code    76  lv_checkbox.o(.text)
    lv_checkbox_set_text_static              0x0802f74d   Thumb Code    44  lv_checkbox.o(.text)
    lv_checkbox_get_text                     0x0802f779   Thumb Code     8  lv_checkbox.o(.text)
    lv_dropdown_create                       0x0802fc49   Thumb Code    28  lv_dropdown.o(.text)
    lv_dropdown_set_text                     0x0802fc65   Thumb Code    32  lv_dropdown.o(.text)
    lv_dropdown_set_options                  0x0802fc85   Thumb Code   174  lv_dropdown.o(.text)
    lv_dropdown_set_options_static           0x0802fd33   Thumb Code   128  lv_dropdown.o(.text)
    lv_dropdown_add_option                   0x0802fdb3   Thumb Code   370  lv_dropdown.o(.text)
    lv_dropdown_clear_options                0x0802ff25   Thumb Code    72  lv_dropdown.o(.text)
    lv_dropdown_set_selected                 0x0802ff6d   Thumb Code    50  lv_dropdown.o(.text)
    lv_dropdown_set_dir                      0x0802ff9f   Thumb Code    48  lv_dropdown.o(.text)
    lv_dropdown_set_symbol                   0x0802ffcf   Thumb Code    22  lv_dropdown.o(.text)
    lv_dropdown_set_selected_highlight       0x0802ffe5   Thumb Code    36  lv_dropdown.o(.text)
    lv_dropdown_get_list                     0x08030009   Thumb Code    12  lv_dropdown.o(.text)
    lv_dropdown_get_text                     0x08030015   Thumb Code    12  lv_dropdown.o(.text)
    lv_dropdown_get_options                  0x08030021   Thumb Code    36  lv_dropdown.o(.text)
    lv_dropdown_get_selected                 0x08030045   Thumb Code    12  lv_dropdown.o(.text)
    lv_dropdown_get_option_cnt               0x08030051   Thumb Code    12  lv_dropdown.o(.text)
    lv_dropdown_get_selected_str             0x0803005d   Thumb Code   126  lv_dropdown.o(.text)
    lv_dropdown_get_symbol                   0x080300db   Thumb Code    12  lv_dropdown.o(.text)
    lv_dropdown_get_selected_highlight       0x080300e7   Thumb Code    18  lv_dropdown.o(.text)
    lv_dropdown_get_dir                      0x080300f9   Thumb Code    18  lv_dropdown.o(.text)
    lv_dropdown_open                         0x0803018f   Thumb Code   676  lv_dropdown.o(.text)
    lv_dropdown_close                        0x08030433   Thumb Code    44  lv_dropdown.o(.text)
    lv_dropdown_is_open                      0x0803045f   Thumb Code    24  lv_dropdown.o(.text)
    lv_img_create                            0x08030f7f   Thumb Code    28  lv_img.o(.text)
    lv_img_set_src                           0x08030f9b   Thumb Code   458  lv_img.o(.text)
    lv_img_set_offset_x                      0x08031165   Thumb Code    34  lv_img.o(.text)
    lv_img_set_offset_y                      0x08031187   Thumb Code    36  lv_img.o(.text)
    lv_img_set_angle                         0x080311ab   Thumb Code   286  lv_img.o(.text)
    lv_img_set_pivot                         0x080312c9   Thumb Code   290  lv_img.o(.text)
    lv_img_set_zoom                          0x080313eb   Thumb Code   286  lv_img.o(.text)
    lv_img_set_antialias                     0x08031509   Thumb Code    42  lv_img.o(.text)
    lv_img_set_size_mode                     0x08031533   Thumb Code    40  lv_img.o(.text)
    lv_img_get_src                           0x0803155b   Thumb Code    12  lv_img.o(.text)
    lv_img_get_offset_x                      0x08031567   Thumb Code    14  lv_img.o(.text)
    lv_img_get_offset_y                      0x08031575   Thumb Code    14  lv_img.o(.text)
    lv_img_get_angle                         0x08031583   Thumb Code    12  lv_img.o(.text)
    lv_img_get_pivot                         0x0803158f   Thumb Code    14  lv_img.o(.text)
    lv_img_get_zoom                          0x0803159d   Thumb Code    12  lv_img.o(.text)
    lv_img_get_antialias                     0x080315a9   Thumb Code    16  lv_img.o(.text)
    lv_img_get_size_mode                     0x080315b9   Thumb Code    18  lv_img.o(.text)
    lv_label_create                          0x08031f4d   Thumb Code    28  lv_label.o(.text)
    lv_label_get_text                        0x08031ffd   Thumb Code    12  lv_label.o(.text)
    lv_label_get_letter_on                   0x08032009   Thumb Code   608  lv_label.o(.text)
    lv_label_set_text                        0x08032849   Thumb Code   176  lv_label.o(.text)
    lv_label_set_text_fmt                    0x080328f9   Thumb Code   114  lv_label.o(.text)
    lv_label_set_text_static                 0x0803296b   Thumb Code    62  lv_label.o(.text)
    lv_label_set_long_mode                   0x08032a2d   Thumb Code   124  lv_label.o(.text)
    lv_label_set_recolor                     0x08032aa9   Thumb Code    48  lv_label.o(.text)
    lv_label_set_text_sel_start              0x08032ad9   Thumb Code    22  lv_label.o(.text)
    lv_label_set_text_sel_end                0x08032aef   Thumb Code    22  lv_label.o(.text)
    lv_label_get_long_mode                   0x08032b05   Thumb Code    18  lv_label.o(.text)
    lv_label_get_recolor                     0x08032b17   Thumb Code    18  lv_label.o(.text)
    lv_label_get_letter_pos                  0x08032b29   Thumb Code   538  lv_label.o(.text)
    lv_label_is_char_under_pos               0x08032d43   Thumb Code   522  lv_label.o(.text)
    lv_label_get_text_selection_start        0x08032f4d   Thumb Code    12  lv_label.o(.text)
    lv_label_get_text_selection_end          0x08032f59   Thumb Code    12  lv_label.o(.text)
    lv_label_ins_text                        0x08032f65   Thumb Code   144  lv_label.o(.text)
    lv_label_cut_text                        0x08032ff5   Thumb Code    72  lv_label.o(.text)
    lv_line_create                           0x08033585   Thumb Code    28  lv_line.o(.text)
    lv_line_set_points                       0x080335a1   Thumb Code    36  lv_line.o(.text)
    lv_line_set_y_invert                     0x080335c5   Thumb Code    40  lv_line.o(.text)
    lv_line_get_y_invert                     0x080335ed   Thumb Code    18  lv_line.o(.text)
    lv_roller_create                         0x08033809   Thumb Code    28  lv_roller.o(.text)
    lv_roller_set_options                    0x080338e1   Thumb Code   250  lv_roller.o(.text)
    lv_roller_set_selected                   0x08033b63   Thumb Code    88  lv_roller.o(.text)
    lv_roller_set_visible_row_count          0x08033bbb   Thumb Code    90  lv_roller.o(.text)
    lv_roller_get_selected                   0x08033c15   Thumb Code    48  lv_roller.o(.text)
    lv_roller_get_selected_str               0x08033c45   Thumb Code   136  lv_roller.o(.text)
    lv_roller_get_options                    0x08033ccd   Thumb Code    22  lv_roller.o(.text)
    lv_roller_get_option_cnt                 0x08033ce3   Thumb Code    34  lv_roller.o(.text)
    lv_slider_create                         0x080345c9   Thumb Code    28  lv_slider.o(.text)
    lv_slider_is_dragged                     0x080345e5   Thumb Code    18  lv_slider.o(.text)
    lv_switch_create                         0x0803518d   Thumb Code    28  lv_switch.o(.text)
    lv_table_create                          0x08035601   Thumb Code    28  lv_table.o(.text)
    lv_table_set_row_cnt                     0x08035859   Thumb Code   184  lv_table.o(.text)
    lv_table_set_col_cnt                     0x08035911   Thumb Code   302  lv_table.o(.text)
    lv_table_set_cell_value                  0x08035a3f   Thumb Code   186  lv_table.o(.text)
    lv_table_set_cell_value_fmt              0x08035af9   Thumb Code   408  lv_table.o(.text)
    lv_table_set_col_width                   0x08035c91   Thumb Code    50  lv_table.o(.text)
    lv_table_add_cell_ctrl                   0x08035cc3   Thumb Code   150  lv_table.o(.text)
    lv_table_clear_cell_ctrl                 0x08035d59   Thumb Code   150  lv_table.o(.text)
    lv_table_get_cell_value                  0x08035def   Thumb Code    60  lv_table.o(.text)
    lv_table_get_row_cnt                     0x08035e2b   Thumb Code    12  lv_table.o(.text)
    lv_table_get_col_cnt                     0x08035e37   Thumb Code    12  lv_table.o(.text)
    lv_table_get_col_width                   0x08035e43   Thumb Code    30  lv_table.o(.text)
    lv_table_has_cell_ctrl                   0x08035e61   Thumb Code    72  lv_table.o(.text)
    lv_table_get_selected_cell               0x08035ea9   Thumb Code    14  lv_table.o(.text)
    lv_textarea_create                       0x0803696b   Thumb Code    28  lv_textarea.o(.text)
    lv_textarea_get_cursor_pos               0x08036987   Thumb Code    12  lv_textarea.o(.text)
    lv_textarea_set_cursor_pos               0x08036d09   Thumb Code   292  lv_textarea.o(.text)
    lv_textarea_clear_selection              0x08036ee7   Thumb Code    60  lv_textarea.o(.text)
    lv_textarea_get_text                     0x08036f23   Thumb Code    36  lv_textarea.o(.text)
    lv_textarea_get_max_length               0x08036fad   Thumb Code    12  lv_textarea.o(.text)
    lv_textarea_get_accepted_chars           0x08036fb9   Thumb Code    12  lv_textarea.o(.text)
    lv_textarea_add_text                     0x08036fc5   Thumb Code   364  lv_textarea.o(.text)
    lv_textarea_add_char                     0x08037177   Thumb Code   378  lv_textarea.o(.text)
    lv_textarea_del_char                     0x080372f1   Thumb Code   190  lv_textarea.o(.text)
    lv_textarea_del_char_forward             0x080373af   Thumb Code    42  lv_textarea.o(.text)
    lv_textarea_set_text                     0x080373d9   Thumb Code   330  lv_textarea.o(.text)
    lv_textarea_set_placeholder_text         0x08037523   Thumb Code   124  lv_textarea.o(.text)
    lv_textarea_set_cursor_click_pos         0x0803759f   Thumb Code    22  lv_textarea.o(.text)
    lv_textarea_set_password_mode            0x080375b5   Thumb Code   146  lv_textarea.o(.text)
    lv_textarea_set_one_line                 0x08037647   Thumb Code   196  lv_textarea.o(.text)
    lv_textarea_set_accepted_chars           0x0803770b   Thumb Code    10  lv_textarea.o(.text)
    lv_textarea_set_max_length               0x08037715   Thumb Code    10  lv_textarea.o(.text)
    lv_textarea_set_insert_replace           0x0803771f   Thumb Code    10  lv_textarea.o(.text)
    lv_textarea_set_text_selection           0x08037729   Thumb Code    34  lv_textarea.o(.text)
    lv_textarea_set_password_show_time       0x0803774b   Thumb Code    10  lv_textarea.o(.text)
    lv_textarea_get_label                    0x08037755   Thumb Code    12  lv_textarea.o(.text)
    lv_textarea_set_align                    0x08037761   Thumb Code    98  lv_textarea.o(.text)
    lv_textarea_get_placeholder_text         0x080377c3   Thumb Code    22  lv_textarea.o(.text)
    lv_textarea_get_cursor_click_pos         0x080377d9   Thumb Code    18  lv_textarea.o(.text)
    lv_textarea_get_password_mode            0x080377eb   Thumb Code    18  lv_textarea.o(.text)
    lv_textarea_get_one_line                 0x080377fd   Thumb Code    18  lv_textarea.o(.text)
    lv_textarea_text_is_selected             0x0803780f   Thumb Code    46  lv_textarea.o(.text)
    lv_textarea_get_text_selection           0x0803783d   Thumb Code    18  lv_textarea.o(.text)
    lv_textarea_get_password_show_time       0x0803784f   Thumb Code    12  lv_textarea.o(.text)
    lv_textarea_cursor_right                 0x0803785b   Thumb Code    28  lv_textarea.o(.text)
    lv_textarea_cursor_left                  0x08037877   Thumb Code    30  lv_textarea.o(.text)
    lv_textarea_cursor_down                  0x08037895   Thumb Code   126  lv_textarea.o(.text)
    lv_textarea_cursor_up                    0x08037913   Thumb Code   112  lv_textarea.o(.text)
    __use_no_semihosting                     0x0803804d   Thumb Code     2  use_no_semi_2.o(.text)
    __aeabi_uldivmod                         0x0803804f   Thumb Code     0  lludivv7m.o(.text)
    _ll_udiv                                 0x0803804f   Thumb Code   238  lludivv7m.o(.text)
    strcpy                                   0x0803813d   Thumb Code    72  strcpy.o(.text)
    strlen                                   0x08038185   Thumb Code    62  strlen.o(.text)
    strcat                                   0x080381c3   Thumb Code    24  strcat.o(.text)
    __aeabi_memcpy                           0x080381db   Thumb Code     0  rt_memcpy_v6.o(.text)
    __rt_memcpy                              0x080381db   Thumb Code   138  rt_memcpy_v6.o(.text)
    _memcpy_lastbytes                        0x08038241   Thumb Code     0  rt_memcpy_v6.o(.text)
    __aeabi_memcpy4                          0x08038265   Thumb Code     0  rt_memcpy_w.o(.text)
    __aeabi_memcpy8                          0x08038265   Thumb Code     0  rt_memcpy_w.o(.text)
    __rt_memcpy_w                            0x08038265   Thumb Code   100  rt_memcpy_w.o(.text)
    _memcpy_lastbytes_aligned                0x080382ad   Thumb Code     0  rt_memcpy_w.o(.text)
    __aeabi_memclr4                          0x080382c9   Thumb Code     0  rt_memclr_w.o(.text)
    __aeabi_memclr8                          0x080382c9   Thumb Code     0  rt_memclr_w.o(.text)
    __rt_memclr_w                            0x080382c9   Thumb Code    78  rt_memclr_w.o(.text)
    _memset_w                                0x080382cd   Thumb Code     0  rt_memclr_w.o(.text)
    strcmp                                   0x08038319   Thumb Code   128  strcmpv7m.o(.text)
    __use_two_region_memory                  0x08038399   Thumb Code     2  heapauxi.o(.text)
    __rt_heap_escrow$2region                 0x0803839b   Thumb Code     2  heapauxi.o(.text)
    __rt_heap_expand$2region                 0x0803839d   Thumb Code     2  heapauxi.o(.text)
    __I$use$semihosting                      0x0803839f   Thumb Code     0  use_no_semi.o(.text)
    __use_no_semihosting_swi                 0x0803839f   Thumb Code     2  use_no_semi.o(.text)
    __read_errno                             0x080383a1   Thumb Code    10  _rserrno.o(.text)
    __set_errno                              0x080383ab   Thumb Code    12  _rserrno.o(.text)
    __aeabi_errno_addr                       0x080383b9   Thumb Code     8  rt_errno_addr_intlibspace.o(.text)
    __errno$intlibspace                      0x080383b9   Thumb Code     0  rt_errno_addr_intlibspace.o(.text)
    __rt_errno_addr$intlibspace              0x080383b9   Thumb Code     0  rt_errno_addr_intlibspace.o(.text)
    __user_libspace                          0x080383c1   Thumb Code     8  libspace.o(.text)
    __user_perproc_libspace                  0x080383c1   Thumb Code     0  libspace.o(.text)
    __user_perthread_libspace                0x080383c1   Thumb Code     0  libspace.o(.text)
    __user_setup_stackheap                   0x080383c9   Thumb Code    74  sys_stackheap_outer.o(.text)
    exit                                     0x08038413   Thumb Code    18  exit.o(.text)
    __hardfp_sqrt                            0x08038425   Thumb Code   122  sqrt.o(i.__hardfp_sqrt)
    __fpl_dcmp_Inf                           0x0803849f   Thumb Code    24  dcmpi.o(x$fpl$dcmpinf)
    __aeabi_d2uiz                            0x080384b9   Thumb Code     0  dfixu.o(x$fpl$dfixu)
    _dfixu                                   0x080384b9   Thumb Code    90  dfixu.o(x$fpl$dfixu)
    __aeabi_ui2d                             0x08038513   Thumb Code     0  dflt_clz.o(x$fpl$dfltu)
    _dfltu                                   0x08038513   Thumb Code    38  dflt_clz.o(x$fpl$dfltu)
    __aeabi_cdcmple                          0x08038539   Thumb Code     0  dleqf.o(x$fpl$dleqf)
    _dcmple                                  0x08038539   Thumb Code   120  dleqf.o(x$fpl$dleqf)
    __fpl_dcmple_InfNaN                      0x0803859b   Thumb Code     0  dleqf.o(x$fpl$dleqf)
    __fpl_dnaninf                            0x080385b1   Thumb Code   156  dnaninf.o(x$fpl$dnaninf)
    __fpl_dretinf                            0x0803864d   Thumb Code    12  dretinf.o(x$fpl$dretinf)
    __aeabi_cdrcmple                         0x08038659   Thumb Code     0  drleqf.o(x$fpl$drleqf)
    _drcmple                                 0x08038659   Thumb Code   108  drleqf.o(x$fpl$drleqf)
    _dsqrt                                   0x080386c5   Thumb Code   404  dsqrt_umaal.o(x$fpl$dsqrt)
    __aeabi_f2d                              0x0803885d   Thumb Code     0  f2d.o(x$fpl$f2d)
    _f2d                                     0x0803885d   Thumb Code    86  f2d.o(x$fpl$f2d)
    __fpl_fnaninf                            0x080388b3   Thumb Code   140  fnaninf.o(x$fpl$fnaninf)
    _fp_init                                 0x0803893f   Thumb Code    10  fpinit.o(x$fpl$fpinit)
    __fplib_config_fpu_vfp                   0x08038947   Thumb Code     0  fpinit.o(x$fpl$fpinit)
    __fplib_config_pureend_doubles           0x08038947   Thumb Code     0  fpinit.o(x$fpl$fpinit)
    __I$use$fp                               0x08038948   Number         0  usenofp.o(x$fpl$usenofp)
    gImage_1                                 0x08038948   Data        3200  main.o(.constdata)
    chinese                                  0x08039b04   Data          28  main.o(.constdata)
    main_p_map                               0x08039b20   Data        2048  main.o(.constdata)
    main_p                                   0x0803a320   Data          12  main.o(.constdata)
    ascii_1608                               0x0803a32c   Data        1520  lcd.o(.constdata)
    ascii_3216                               0x0803a91c   Data        6080  lcd.o(.constdata)
    tfont16                                  0x0803c0dc   Data         170  lcd.o(.constdata)
    tfont24                                  0x0803c186   Data         370  lcd.o(.constdata)
    tfont32                                  0x0803c2f8   Data         650  lcd.o(.constdata)
    lv_obj_class                             0x0803c584   Data          28  lv_obj.o(.constdata)
    _lv_bpp1_opa_table                       0x0803c5a8   Data           2  lv_draw_sw_letter.o(.constdata)
    _lv_bpp2_opa_table                       0x0803c5aa   Data           4  lv_draw_sw_letter.o(.constdata)
    _lv_bpp3_opa_table                       0x0803c5ae   Data           8  lv_draw_sw_letter.o(.constdata)
    _lv_bpp4_opa_table                       0x0803c5b6   Data          16  lv_draw_sw_letter.o(.constdata)
    _lv_bpp8_opa_table                       0x0803c5c6   Data         256  lv_draw_sw_letter.o(.constdata)
    lv_calendar_class                        0x0803c708   Data          28  lv_calendar.o(.constdata)
    lv_calendar_header_arrow_class           0x0803c724   Data          28  lv_calendar_header_arrow.o(.constdata)
    lv_calendar_header_dropdown_class        0x0803c740   Data          28  lv_calendar_header_dropdown.o(.constdata)
    lv_chart_class                           0x0803c75c   Data          28  lv_chart.o(.constdata)
    lv_colorwheel_class                      0x0803c778   Data          28  lv_colorwheel.o(.constdata)
    lv_keyboard_class                        0x0803c794   Data          28  lv_keyboard.o(.constdata)
    lv_led_class                             0x0803cb28   Data          28  lv_led.o(.constdata)
    lv_list_class                            0x0803cb44   Data          28  lv_list.o(.constdata)
    lv_list_btn_class                        0x0803cb60   Data          28  lv_list.o(.constdata)
    lv_list_text_class                       0x0803cb7c   Data          28  lv_list.o(.constdata)
    lv_menu_class                            0x0803cb98   Data          28  lv_menu.o(.constdata)
    lv_menu_page_class                       0x0803cbb4   Data          28  lv_menu.o(.constdata)
    lv_menu_cont_class                       0x0803cbd0   Data          28  lv_menu.o(.constdata)
    lv_menu_section_class                    0x0803cbec   Data          28  lv_menu.o(.constdata)
    lv_menu_separator_class                  0x0803cc08   Data          28  lv_menu.o(.constdata)
    lv_menu_sidebar_cont_class               0x0803cc24   Data          28  lv_menu.o(.constdata)
    lv_menu_main_cont_class                  0x0803cc40   Data          28  lv_menu.o(.constdata)
    lv_menu_main_header_cont_class           0x0803cc5c   Data          28  lv_menu.o(.constdata)
    lv_menu_sidebar_header_cont_class        0x0803cc78   Data          28  lv_menu.o(.constdata)
    lv_meter_class                           0x0803cc94   Data          28  lv_meter.o(.constdata)
    lv_msgbox_class                          0x0803ccb0   Data          28  lv_msgbox.o(.constdata)
    lv_msgbox_content_class                  0x0803cccc   Data          28  lv_msgbox.o(.constdata)
    lv_msgbox_backdrop_class                 0x0803cce8   Data          28  lv_msgbox.o(.constdata)
    lv_spinbox_class                         0x0803cd04   Data          28  lv_spinbox.o(.constdata)
    lv_spinner_class                         0x0803cd20   Data          28  lv_spinner.o(.constdata)
    lv_tabview_class                         0x0803cd3c   Data          28  lv_tabview.o(.constdata)
    lv_tileview_class                        0x0803cd58   Data          28  lv_tileview.o(.constdata)
    lv_tileview_tile_class                   0x0803cd74   Data          28  lv_tileview.o(.constdata)
    lv_win_class                             0x0803cd90   Data          28  lv_win.o(.constdata)
    lv_font_montserrat_14                    0x080402d4   Data          28  lv_font_montserrat_14.o(.constdata)
    lv_arc_class                             0x08040524   Data          28  lv_arc.o(.constdata)
    lv_bar_class                             0x08040540   Data          28  lv_bar.o(.constdata)
    lv_btn_class                             0x0804055c   Data          28  lv_btn.o(.constdata)
    lv_btnmatrix_class                       0x08040578   Data          28  lv_btnmatrix.o(.constdata)
    lv_checkbox_class                        0x08040594   Data          28  lv_checkbox.o(.constdata)
    lv_dropdown_class                        0x080405b0   Data          28  lv_dropdown.o(.constdata)
    lv_dropdownlist_class                    0x080405cc   Data          28  lv_dropdown.o(.constdata)
    lv_img_class                             0x080405e8   Data          28  lv_img.o(.constdata)
    lv_label_class                           0x08040604   Data          28  lv_label.o(.constdata)
    lv_line_class                            0x08040620   Data          28  lv_line.o(.constdata)
    lv_roller_class                          0x0804063c   Data          28  lv_roller.o(.constdata)
    lv_roller_label_class                    0x08040658   Data          28  lv_roller.o(.constdata)
    lv_slider_class                          0x08040674   Data          28  lv_slider.o(.constdata)
    lv_switch_class                          0x08040690   Data          28  lv_switch.o(.constdata)
    lv_table_class                           0x080406ac   Data          28  lv_table.o(.constdata)
    lv_textarea_class                        0x080406c8   Data          28  lv_textarea.o(.constdata)
    Region$$Table$$Base                      0x08040bb0   Number         0  anon$$obj.o(Region$$Table)
    Region$$Table$$Limit                     0x08040bd0   Number         0  anon$$obj.o(Region$$Table)
    SystemCoreClock                          0x20000010   Data           4  system_stm32f4xx.o(.data)
    AHBPrescTable                            0x20000014   Data          16  system_stm32f4xx.o(.data)
    tp_dev                                   0x20000024   Data          48  touch.o(.data)
    CMD_RDX                                  0x20000054   Data           1  touch.o(.data)
    CMD_RDY                                  0x20000055   Data           1  touch.o(.data)
    __stdout                                 0x2000005c   Data           4  usart.o(.data)
    USART_RX_STA                             0x20000060   Data           2  usart.o(.data)
    indev_touchpad                           0x20000074   Data           4  lv_port_indev_template.o(.data)
    LV_LAYOUT_FLEX                           0x200000c0   Data           4  lv_flex.o(.data)
    LV_STYLE_FLEX_FLOW                       0x200000c4   Data           2  lv_flex.o(.data)
    LV_STYLE_FLEX_MAIN_PLACE                 0x200000c6   Data           2  lv_flex.o(.data)
    LV_STYLE_FLEX_CROSS_PLACE                0x200000c8   Data           2  lv_flex.o(.data)
    LV_STYLE_FLEX_TRACK_PLACE                0x200000ca   Data           2  lv_flex.o(.data)
    LV_STYLE_FLEX_GROW                       0x200000cc   Data           2  lv_flex.o(.data)
    LV_LAYOUT_GRID                           0x200000d0   Data           4  lv_grid.o(.data)
    LV_STYLE_GRID_COLUMN_DSC_ARRAY           0x200000d4   Data           2  lv_grid.o(.data)
    LV_STYLE_GRID_COLUMN_ALIGN               0x200000d6   Data           2  lv_grid.o(.data)
    LV_STYLE_GRID_ROW_DSC_ARRAY              0x200000d8   Data           2  lv_grid.o(.data)
    LV_STYLE_GRID_ROW_ALIGN                  0x200000da   Data           2  lv_grid.o(.data)
    LV_STYLE_GRID_CELL_COLUMN_POS            0x200000dc   Data           2  lv_grid.o(.data)
    LV_STYLE_GRID_CELL_COLUMN_SPAN           0x200000de   Data           2  lv_grid.o(.data)
    LV_STYLE_GRID_CELL_X_ALIGN               0x200000e0   Data           2  lv_grid.o(.data)
    LV_STYLE_GRID_CELL_ROW_POS               0x200000e2   Data           2  lv_grid.o(.data)
    LV_STYLE_GRID_CELL_ROW_SPAN              0x200000e4   Data           2  lv_grid.o(.data)
    LV_STYLE_GRID_CELL_Y_ALIGN               0x200000e6   Data           2  lv_grid.o(.data)
    _lv_layout_list                          0x200001f4   Data           4  lv_gc.o(.data)
    _lv_timer_act                            0x200001f8   Data           4  lv_gc.o(.data)
    _lv_theme_default_styles                 0x200001fc   Data           4  lv_gc.o(.data)
    _lv_theme_basic_styles                   0x20000200   Data           4  lv_gc.o(.data)
    _lv_grad_cache_mem                       0x20000204   Data           4  lv_gc.o(.data)
    _lv_txt_encoded_size                     0x2000022c   Data           4  lv_txt.o(.data)
    _lv_txt_unicode_to_encoded               0x20000230   Data           4  lv_txt.o(.data)
    _lv_txt_encoded_conv_wc                  0x20000234   Data           4  lv_txt.o(.data)
    _lv_txt_encoded_next                     0x20000238   Data           4  lv_txt.o(.data)
    _lv_txt_encoded_prev                     0x2000023c   Data           4  lv_txt.o(.data)
    _lv_txt_encoded_get_byte_id              0x20000240   Data           4  lv_txt.o(.data)
    _lv_txt_encoded_get_char_id              0x20000244   Data           4  lv_txt.o(.data)
    _lv_txt_get_encoded_length               0x20000248   Data           4  lv_txt.o(.data)
    USART_RX_BUF                             0x2000026c   Data         200  usart.o(.bss)
    _lv_timer_ll                             0x20002a88   Data          12  lv_gc.o(.bss)
    _lv_disp_ll                              0x20002a94   Data          12  lv_gc.o(.bss)
    _lv_indev_ll                             0x20002aa0   Data          12  lv_gc.o(.bss)
    _lv_fsdrv_ll                             0x20002aac   Data          12  lv_gc.o(.bss)
    _lv_anim_ll                              0x20002ab8   Data          12  lv_gc.o(.bss)
    _lv_group_ll                             0x20002ac4   Data          12  lv_gc.o(.bss)
    _lv_img_decoder_ll                       0x20002ad0   Data          12  lv_gc.o(.bss)
    _lv_obj_style_trans_ll                   0x20002adc   Data          12  lv_gc.o(.bss)
    _lv_img_cache_single                     0x20002ae8   Data          44  lv_gc.o(.bss)
    lv_mem_buf                               0x20002b14   Data         128  lv_gc.o(.bss)
    _lv_circle_cache                         0x20002b94   Data         112  lv_gc.o(.bss)
    _lv_draw_mask_list                       0x20002c04   Data         128  lv_gc.o(.bss)
    __libspace_start                         0x2000ec84   Data          96  libspace.o(.bss)
    __temporary_stack_top$libspace           0x2000ece4   Data           0  libspace.o(.bss)



==============================================================================

Memory Map of the image

  Image Entry point : 0x08000189

  Load Region LR_IROM1 (Base: 0x08000000, Size: 0x00040e3c, Max: 0x00100000, ABSOLUTE, COMPRESSED[0x00040ca8])

    Execution Region ER_IROM1 (Exec base: 0x08000000, Load base: 0x08000000, Size: 0x00040bd0, Max: 0x00100000, ABSOLUTE)

    Exec Addr    Load Addr    Size         Type   Attr      Idx    E Section Name        Object

    0x08000000   0x08000000   0x00000188   Data   RO         1123    RESET               startup_stm32f40_41xxx.o
    0x08000188   0x08000188   0x00000008   Code   RO        21180  * !!!main             c_w.l(__main.o)
    0x08000190   0x08000190   0x00000034   Code   RO        21405    !!!scatter          c_w.l(__scatter.o)
    0x080001c4   0x080001c4   0x0000005a   Code   RO        21403    !!dczerorl2         c_w.l(__dczerorl2.o)
    0x0800021e   0x0800021e   0x00000002   PAD
    0x08000220   0x08000220   0x0000001c   Code   RO        21407    !!handler_zi        c_w.l(__scatter_zi.o)
    0x0800023c   0x0800023c   0x00000002   Code   RO        21287    .ARM.Collect$$libinit$$00000000  c_w.l(libinit.o)
    0x0800023e   0x0800023e   0x00000004   Code   RO        21296    .ARM.Collect$$libinit$$00000001  c_w.l(libinit2.o)
    0x08000242   0x08000242   0x00000000   Code   RO        21299    .ARM.Collect$$libinit$$00000004  c_w.l(libinit2.o)
    0x08000242   0x08000242   0x00000000   Code   RO        21302    .ARM.Collect$$libinit$$0000000A  c_w.l(libinit2.o)
    0x08000242   0x08000242   0x00000000   Code   RO        21304    .ARM.Collect$$libinit$$0000000C  c_w.l(libinit2.o)
    0x08000242   0x08000242   0x00000000   Code   RO        21306    .ARM.Collect$$libinit$$0000000E  c_w.l(libinit2.o)
    0x08000242   0x08000242   0x00000000   Code   RO        21309    .ARM.Collect$$libinit$$00000011  c_w.l(libinit2.o)
    0x08000242   0x08000242   0x00000000   Code   RO        21311    .ARM.Collect$$libinit$$00000013  c_w.l(libinit2.o)
    0x08000242   0x08000242   0x00000000   Code   RO        21313    .ARM.Collect$$libinit$$00000015  c_w.l(libinit2.o)
    0x08000242   0x08000242   0x00000000   Code   RO        21315    .ARM.Collect$$libinit$$00000017  c_w.l(libinit2.o)
    0x08000242   0x08000242   0x00000000   Code   RO        21317    .ARM.Collect$$libinit$$00000019  c_w.l(libinit2.o)
    0x08000242   0x08000242   0x00000000   Code   RO        21319    .ARM.Collect$$libinit$$0000001B  c_w.l(libinit2.o)
    0x08000242   0x08000242   0x00000000   Code   RO        21321    .ARM.Collect$$libinit$$0000001D  c_w.l(libinit2.o)
    0x08000242   0x08000242   0x00000000   Code   RO        21323    .ARM.Collect$$libinit$$0000001F  c_w.l(libinit2.o)
    0x08000242   0x08000242   0x00000000   Code   RO        21325    .ARM.Collect$$libinit$$00000021  c_w.l(libinit2.o)
    0x08000242   0x08000242   0x00000000   Code   RO        21327    .ARM.Collect$$libinit$$00000023  c_w.l(libinit2.o)
    0x08000242   0x08000242   0x00000000   Code   RO        21329    .ARM.Collect$$libinit$$00000025  c_w.l(libinit2.o)
    0x08000242   0x08000242   0x00000000   Code   RO        21333    .ARM.Collect$$libinit$$0000002C  c_w.l(libinit2.o)
    0x08000242   0x08000242   0x00000000   Code   RO        21335    .ARM.Collect$$libinit$$0000002E  c_w.l(libinit2.o)
    0x08000242   0x08000242   0x00000000   Code   RO        21337    .ARM.Collect$$libinit$$00000030  c_w.l(libinit2.o)
    0x08000242   0x08000242   0x00000000   Code   RO        21339    .ARM.Collect$$libinit$$00000032  c_w.l(libinit2.o)
    0x08000242   0x08000242   0x00000002   Code   RO        21340    .ARM.Collect$$libinit$$00000033  c_w.l(libinit2.o)
    0x08000244   0x08000244   0x00000002   Code   RO        21374    .ARM.Collect$$libshutdown$$00000000  c_w.l(libshutdown.o)
    0x08000246   0x08000246   0x00000000   Code   RO        21384    .ARM.Collect$$libshutdown$$00000002  c_w.l(libshutdown2.o)
    0x08000246   0x08000246   0x00000000   Code   RO        21386    .ARM.Collect$$libshutdown$$00000004  c_w.l(libshutdown2.o)
    0x08000246   0x08000246   0x00000000   Code   RO        21388    .ARM.Collect$$libshutdown$$00000006  c_w.l(libshutdown2.o)
    0x08000246   0x08000246   0x00000000   Code   RO        21391    .ARM.Collect$$libshutdown$$00000009  c_w.l(libshutdown2.o)
    0x08000246   0x08000246   0x00000000   Code   RO        21394    .ARM.Collect$$libshutdown$$0000000C  c_w.l(libshutdown2.o)
    0x08000246   0x08000246   0x00000000   Code   RO        21396    .ARM.Collect$$libshutdown$$0000000E  c_w.l(libshutdown2.o)
    0x08000246   0x08000246   0x00000000   Code   RO        21399    .ARM.Collect$$libshutdown$$00000011  c_w.l(libshutdown2.o)
    0x08000246   0x08000246   0x00000002   Code   RO        21400    .ARM.Collect$$libshutdown$$00000012  c_w.l(libshutdown2.o)
    0x08000248   0x08000248   0x00000000   Code   RO        21212    .ARM.Collect$$rtentry$$00000000  c_w.l(__rtentry.o)
    0x08000248   0x08000248   0x00000000   Code   RO        21239    .ARM.Collect$$rtentry$$00000002  c_w.l(__rtentry2.o)
    0x08000248   0x08000248   0x00000006   Code   RO        21251    .ARM.Collect$$rtentry$$00000004  c_w.l(__rtentry4.o)
    0x0800024e   0x0800024e   0x00000000   Code   RO        21241    .ARM.Collect$$rtentry$$00000009  c_w.l(__rtentry2.o)
    0x0800024e   0x0800024e   0x00000004   Code   RO        21242    .ARM.Collect$$rtentry$$0000000A  c_w.l(__rtentry2.o)
    0x08000252   0x08000252   0x00000000   Code   RO        21244    .ARM.Collect$$rtentry$$0000000C  c_w.l(__rtentry2.o)
    0x08000252   0x08000252   0x00000008   Code   RO        21245    .ARM.Collect$$rtentry$$0000000D  c_w.l(__rtentry2.o)
    0x0800025a   0x0800025a   0x00000002   Code   RO        21288    .ARM.Collect$$rtexit$$00000000  c_w.l(rtexit.o)
    0x0800025c   0x0800025c   0x00000000   Code   RO        21342    .ARM.Collect$$rtexit$$00000002  c_w.l(rtexit2.o)
    0x0800025c   0x0800025c   0x00000004   Code   RO        21343    .ARM.Collect$$rtexit$$00000003  c_w.l(rtexit2.o)
    0x08000260   0x08000260   0x00000006   Code   RO        21344    .ARM.Collect$$rtexit$$00000004  c_w.l(rtexit2.o)
    0x08000266   0x08000266   0x00000002   PAD
    0x08000268   0x08000268   0x0000009c   Code   RO            3    .text               main.o
    0x08000304   0x08000304   0x0000001a   Code   RO          570    .text               stm32f4xx_it.o
    0x0800031e   0x0800031e   0x00000002   PAD
    0x08000320   0x08000320   0x00000210   Code   RO          619    .text               system_stm32f4xx.o
    0x08000530   0x08000530   0x00000324   Code   RO          665    .text               lcd_init.o
    0x08000854   0x08000854   0x000008d4   Code   RO          685    .text               lcd.o
    0x08001128   0x08001128   0x00000bf4   Code   RO          995    .text               touch.o
    0x08001d1c   0x08001d1c   0x00000088   Code   RO         1032    .text               timer.o
    0x08001da4   0x08001da4   0x00000104   Code   RO         1052    .text               delay_1.o
    0x08001ea8   0x08001ea8   0x00000148   Code   RO         1092    .text               usart.o
    0x08001ff0   0x08001ff0   0x00000040   Code   RO         1124    .text               startup_stm32f40_41xxx.o
    0x08002030   0x08002030   0x000000e0   Code   RO         1130    .text               misc.o
    0x08002110   0x08002110   0x00000294   Code   RO         1150    .text               stm32f4xx_gpio.o
    0x080023a4   0x080023a4   0x0000065c   Code   RO         1170    .text               stm32f4xx_rcc.o
    0x08002a00   0x08002a00   0x00000454   Code   RO         1192    .text               stm32f4xx_usart.o
    0x08002e54   0x08002e54   0x00000ca2   Code   RO         1232    .text               stm32f4xx_tim.o
    0x08003af6   0x08003af6   0x00000002   PAD
    0x08003af8   0x08003af8   0x00000078   Code   RO         1252    .text               lv_port_disp_template.o
    0x08003b70   0x08003b70   0x000000a4   Code   RO         1659    .text               lv_port_indev_template.o
    0x08003c14   0x08003c14   0x00000624   Code   RO         1684    .text               lv_disp.o
    0x08004238   0x08004238   0x000007a4   Code   RO         1848    .text               lv_event.o
    0x080049dc   0x080049dc   0x000006aa   Code   RO         1990    .text               lv_group.o
    0x08005086   0x08005086   0x00000002   PAD
    0x08005088   0x08005088   0x0000124c   Code   RO         2145    .text               lv_indev.o
    0x080062d4   0x080062d4   0x00000d4e   Code   RO         2204    .text               lv_indev_scroll.o
    0x08007022   0x08007022   0x00000002   PAD
    0x08007024   0x08007024   0x000011b8   Code   RO         2292    .text               lv_obj.o
    0x080081dc   0x080081dc   0x00000224   Code   RO         2399    .text               lv_obj_class.o
    0x08008400   0x08008400   0x000009ae   Code   RO         2411    .text               lv_obj_draw.o
    0x08008dae   0x08008dae   0x00000002   PAD
    0x08008db0   0x08008db0   0x00001b00   Code   RO         2557    .text               lv_obj_pos.o
    0x0800a8b0   0x0800a8b0   0x00001598   Code   RO         2658    .text               lv_obj_scroll.o
    0x0800be48   0x0800be48   0x00001274   Code   RO         2761    .text               lv_obj_style.o
    0x0800d0bc   0x0800d0bc   0x00000992   Code   RO         2863    .text               lv_obj_style_gen.o
    0x0800da4e   0x0800da4e   0x00000002   PAD
    0x0800da50   0x0800da50   0x00000672   Code   RO         2908    .text               lv_obj_tree.o
    0x0800e0c2   0x0800e0c2   0x00000002   PAD
    0x0800e0c4   0x0800e0c4   0x00000f44   Code   RO         2993    .text               lv_refr.o
    0x0800f008   0x0800f008   0x00000100   Code   RO         3096    .text               lv_theme.o
    0x0800f108   0x0800f108   0x00000002   Code   RO         3491    .text               lv_draw.o
    0x0800f10a   0x0800f10a   0x000004d2   Code   RO         3625    .text               lv_draw_arc.o
    0x0800f5dc   0x0800f5dc   0x00000488   Code   RO         3676    .text               lv_draw_img.o
    0x0800fa64   0x0800fa64   0x0000087c   Code   RO         3791    .text               lv_draw_label.o
    0x080102e0   0x080102e0   0x00000086   Code   RO         3888    .text               lv_draw_line.o
    0x08010366   0x08010366   0x00000002   PAD
    0x08010368   0x08010368   0x00001db0   Code   RO         4043    .text               lv_draw_mask.o
    0x08012118   0x08012118   0x00000110   Code   RO         4108    .text               lv_draw_rect.o
    0x08012228   0x08012228   0x0000116a   Code   RO         4178    .text               lv_img_buf.o
    0x08013392   0x08013392   0x00000002   PAD
    0x08013394   0x08013394   0x00000064   Code   RO         4221    .text               lv_img_cache.o
    0x080133f8   0x080133f8   0x00000a7c   Code   RO         4264    .text               lv_img_decoder.o
    0x08013e74   0x08013e74   0x0000006c   Code   RO         4327    .text               lv_draw_sw.o
    0x08013ee0   0x08013ee0   0x00000d9a   Code   RO         4461    .text               lv_draw_sw_arc.o
    0x08014c7a   0x08014c7a   0x00000002   PAD
    0x08014c7c   0x08014c7c   0x00000f30   Code   RO         4565    .text               lv_draw_sw_blend.o
    0x08015bac   0x08015bac   0x00000544   Code   RO         4702    .text               lv_draw_sw_gradient.o
    0x080160f0   0x080160f0   0x000005ba   Code   RO         4754    .text               lv_draw_sw_img.o
    0x080166aa   0x080166aa   0x00000002   PAD
    0x080166ac   0x080166ac   0x000004b2   Code   RO         4844    .text               lv_draw_sw_letter.o
    0x08016b5e   0x08016b5e   0x00000002   PAD
    0x08016b60   0x08016b60   0x000009f8   Code   RO         4943    .text               lv_draw_sw_line.o
    0x08017558   0x08017558   0x00000394   Code   RO         5038    .text               lv_draw_sw_polygon.o
    0x080178ec   0x080178ec   0x0000203a   Code   RO         5106    .text               lv_draw_sw_rect.o
    0x08019926   0x08019926   0x00000002   PAD
    0x08019928   0x08019928   0x00000f08   Code   RO         5203    .text               lv_flex.o
    0x0801a830   0x0801a830   0x00000f54   Code   RO         5371    .text               lv_grid.o
    0x0801b784   0x0801b784   0x00003254   Code   RO        10433    .text               lv_theme_default.o
    0x0801e9d8   0x0801e9d8   0x0000061c   Code   RO        11635    .text               lv_calendar.o
    0x0801eff4   0x0801eff4   0x00000220   Code   RO        12034    .text               lv_calendar_header_arrow.o
    0x0801f214   0x0801f214   0x00000198   Code   RO        12217    .text               lv_calendar_header_dropdown.o
    0x0801f3ac   0x0801f3ac   0x0000299e   Code   RO        12333    .text               lv_chart.o
    0x08021d4a   0x08021d4a   0x00000002   PAD
    0x08021d4c   0x08021d4c   0x00000e58   Code   RO        12730    .text               lv_colorwheel.o
    0x08022ba4   0x08022ba4   0x00000430   Code   RO        13525    .text               lv_keyboard.o
    0x08022fd4   0x08022fd4   0x00000400   Code   RO        13700    .text               lv_led.o
    0x080233d4   0x080233d4   0x00000964   Code   RO        14280    .text               lv_menu.o
    0x08023d38   0x08023d38   0x000010ac   Code   RO        14457    .text               lv_meter.o
    0x08024de4   0x08024de4   0x000006b0   Code   RO        15649    .text               lv_spinbox.o
    0x08025494   0x08025494   0x000000f4   Code   RO        16046    .text               lv_spinner.o
    0x08025588   0x08025588   0x0000056c   Code   RO        16444    .text               lv_tabview.o
    0x08025af4   0x08025af4   0x000002a4   Code   RO        16842    .text               lv_tileview.o
    0x08025d98   0x08025d98   0x00000140   Code   RO        17004    .text               lv_win.o
    0x08025ed8   0x08025ed8   0x0000000c   Code   RO        17402    .text               lv_extra.o
    0x08025ee4   0x08025ee4   0x000000b2   Code   RO        17797    .text               lv_font.o
    0x08025f96   0x08025f96   0x00000002   PAD
    0x08025f98   0x08025f98   0x000003d8   Code   RO        18229    .text               lv_font_fmt_txt.o
    0x08026370   0x08026370   0x00000a70   Code   RO        18899    .text               lv_hal_disp.o
    0x08026de0   0x08026de0   0x000001cc   Code   RO        19081    .text               lv_hal_indev.o
    0x08026fac   0x08026fac   0x0000004c   Code   RO        19240    .text               lv_hal_tick.o
    0x08026ff8   0x08026ff8   0x00000632   Code   RO        19260    .text               lv_anim.o
    0x0802762a   0x0802762a   0x000008dc   Code   RO        19353    .text               lv_area.o
    0x08027f06   0x08027f06   0x00000002   PAD
    0x08027f08   0x08027f08   0x00000058   Code   RO        19368    .text               lv_async.o
    0x08027f60   0x08027f60   0x000004c8   Code   RO        19412    .text               lv_color.o
    0x08028428   0x08028428   0x00000668   Code   RO        19428    .text               lv_fs.o
    0x08028a90   0x08028a90   0x000000d0   Code   RO        19468    .text               lv_gc.o
    0x08028b60   0x08028b60   0x00000342   Code   RO        19493    .text               lv_ll.o
    0x08028ea2   0x08028ea2   0x00000002   PAD
    0x08028ea4   0x08028ea4   0x00000244   Code   RO        19526    .text               lv_math.o
    0x080290e8   0x080290e8   0x000006aa   Code   RO        19541    .text               lv_mem.o
    0x08029792   0x08029792   0x00000002   PAD
    0x08029794   0x08029794   0x00000968   Code   RO        19559    .text               lv_printf.o
    0x0802a0fc   0x0802a0fc   0x000004e0   Code   RO        19571    .text               lv_style.o
    0x0802a5dc   0x0802a5dc   0x000007fe   Code   RO        19606    .text               lv_style_gen.o
    0x0802adda   0x0802adda   0x00000002   PAD
    0x0802addc   0x0802addc   0x000002a0   Code   RO        19629    .text               lv_timer.o
    0x0802b07c   0x0802b07c   0x00000da2   Code   RO        19643    .text               lv_tlsf.o
    0x0802be1e   0x0802be1e   0x00000002   PAD
    0x0802be20   0x0802be20   0x000008dc   Code   RO        19655    .text               lv_txt.o
    0x0802c6fc   0x0802c6fc   0x00000054   Code   RO        19755    .text               lv_utils.o
    0x0802c750   0x0802c750   0x00000f9e   Code   RO        19770    .text               lv_arc.o
    0x0802d6ee   0x0802d6ee   0x00000002   PAD
    0x0802d6f0   0x0802d6f0   0x00000aec   Code   RO        19934    .text               lv_bar.o
    0x0802e1dc   0x0802e1dc   0x0000003c   Code   RO        20039    .text               lv_btn.o
    0x0802e218   0x0802e218   0x000014cc   Code   RO        20063    .text               lv_btnmatrix.o
    0x0802f6e4   0x0802f6e4   0x00000562   Code   RO        20250    .text               lv_checkbox.o
    0x0802fc46   0x0802fc46   0x00000002   PAD
    0x0802fc48   0x0802fc48   0x00001324   Code   RO        20344    .text               lv_dropdown.o
    0x08030f6c   0x08030f6c   0x00000fde   Code   RO        20442    .text               lv_img.o
    0x08031f4a   0x08031f4a   0x00000002   PAD
    0x08031f4c   0x08031f4c   0x00001636   Code   RO        20536    .text               lv_label.o
    0x08033582   0x08033582   0x00000002   PAD
    0x08033584   0x08033584   0x00000284   Code   RO        20636    .text               lv_line.o
    0x08033808   0x08033808   0x00000d90   Code   RO        20661    .text               lv_roller.o
    0x08034598   0x08034598   0x00000bf4   Code   RO        20743    .text               lv_slider.o
    0x0803518c   0x0803518c   0x00000472   Code   RO        20859    .text               lv_switch.o
    0x080355fe   0x080355fe   0x00000002   PAD
    0x08035600   0x08035600   0x00001358   Code   RO        20963    .text               lv_table.o
    0x08036958   0x08036958   0x000016f4   Code   RO        21046    .text               lv_textarea.o
    0x0803804c   0x0803804c   0x00000002   Code   RO        21150    .text               c_w.l(use_no_semi_2.o)
    0x0803804e   0x0803804e   0x000000ee   Code   RO        21152    .text               c_w.l(lludivv7m.o)
    0x0803813c   0x0803813c   0x00000048   Code   RO        21160    .text               c_w.l(strcpy.o)
    0x08038184   0x08038184   0x0000003e   Code   RO        21162    .text               c_w.l(strlen.o)
    0x080381c2   0x080381c2   0x00000018   Code   RO        21164    .text               c_w.l(strcat.o)
    0x080381da   0x080381da   0x0000008a   Code   RO        21166    .text               c_w.l(rt_memcpy_v6.o)
    0x08038264   0x08038264   0x00000064   Code   RO        21170    .text               c_w.l(rt_memcpy_w.o)
    0x080382c8   0x080382c8   0x0000004e   Code   RO        21174    .text               c_w.l(rt_memclr_w.o)
    0x08038316   0x08038316   0x00000002   PAD
    0x08038318   0x08038318   0x00000080   Code   RO        21176    .text               c_w.l(strcmpv7m.o)
    0x08038398   0x08038398   0x00000006   Code   RO        21178    .text               c_w.l(heapauxi.o)
    0x0803839e   0x0803839e   0x00000002   Code   RO        21210    .text               c_w.l(use_no_semi.o)
    0x080383a0   0x080383a0   0x00000016   Code   RO        21217    .text               c_w.l(_rserrno.o)
    0x080383b6   0x080383b6   0x00000002   PAD
    0x080383b8   0x080383b8   0x00000008   Code   RO        21258    .text               c_w.l(rt_errno_addr_intlibspace.o)
    0x080383c0   0x080383c0   0x00000008   Code   RO        21264    .text               c_w.l(libspace.o)
    0x080383c8   0x080383c8   0x0000004a   Code   RO        21268    .text               c_w.l(sys_stackheap_outer.o)
    0x08038412   0x08038412   0x00000012   Code   RO        21272    .text               c_w.l(exit.o)
    0x08038424   0x08038424   0x0000007a   Code   RO        21198    i.__hardfp_sqrt     m_wm.l(sqrt.o)
    0x0803849e   0x0803849e   0x00000018   Code   RO        21225    x$fpl$dcmpinf       fz_wm.l(dcmpi.o)
    0x080384b6   0x080384b6   0x00000002   PAD
    0x080384b8   0x080384b8   0x0000005a   Code   RO        21182    x$fpl$dfixu         fz_wm.l(dfixu.o)
    0x08038512   0x08038512   0x00000026   Code   RO        21186    x$fpl$dfltu         fz_wm.l(dflt_clz.o)
    0x08038538   0x08038538   0x00000078   Code   RO        21192    x$fpl$dleqf         fz_wm.l(dleqf.o)
    0x080385b0   0x080385b0   0x0000009c   Code   RO        21227    x$fpl$dnaninf       fz_wm.l(dnaninf.o)
    0x0803864c   0x0803864c   0x0000000c   Code   RO        21229    x$fpl$dretinf       fz_wm.l(dretinf.o)
    0x08038658   0x08038658   0x0000006c   Code   RO        21194    x$fpl$drleqf        fz_wm.l(drleqf.o)
    0x080386c4   0x080386c4   0x00000198   Code   RO        21231    x$fpl$dsqrt         fz_wm.l(dsqrt_umaal.o)
    0x0803885c   0x0803885c   0x00000056   Code   RO        21196    x$fpl$f2d           fz_wm.l(f2d.o)
    0x080388b2   0x080388b2   0x0000008c   Code   RO        21233    x$fpl$fnaninf       fz_wm.l(fnaninf.o)
    0x0803893e   0x0803893e   0x0000000a   Code   RO        21352    x$fpl$fpinit        fz_wm.l(fpinit.o)
    0x08038948   0x08038948   0x00000000   Code   RO        21235    x$fpl$usenofp       fz_wm.l(usenofp.o)
    0x08038948   0x08038948   0x000019e4   Data   RO            4    .constdata          main.o
    0x0803a32c   0x0803a32c   0x00002256   Data   RO          686    .constdata          lcd.o
    0x0803c582   0x0803c582   0x00000002   PAD
    0x0803c584   0x0803c584   0x0000001c   Data   RO         2293    .constdata          lv_obj.o
    0x0803c5a0   0x0803c5a0   0x00000008   Data   RO         2558    .constdata          lv_obj_pos.o
    0x0803c5a8   0x0803c5a8   0x0000011e   Data   RO         4846    .constdata          lv_draw_sw_letter.o
    0x0803c6c6   0x0803c6c6   0x00000021   Data   RO         4944    .constdata          lv_draw_sw_line.o
    0x0803c6e7   0x0803c6e7   0x00000001   PAD
    0x0803c6e8   0x0803c6e8   0x00000008   Data   RO         5039    .constdata          lv_draw_sw_polygon.o
    0x0803c6f0   0x0803c6f0   0x00000016   Data   RO        10435    .constdata          lv_theme_default.o
    0x0803c706   0x0803c706   0x00000002   PAD
    0x0803c708   0x0803c708   0x0000001c   Data   RO        11636    .constdata          lv_calendar.o
    0x0803c724   0x0803c724   0x0000001c   Data   RO        12035    .constdata          lv_calendar_header_arrow.o
    0x0803c740   0x0803c740   0x0000001c   Data   RO        12218    .constdata          lv_calendar_header_dropdown.o
    0x0803c75c   0x0803c75c   0x0000001c   Data   RO        12334    .constdata          lv_chart.o
    0x0803c778   0x0803c778   0x0000001c   Data   RO        12731    .constdata          lv_colorwheel.o
    0x0803c794   0x0803c794   0x00000392   Data   RO        13526    .constdata          lv_keyboard.o
    0x0803cb26   0x0803cb26   0x00000002   PAD
    0x0803cb28   0x0803cb28   0x0000001c   Data   RO        13701    .constdata          lv_led.o
    0x0803cb44   0x0803cb44   0x00000054   Data   RO        14098    .constdata          lv_list.o
    0x0803cb98   0x0803cb98   0x000000fc   Data   RO        14281    .constdata          lv_menu.o
    0x0803cc94   0x0803cc94   0x0000001c   Data   RO        14458    .constdata          lv_meter.o
    0x0803ccb0   0x0803ccb0   0x00000054   Data   RO        14855    .constdata          lv_msgbox.o
    0x0803cd04   0x0803cd04   0x0000001c   Data   RO        15650    .constdata          lv_spinbox.o
    0x0803cd20   0x0803cd20   0x0000001c   Data   RO        16047    .constdata          lv_spinner.o
    0x0803cd3c   0x0803cd3c   0x0000001c   Data   RO        16445    .constdata          lv_tabview.o
    0x0803cd58   0x0803cd58   0x00000038   Data   RO        16843    .constdata          lv_tileview.o
    0x0803cd90   0x0803cd90   0x0000001c   Data   RO        17005    .constdata          lv_win.o
    0x0803cdac   0x0803cdac   0x00003544   Data   RO        18320    .constdata          lv_font_montserrat_14.o
    0x080402f0   0x080402f0   0x0000017c   Data   RO        19413    .constdata          lv_color.o
    0x0804046c   0x0804046c   0x000000b6   Data   RO        19527    .constdata          lv_math.o
    0x08040522   0x08040522   0x00000002   PAD
    0x08040524   0x08040524   0x0000001c   Data   RO        19771    .constdata          lv_arc.o
    0x08040540   0x08040540   0x0000001c   Data   RO        19935    .constdata          lv_bar.o
    0x0804055c   0x0804055c   0x0000001c   Data   RO        20040    .constdata          lv_btn.o
    0x08040578   0x08040578   0x0000001c   Data   RO        20064    .constdata          lv_btnmatrix.o
    0x08040594   0x08040594   0x0000001c   Data   RO        20251    .constdata          lv_checkbox.o
    0x080405b0   0x080405b0   0x00000038   Data   RO        20345    .constdata          lv_dropdown.o
    0x080405e8   0x080405e8   0x0000001c   Data   RO        20443    .constdata          lv_img.o
    0x08040604   0x08040604   0x0000001c   Data   RO        20537    .constdata          lv_label.o
    0x08040620   0x08040620   0x0000001c   Data   RO        20637    .constdata          lv_line.o
    0x0804063c   0x0804063c   0x00000038   Data   RO        20662    .constdata          lv_roller.o
    0x08040674   0x08040674   0x0000001c   Data   RO        20744    .constdata          lv_slider.o
    0x08040690   0x08040690   0x0000001c   Data   RO        20860    .constdata          lv_switch.o
    0x080406ac   0x080406ac   0x0000001c   Data   RO        20964    .constdata          lv_table.o
    0x080406c8   0x080406c8   0x0000001c   Data   RO        21047    .constdata          lv_textarea.o
    0x080406e4   0x080406e4   0x0000001b   Data   RO        11637    .conststring        lv_calendar.o
    0x080406ff   0x080406ff   0x00000001   PAD
    0x08040700   0x08040700   0x00000069   Data   RO        12036    .conststring        lv_calendar_header_arrow.o
    0x08040769   0x08040769   0x00000003   PAD
    0x0804076c   0x0804076c   0x0000028c   Data   RO        12219    .conststring        lv_calendar_header_dropdown.o
    0x080409f8   0x080409f8   0x0000018d   Data   RO        13527    .conststring        lv_keyboard.o
    0x08040b85   0x08040b85   0x00000003   PAD
    0x08040b88   0x08040b88   0x00000025   Data   RO        20065    .conststring        lv_btnmatrix.o
    0x08040bad   0x08040bad   0x00000003   PAD
    0x08040bb0   0x08040bb0   0x00000020   Data   RO        21401    Region$$Table       anon$$obj.o


    Execution Region RW_IRAM1 (Exec base: 0x20000000, Load base: 0x08040bd0, Size: 0x0000f6e8, Max: 0x00020000, ABSOLUTE, COMPRESSED[0x000000d8])

    Exec Addr    Load Addr    Size         Type   Attr      Idx    E Section Name        Object

    0x20000000   COMPRESSED   0x00000010   Data   RW            5    .data               main.o
    0x20000010   COMPRESSED   0x00000014   Data   RW          620    .data               system_stm32f4xx.o
    0x20000024   COMPRESSED   0x00000032   Data   RW          996    .data               touch.o
    0x20000056   COMPRESSED   0x00000004   Data   RW         1053    .data               delay_1.o
    0x2000005a   COMPRESSED   0x00000002   PAD
    0x2000005c   COMPRESSED   0x00000006   Data   RW         1094    .data               usart.o
    0x20000062   COMPRESSED   0x00000010   Data   RW         1171    .data               stm32f4xx_rcc.o
    0x20000072   COMPRESSED   0x00000002   PAD
    0x20000074   COMPRESSED   0x00000008   Data   RW         1661    .data               lv_port_indev_template.o
    0x2000007c   COMPRESSED   0x00000008   Data   RW         1849    .data               lv_event.o
    0x20000084   COMPRESSED   0x00000004   Data   RW         1991    .data               lv_group.o
    0x20000088   COMPRESSED   0x00000009   Data   RW         2146    .data               lv_indev.o
    0x20000091   COMPRESSED   0x00000003   PAD
    0x20000094   COMPRESSED   0x00000008   Data   RW         2294    .data               lv_obj.o
    0x2000009c   COMPRESSED   0x00000005   Data   RW         2559    .data               lv_obj_pos.o
    0x200000a1   COMPRESSED   0x00000001   Data   RW         2762    .data               lv_obj_style.o
    0x200000a2   COMPRESSED   0x00000002   PAD
    0x200000a4   COMPRESSED   0x00000008   Data   RW         2994    .data               lv_refr.o
    0x200000ac   COMPRESSED   0x00000009   Data   RW         4703    .data               lv_draw_sw_gradient.o
    0x200000b5   COMPRESSED   0x00000003   PAD
    0x200000b8   COMPRESSED   0x00000008   Data   RW         4847    .data               lv_draw_sw_letter.o
    0x200000c0   COMPRESSED   0x0000000e   Data   RW         5204    .data               lv_flex.o
    0x200000ce   COMPRESSED   0x00000002   PAD
    0x200000d0   COMPRESSED   0x00000018   Data   RW         5372    .data               lv_grid.o
    0x200000e8   COMPRESSED   0x00000020   Data   RW        10436    .data               lv_theme_default.o
    0x20000108   COMPRESSED   0x0000001c   Data   RW        11638    .data               lv_calendar.o
    0x20000124   COMPRESSED   0x00000030   Data   RW        12037    .data               lv_calendar_header_arrow.o
    0x20000154   COMPRESSED   0x00000008   Data   RW        12220    .data               lv_calendar_header_dropdown.o
    0x2000015c   COMPRESSED   0x00000007   Data   RW        12732    .data               lv_colorwheel.o
    0x20000163   COMPRESSED   0x00000001   PAD
    0x20000164   COMPRESSED   0x00000048   Data   RW        13528    .data               lv_keyboard.o
    0x200001ac   COMPRESSED   0x00000008   Data   RW        16048    .data               lv_spinner.o
    0x200001b4   COMPRESSED   0x00000004   Data   RW        16446    .data               lv_tabview.o
    0x200001b8   COMPRESSED   0x0000000c   Data   RW        16844    .data               lv_tileview.o
    0x200001c4   COMPRESSED   0x00000002   Data   RW        17006    .data               lv_win.o
    0x200001c6   COMPRESSED   0x00000002   PAD
    0x200001c8   COMPRESSED   0x00000008   Data   RW        18321    .data               lv_font_montserrat_14.o
    0x200001d0   COMPRESSED   0x0000000d   Data   RW        18900    .data               lv_hal_disp.o
    0x200001dd   COMPRESSED   0x00000003   PAD
    0x200001e0   COMPRESSED   0x00000005   Data   RW        19241    .data               lv_hal_tick.o
    0x200001e5   COMPRESSED   0x00000003   PAD
    0x200001e8   COMPRESSED   0x0000000c   Data   RW        19261    .data               lv_anim.o
    0x200001f4   COMPRESSED   0x00000014   Data   RW        19470    .data               lv_gc.o
    0x20000208   COMPRESSED   0x00000004   Data   RW        19528    .data               lv_math.o
    0x2000020c   COMPRESSED   0x00000008   Data   RW        19543    .data               lv_mem.o
    0x20000214   COMPRESSED   0x00000002   Data   RW        19572    .data               lv_style.o
    0x20000216   COMPRESSED   0x00000002   PAD
    0x20000218   COMPRESSED   0x00000014   Data   RW        19630    .data               lv_timer.o
    0x2000022c   COMPRESSED   0x00000020   Data   RW        19656    .data               lv_txt.o
    0x2000024c   COMPRESSED   0x0000001c   Data   RW        20066    .data               lv_btnmatrix.o
    0x20000268   COMPRESSED   0x00000004   Data   RW        21048    .data               lv_textarea.o
    0x2000026c        -       0x000000c8   Zero   RW         1093    .bss                usart.o
    0x20000334        -       0x000025e8   Zero   RW         1253    .bss                lv_port_disp_template.o
    0x2000291c        -       0x00000020   Zero   RW         1660    .bss                lv_port_indev_template.o
    0x2000293c        -       0x00000100   Zero   RW         4845    .bss                lv_draw_sw_letter.o
    0x20002a3c        -       0x0000004c   Zero   RW        10434    .bss                lv_theme_default.o
    0x20002a88        -       0x000001fc   Zero   RW        19469    .bss                lv_gc.o
    0x20002c84        -       0x0000c000   Zero   RW        19542    .bss                lv_mem.o
    0x2000ec84        -       0x00000060   Zero   RW        21265    .bss                c_w.l(libspace.o)
    0x2000ece4   COMPRESSED   0x00000004   PAD
    0x2000ece8        -       0x00000200   Zero   RW         1122    HEAP                startup_stm32f40_41xxx.o
    0x2000eee8        -       0x00000800   Zero   RW         1121    STACK               startup_stm32f40_41xxx.o


==============================================================================

Image component sizes


      Code (inc. data)   RO Data    RW Data    ZI Data      Debug   Object Name

       260          8          0          4          0       1485   delay_1.o
      2260         24       8790          0          0      15957   lcd.o
       804         12          0          0          0       2078   lcd_init.o
      1586         26          0         12          0      29247   lv_anim.o
      3998         10         28          0          0      69764   lv_arc.o
      2268         22          0          0          0       9635   lv_area.o
        88          4          0          0          0       1836   lv_async.o
      2796         30         28          0          0      57929   lv_bar.o
         0          0          0          0          0       5227   lv_bidi.o
        60          6         28          0          0       1519   lv_btn.o
      5324         24         65         28          0      52235   lv_btnmatrix.o
      1564         28         55         28          0      58576   lv_calendar.o
       544         32        133         48          0      50157   lv_calendar_header_arrow.o
       408         26        680          8          0      36376   lv_calendar_header_dropdown.o
     10654         32         28          0          0      90216   lv_chart.o
      1378         16         28          0          0      47766   lv_checkbox.o
      1224         24        380          0          0      11208   lv_color.o
      3672         28         28          7          0      75579   lv_colorwheel.o
      1572         32          0          0          0      53733   lv_disp.o
         2          0          0          0          0      17222   lv_draw.o
      1234          0          0          0          0      21548   lv_draw_arc.o
      1160         40          0          0          0      30207   lv_draw_img.o
      2172         22          0          0          0      29786   lv_draw_label.o
       134          0          0          0          0      30208   lv_draw_line.o
      7600         38          0          0          0      25949   lv_draw_mask.o
       272          6          0          0          0      24661   lv_draw_rect.o
       108         32          0          0          0      37702   lv_draw_sw.o
      3482          0          0          0          0      37200   lv_draw_sw_arc.o
      3888         32          0          0          0      52629   lv_draw_sw_blend.o
      1348         30          0          9          0      18166   lv_draw_sw_gradient.o
      1466          0          0          0          0      26497   lv_draw_sw_img.o
      1202         28        286          8        256      24897   lv_draw_sw_letter.o
      2552          4         33          0          0      26474   lv_draw_sw_line.o
       916          6          8          0          0      22225   lv_draw_sw_polygon.o
      8250          0          0          0          0      37200   lv_draw_sw_rect.o
      4900         62         56          0          0      55662   lv_dropdown.o
      1956         38          0          8          0      52529   lv_event.o
        12          0          0          0          0        540   lv_extra.o
      3848         86          0         14          0      70931   lv_flex.o
       178          0          0          0          0       6445   lv_font.o
         0          0          0          0          0       4580   lv_font_dejavu_16_persian_hebrew.o
       984         12          0          0          0       7249   lv_font_fmt_txt.o
         0          0      13636          8          0       2532   lv_font_montserrat_14.o
      1640         14          0          0          0       9771   lv_fs.o
       208         68          0         20        508       2134   lv_gc.o
      3924        110          0         24          0      77559   lv_grid.o
      1706         24          0          4          0      53064   lv_group.o
      2672         86          0         13          0      57831   lv_hal_disp.o
       460         10          0          0          0      45905   lv_hal_indev.o
        76         10          0          5          0       1688   lv_hal_tick.o
      4062          8         28          0          0      54900   lv_img.o
      4458         38          0          0          0      23157   lv_img_buf.o
       100          6          0          0          0       6415   lv_img_cache.o
      2684         32          0          0          0      20869   lv_img_decoder.o
      4684         46          0          9          0      26020   lv_indev.o
      3406          8          0          0          0      49569   lv_indev_scroll.o
      1072         66       1311         72          0      55480   lv_keyboard.o
      5686         74         28          0          0      63979   lv_label.o
      1024          8         28          0          0      54437   lv_led.o
       644          4         28          0          0      12758   lv_line.o
         0          0         84          0          0      47891   lv_list.o
       834          0          0          0          0       5795   lv_ll.o
       580         10        182          4          0       3621   lv_math.o
      1706         24          0          8      49152       6747   lv_mem.o
      2404         68        252          0          0      58858   lv_menu.o
      4268         22         28          0          0      77477   lv_meter.o
         0          0         84          0          0      51241   lv_msgbox.o
      4536         40         28          8          0      60370   lv_obj.o
       548          0          0          0          0       3040   lv_obj_class.o
      2478          0          0          0          0      63876   lv_obj_draw.o
      6912         66          8          5          0      62997   lv_obj_pos.o
      5528         46          0          0          0      60736   lv_obj_scroll.o
      4724         50          0          1          0      61614   lv_obj_style.o
      2450          0          0          0          0      43468   lv_obj_style_gen.o
      1650          8          0          0          0      36353   lv_obj_tree.o
       120         18          0          0       9704      48046   lv_port_disp_template.o
       164         24          0          8         32       2086   lv_port_indev_template.o
      2408         10          0          0          0       8187   lv_printf.o
      3908         26          0          8          0      43702   lv_refr.o
      3472         84         56          0          0      50504   lv_roller.o
      3060          4         28          0          0      52196   lv_slider.o
      1712         18         28          0          0      59299   lv_spinbox.o
       244         24         28          8          0      52837   lv_spinner.o
      1248         12          0          2          0      20569   lv_style.o
      2046          0          0          0          0      34529   lv_style_gen.o
      1138         12         28          0          0      47480   lv_switch.o
      4952         18         28          0          0      53902   lv_table.o
      1388         38         28          4          0      65649   lv_tabview.o
      5876        108         28          4          0      66962   lv_textarea.o
       256          8          0          0          0      51240   lv_theme.o
     12884        516         22         32         76      62830   lv_theme_default.o
       676         26         56         12          0      51755   lv_tileview.o
       672         40          0         20          0       5381   lv_timer.o
      3490         10          0          0          0      19682   lv_tlsf.o
      2268         34          0         32          0      14427   lv_txt.o
        84          0          0          0          0        972   lv_utils.o
       320          8         28          2          0      52394   lv_win.o
       156         28       6628         16          0     335030   main.o
       224         20          0          0          0       1821   misc.o
        64         26        392          0       2560        832   startup_stm32f40_41xxx.o
       660         44          0          0          0       4161   stm32f4xx_gpio.o
        26          0          0          0          0       1226   stm32f4xx_it.o
      1628         52          0         16          0      13040   stm32f4xx_rcc.o
      3234         60          0          0          0      23020   stm32f4xx_tim.o
      1108         34          0          0          0       7888   stm32f4xx_usart.o
       528         46          0         20          0       1783   system_stm32f4xx.o
       136          4          0          0          0        726   timer.o
      3060        270          0         50          0       5937   touch.o
       328         16          0          6        200       3306   usart.o

    ----------------------------------------------------------------------
    228836       3404      33808        620      62488    3856581   Object Totals
         0          0         32          0          0          0   (incl. Generated)
        50          0         19         25          0          0   (incl. Padding)

    ----------------------------------------------------------------------

      Code (inc. data)   RO Data    RW Data    ZI Data      Debug   Library Member Name

        90          0          0          0          0          0   __dczerorl2.o
         8          0          0          0          0         68   __main.o
         0          0          0          0          0          0   __rtentry.o
        12          0          0          0          0          0   __rtentry2.o
         6          0          0          0          0          0   __rtentry4.o
        52          8          0          0          0          0   __scatter.o
        28          0          0          0          0          0   __scatter_zi.o
        22          0          0          0          0        100   _rserrno.o
        18          0          0          0          0         80   exit.o
         6          0          0          0          0        152   heapauxi.o
         2          0          0          0          0          0   libinit.o
         6          0          0          0          0          0   libinit2.o
         2          0          0          0          0          0   libshutdown.o
         2          0          0          0          0          0   libshutdown2.o
         8          4          0          0         96         68   libspace.o
       238          0          0          0          0        100   lludivv7m.o
         8          4          0          0          0         68   rt_errno_addr_intlibspace.o
        78          0          0          0          0         80   rt_memclr_w.o
       138          0          0          0          0         68   rt_memcpy_v6.o
       100          0          0          0          0         80   rt_memcpy_w.o
         2          0          0          0          0          0   rtexit.o
        10          0          0          0          0          0   rtexit2.o
        24          0          0          0          0         68   strcat.o
       128          0          0          0          0         68   strcmpv7m.o
        72          0          0          0          0         80   strcpy.o
        62          0          0          0          0         76   strlen.o
        74          0          0          0          0         80   sys_stackheap_outer.o
         2          0          0          0          0         68   use_no_semi.o
         2          0          0          0          0         68   use_no_semi_2.o
        24          0          0          0          0        116   dcmpi.o
        90          4          0          0          0        140   dfixu.o
        38          0          0          0          0        116   dflt_clz.o
       120          4          0          0          0        140   dleqf.o
       156          4          0          0          0        140   dnaninf.o
        12          0          0          0          0        116   dretinf.o
       108          0          0          0          0        128   drleqf.o
       408         56          0          0          0        168   dsqrt_umaal.o
        86          4          0          0          0        132   f2d.o
       140          4          0          0          0        132   fnaninf.o
        10          0          0          0          0        116   fpinit.o
         0          0          0          0          0          0   usenofp.o
       122          0          0          0          0        148   sqrt.o

    ----------------------------------------------------------------------
      2524         92          0          0        100       2964   Library Totals
        10          0          0          0          4          0   (incl. Padding)

    ----------------------------------------------------------------------

      Code (inc. data)   RO Data    RW Data    ZI Data      Debug   Library Name

      1200         16          0          0         96       1372   c_w.l
      1192         76          0          0          0       1444   fz_wm.l
       122          0          0          0          0        148   m_wm.l

    ----------------------------------------------------------------------
      2524         92          0          0        100       2964   Library Totals

    ----------------------------------------------------------------------

==============================================================================


      Code (inc. data)   RO Data    RW Data    ZI Data      Debug   

    231360       3496      33808        620      62588    3837669   Grand Totals
    231360       3496      33808        216      62588    3837669   ELF Image Totals (compressed)
    231360       3496      33808        216          0          0   ROM Totals

==============================================================================

    Total RO  Size (Code + RO Data)               265168 ( 258.95kB)
    Total RW  Size (RW Data + ZI Data)             63208 (  61.73kB)
    Total ROM Size (Code + RO Data + RW Data)     265384 ( 259.16kB)

==============================================================================

